Archive member included because of file (symbol)

/home/fabrilov/sloeber//arduinoPlugin/packages/arduino/hardware/sam/1.6.10/variants/arduino_due_x/libsam_sam3x8e_gcc_rel.a(startup_sam3xa.o)
                              (Reset_Handler)
/home/fabrilov/sloeber//arduinoPlugin/packages/arduino/hardware/sam/1.6.10/variants/arduino_due_x/libsam_sam3x8e_gcc_rel.a(uotghs.o)
                              /home/fabrilov/sloeber//arduinoPlugin/packages/arduino/hardware/sam/1.6.10/variants/arduino_due_x/libsam_sam3x8e_gcc_rel.a(startup_sam3xa.o) (UOTGHS_Handler)
/home/fabrilov/sloeber-workspace/simulebox/Release/arduino.ar(variant.cpp.o)
                              /home/fabrilov/sloeber//arduinoPlugin/packages/arduino/hardware/sam/1.6.10/variants/arduino_due_x/libsam_sam3x8e_gcc_rel.a(startup_sam3xa.o) (UART_Handler)
/home/fabrilov/sloeber-workspace/simulebox/Release/arduino.ar(CDC.cpp.o)
                              ./sloeber.ino.cpp.o (Serial_::begin(unsigned long))
/home/fabrilov/sloeber-workspace/simulebox/Release/arduino.ar(USBCore.cpp.o)
                              /home/fabrilov/sloeber-workspace/simulebox/Release/arduino.ar(CDC.cpp.o) (USBD_Available(unsigned long))
/home/fabrilov/sloeber-workspace/simulebox/Release/arduino.ar(Print.cpp.o)
                              ./NewBridge.cpp.o (Print::write(unsigned char const*, unsigned int))
/home/fabrilov/sloeber-workspace/simulebox/Release/arduino.ar(Reset.cpp.o)
                              /home/fabrilov/sloeber-workspace/simulebox/Release/arduino.ar(CDC.cpp.o) (initiateReset)
/home/fabrilov/sloeber-workspace/simulebox/Release/arduino.ar(RingBuffer.cpp.o)
                              /home/fabrilov/sloeber-workspace/simulebox/Release/arduino.ar(variant.cpp.o) (RingBuffer::RingBuffer())
/home/fabrilov/sloeber-workspace/simulebox/Release/arduino.ar(Stream.cpp.o)
                              ./PWMCOM_SimulEbox.cpp.o (Stream::readString())
/home/fabrilov/sloeber-workspace/simulebox/Release/arduino.ar(UARTClass.cpp.o)
                              /home/fabrilov/sloeber-workspace/simulebox/Release/arduino.ar(variant.cpp.o) (UARTClass::available())
/home/fabrilov/sloeber-workspace/simulebox/Release/arduino.ar(USARTClass.cpp.o)
                              /home/fabrilov/sloeber-workspace/simulebox/Release/arduino.ar(variant.cpp.o) (USARTClass::USARTClass(Usart*, IRQn, unsigned long, RingBuffer*, RingBuffer*))
/home/fabrilov/sloeber-workspace/simulebox/Release/arduino.ar(WInterrupts.c.o)
                              /home/fabrilov/sloeber//arduinoPlugin/packages/arduino/hardware/sam/1.6.10/variants/arduino_due_x/libsam_sam3x8e_gcc_rel.a(startup_sam3xa.o) (PIOA_Handler)
/home/fabrilov/sloeber-workspace/simulebox/Release/arduino.ar(WMath.cpp.o)
                              ./PWMCOM_SimulEbox.cpp.o (randomSeed(unsigned long))
/home/fabrilov/sloeber-workspace/simulebox/Release/arduino.ar(WString.cpp.o)
                              ./Crono.cpp.o (String::String(String&&))
/home/fabrilov/sloeber-workspace/simulebox/Release/arduino.ar(abi.cpp.o)
                              ./NewBridge.cpp.o (__cxa_pure_virtual)
/home/fabrilov/sloeber-workspace/simulebox/Release/arduino.ar(cortex_handlers.c.o)
                              /home/fabrilov/sloeber//arduinoPlugin/packages/arduino/hardware/sam/1.6.10/variants/arduino_due_x/libsam_sam3x8e_gcc_rel.a(startup_sam3xa.o) (NMI_Handler)
/home/fabrilov/sloeber-workspace/simulebox/Release/arduino.ar(hooks.c.o)
                              /home/fabrilov/sloeber-workspace/simulebox/Release/arduino.ar(cortex_handlers.c.o) (sysTickHook)
/home/fabrilov/sloeber-workspace/simulebox/Release/arduino.ar(itoa.c.o)
                              /home/fabrilov/sloeber-workspace/simulebox/Release/arduino.ar(WString.cpp.o) (ltoa)
/home/fabrilov/sloeber-workspace/simulebox/Release/arduino.ar(main.cpp.o)
                              /home/fabrilov/sloeber/arduinoPlugin/packages/arduino/tools/arm-none-eabi-gcc/4.8.3-2014q1/bin/../lib/gcc/arm-none-eabi/4.8.3/../../../../arm-none-eabi/lib/armv7-m/crt0.o (main)
/home/fabrilov/sloeber-workspace/simulebox/Release/arduino.ar(new.cpp.o)
                              ./NewBridge.cpp.o (operator new(unsigned int))
/home/fabrilov/sloeber-workspace/simulebox/Release/arduino.ar(syscalls_sam3.c.o)
                              (_sbrk)
/home/fabrilov/sloeber-workspace/simulebox/Release/arduino.ar(watchdog.cpp.o)
                              ./sloeber.ino.cpp.o (watchdogEnable(unsigned long))
/home/fabrilov/sloeber-workspace/simulebox/Release/arduino.ar(wiring.c.o)
                              ./Crono.cpp.o (millis)
/home/fabrilov/sloeber-workspace/simulebox/Release/arduino.ar(wiring_analog.c.o)
                              ./PWMCOM_SimulEbox.cpp.o (analogRead)
/home/fabrilov/sloeber-workspace/simulebox/Release/arduino.ar(wiring_digital.c.o)
                              ./ModbusMaster.cpp.o (pinMode)
/home/fabrilov/sloeber-workspace/simulebox/Release/arduino.ar(dtostrf.c.o)
[...]
Memory Configuration

Name             Origin             Length             Attributes
rom              0x0000000000080000 0x0000000000080000 xr
sram0            0x0000000020000000 0x0000000000010000 xrw
sram1            0x0000000020080000 0x0000000000008000 xrw
ram              0x0000000020070000 0x0000000000018000 xrw
*default*        0x0000000000000000 0xffffffffffffffff

Linker script and memory map

LOAD /home/fabrilov/sloeber/arduinoPlugin/packages/arduino/tools/arm-none-eabi-gcc/4.8.3-2014q1/bin/../lib/gcc/arm-none-eabi/4.8.3/armv7-m/crti.o
LOAD /home/fabrilov/sloeber/arduinoPlugin/packages/arduino/tools/arm-none-eabi-gcc/4.8.3-2014q1/bin/../lib/gcc/arm-none-eabi/4.8.3/armv7-m/crtbegin.o
LOAD /home/fabrilov/sloeber/arduinoPlugin/packages/arduino/tools/arm-none-eabi-gcc/4.8.3-2014q1/bin/../lib/gcc/arm-none-eabi/4.8.3/../../../../arm-none-eabi/lib/armv7-m/crt0.o
START GROUP
LOAD ./Crono.cpp.o
LOAD ./Dum.cpp.o
LOAD ./EA_12845.cpp.o
LOAD ./ModbusMaster.cpp.o
LOAD ./NewBridge.cpp.o
LOAD ./PWMCOM_SimulEbox.cpp.o
LOAD ./Parametri.cpp.o
LOAD ./PseudoTimer.cpp.o
LOAD ./Scheduler.cpp.o
LOAD ./Time.cpp.o
LOAD ./c_12845.cpp.o
LOAD ./cea_12845.cpp.o
LOAD ./evo.cpp.o
LOAD ./sloeber.ino.cpp.o
LOAD /home/fabrilov/sloeber//arduinoPlugin/packages/arduino/hardware/sam/1.6.10/variants/arduino_due_x/libsam_sam3x8e_gcc_rel.a
LOAD /home/fabrilov/sloeber-workspace/simulebox/Release/arduino.ar
END GROUP
LOAD /home/fabrilov/sloeber/arduinoPlugin/packages/arduino/tools/arm-none-eabi-gcc/4.8.3-2014q1/bin/../lib/gcc/arm-none-eabi/4.8.3/../../../../arm-none-eabi/lib/armv7-m/libm.a
START GROUP
LOAD /home/fabrilov/sloeber/arduinoPlugin/packages/arduino/tools/arm-none-eabi-gcc/4.8.3-2014q1/bin/../lib/gcc/arm-none-eabi/4.8.3/armv7-m/libgcc.a
LOAD /home/fabrilov/sloeber/arduinoPlugin/packages/arduino/tools/arm-none-eabi-gcc/4.8.3-2014q1/bin/../lib/gcc/arm-none-eabi/4.8.3/../../../../arm-none-eabi/lib/armv7-m/libg.a
LOAD /home/fabrilov/sloeber/arduinoPlugin/packages/arduino/tools/arm-none-eabi-gcc/4.8.3-2014q1/bin/../lib/gcc/arm-none-eabi/4.8.3/../../../../arm-none-eabi/lib/armv7-m/libc.a
END GROUP
LOAD /home/fabrilov/sloeber/arduinoPlugin/packages/arduino/tools/arm-none-eabi-gcc/4.8.3-2014q1/bin/../lib/gcc/arm-none-eabi/4.8.3/armv7-m/crtend.o
LOAD /home/fabrilov/sloeber/arduinoPlugin/packages/arduino/tools/arm-none-eabi-gcc/4.8.3-2014q1/bin/../lib/gcc/arm-none-eabi/4.8.3/armv7-m/crtn.o

.text           0x0000000000080000     0x8f0c
                0x0000000000080000                . = ALIGN (0x4)
                0x0000000000080000                _sfixed = .
 *(.vectors .vectors.*)
 .vectors       0x0000000000080000       0xf4 /home/fabrilov/sloeber//arduinoPlugin/packages/arduino/hardware/sam/1.6.10/variants/arduino_due_x/libsam_sam3x8e_gcc_rel.a(startup_sam3xa.o)
                0x0000000000080000                exception_table
 *(.text .text.* .gnu.linkonce.t.*)
 .text          0x00000000000800f4       0x54 /home/fabrilov/sloeber/arduinoPlugin/packages/arduino/tools/arm-none-eabi-gcc/4.8.3-2014q1/bin/../lib/gcc/arm-none-eabi/4.8.3/armv7-m/crtbegin.o
 .text._ZN3Dum5beginEv
                0x0000000000080148        0x2 ./Dum.cpp.o
                0x0000000000080148                Dum::begin()
 .text._ZN3Dum13aggiornaStatoEv
                0x000000000008014a        0x2 ./Dum.cpp.o
                0x000000000008014a                Dum::aggiornaStato()
 .text._ZN3Dum14processCommandE6String
                0x000000000008014c        0x2 ./Dum.cpp.o
                0x000000000008014c                Dum::processCommand(String)
 *fill*         0x000000000008014e        0x2 
 .text._ZN3DumC2Ev
                0x0000000000080150       0x54 ./Dum.cpp.o
                0x0000000000080150                Dum::Dum()
                0x0000000000080150                Dum::Dum()
 .text._ZN3DumD2Ev
                0x00000000000801a4       0x44 ./Dum.cpp.o
                0x00000000000801a4                Dum::~Dum()
                0x00000000000801a4                Dum::~Dum()
 .text._ZN3Dum9getSerialEv
                0x00000000000801e8        0xe ./Dum.cpp.o
                0x00000000000801e8                Dum::getSerial()
 .text._ZN3Dum11setNameConfE6String
                0x00000000000801f6        0x6 ./Dum.cpp.o
                0x00000000000801f6                Dum::setNameConf(String)
 .text._ZN3Dum8dataToCSE6String
                0x00000000000801fc       0xec ./Dum.cpp.o
                0x00000000000801fc                Dum::dataToCS(String)
 .text._ZN3Dum20salvaParametroSuFileE6StringS0_S0_
                0x00000000000802e8      0x168 ./Dum.cpp.o
                0x00000000000802e8                Dum::salvaParametroSuFile(String, String, String)
 .text._ZN3Dum13setSampleRateEi
                0x0000000000080450       0x44 ./Dum.cpp.o
                0x0000000000080450                Dum::setSampleRate(int)
 .text._ZN3Dum15getValueFromKeyE6StringS0_
                0x0000000000080494       0x50 ./Dum.cpp.o
                0x0000000000080494                Dum::getValueFromKey(String, String)
 .text._ZN3Dum9setSerialE6String
                0x00000000000804e4        0x6 ./Dum.cpp.o
                0x00000000000804e4                Dum::setSerial(String)
 .text._ZN4File5writeEh
                0x00000000000804ea       0x16 ./NewBridge.cpp.o
                0x00000000000804ea                File::write(unsigned char)
 .text._ZN4File5flushEv
                0x0000000000080500        0x2 ./NewBridge.cpp.o
                0x0000000000080500                File::flush()
 .text._ZN7Process5flushEv
                0x0000000000080502        0x2 ./NewBridge.cpp.o
                0x0000000000080502                Process::flush()
 .text._Z17_crc_ccitt_updateth
                0x0000000000080504       0x18 ./NewBridge.cpp.o
                0x0000000000080504                _crc_ccitt_update(unsigned short, unsigned char)
 .text._ZN11BridgeClass9crcUpdateEh
                0x000000000008051c        0xe ./NewBridge.cpp.o
                0x000000000008051c                BridgeClass::crcUpdate(unsigned char)
 .text._ZN11BridgeClass8crcWriteEv
                0x000000000008052a       0x1c ./NewBridge.cpp.o
                0x000000000008052a                BridgeClass::crcWrite()
 .text._ZN11BridgeClass9timedReadEj
                0x0000000000080546       0x2a ./NewBridge.cpp.o
                0x0000000000080546                BridgeClass::timedRead(unsigned int)
 .text._ZN11BridgeClass7dropAllEv
                0x0000000000080570       0x1c ./NewBridge.cpp.o
                0x0000000000080570                BridgeClass::dropAll()
 .text._ZN11BridgeClass8transferEPKhtS1_tS1_tPht
                0x000000000008058c      0x1d2 ./NewBridge.cpp.o
                0x000000000008058c                BridgeClass::transfer(unsigned char const*, unsigned short, unsigned char const*, unsigned short, unsigned char const*, unsigned short, unsigned char*, unsigned short)
 .text._ZN11BridgeClass8transferEPKhtS1_tPht
                0x000000000008075e       0x22 ./NewBridge.cpp.o
                0x000000000008075e                BridgeClass::transfer(unsigned char const*, unsigned short, unsigned char const*, unsigned short, unsigned char*, unsigned short)
 .text._ZN11BridgeClass8transferEPKhtPht
                0x0000000000080780       0x18 ./NewBridge.cpp.o
                0x0000000000080780                BridgeClass::transfer(unsigned char const*, unsigned short, unsigned char*, unsigned short)
 .text._ZN11BridgeClass8transferEPKht
                0x0000000000080798       0x10 ./NewBridge.cpp.o
                0x0000000000080798                BridgeClass::transfer(unsigned char const*, unsigned short)
 .text._ZN12ConsoleClass5writeEh
                0x00000000000807a8       0x3a ./NewBridge.cpp.o
                0x00000000000807a8                ConsoleClass::write(unsigned char)
 .text._ZN12ConsoleClass5writeEPKhj
                0x00000000000807e2       0x6a ./NewBridge.cpp.o
                0x00000000000807e2                ConsoleClass::write(unsigned char const*, unsigned int)
 .text._ZN12ConsoleClass5flushEv
                0x000000000008084c       0x18 ./NewBridge.cpp.o
                0x000000000008084c                ConsoleClass::flush()
 .text._ZN7Process5writeEh
                0x0000000000080864       0x24 ./NewBridge.cpp.o
                0x0000000000080864                Process::write(unsigned char)
 .text._ZN4File5writeEPKhj
                0x0000000000080888       0x4c ./NewBridge.cpp.o
                0x0000000000080888                File::write(unsigned char const*, unsigned int)
 .text._ZN11BridgeClass5beginEv
                0x00000000000808d4       0x8c ./NewBridge.cpp.o
                0x00000000000808d4                BridgeClass::begin()
 .text._ZN12ConsoleClassC2Ev
                0x0000000000080960       0x28 ./NewBridge.cpp.o
                0x0000000000080960                ConsoleClass::ConsoleClass()
                0x0000000000080960                ConsoleClass::ConsoleClass()
 .text._ZN12ConsoleClass8noBufferEv
                0x0000000000080988       0x16 ./NewBridge.cpp.o
                0x0000000000080988                ConsoleClass::noBuffer()
 *fill*         0x000000000008099e        0x2 
 .text._ZN12ConsoleClass8doBufferEv
                0x00000000000809a0       0x2c ./NewBridge.cpp.o
                0x00000000000809a0                ConsoleClass::doBuffer()
 .text._ZN12ConsoleClass9availableEv
                0x00000000000809cc        0xc ./NewBridge.cpp.o
                0x00000000000809cc                ConsoleClass::available()
 .text._ZN12ConsoleClass4readEv
                0x00000000000809d8       0x22 ./NewBridge.cpp.o
                0x00000000000809d8                ConsoleClass::read()
 .text._ZN12ConsoleClass4peekEv
                0x00000000000809fa       0x1a ./NewBridge.cpp.o
                0x00000000000809fa                ConsoleClass::peek()
 .text._ZN12ConsoleClass3endEv
                0x0000000000080a14       0x16 ./NewBridge.cpp.o
                0x0000000000080a14                ConsoleClass::end()
 *fill*         0x0000000000080a2a        0x2 
 .text._ZN12ConsoleClassD2Ev
                0x0000000000080a2c       0x14 ./NewBridge.cpp.o
                0x0000000000080a2c                ConsoleClass::~ConsoleClass()
                0x0000000000080a2c                ConsoleClass::~ConsoleClass()
 .text._ZN4FileC2EPKchR11BridgeClass
                0x0000000000080a40       0xa4 ./NewBridge.cpp.o
                0x0000000000080a40                File::File(char const*, unsigned char, BridgeClass&)
                0x0000000000080a40                File::File(char const*, unsigned char, BridgeClass&)
 .text._ZN4File8doBufferEv
                0x0000000000080ae4       0x48 ./NewBridge.cpp.o
                0x0000000000080ae4                File::doBuffer()
 .text._ZN4File4readEv
                0x0000000000080b2c       0x22 ./NewBridge.cpp.o
                0x0000000000080b2c                File::read()
 .text._ZN4File4peekEv
                0x0000000000080b4e       0x1a ./NewBridge.cpp.o
                0x0000000000080b4e                File::peek()
 .text._ZN4File9availableEv
                0x0000000000080b68        0xc ./NewBridge.cpp.o
                0x0000000000080b68                File::available()
 .text._ZN4File5closeEv
                0x0000000000080b74       0x36 ./NewBridge.cpp.o
                0x0000000000080b74                File::close()
 *fill*         0x0000000000080baa        0x2 
 .text._ZN4FileD2Ev
                0x0000000000080bac       0x1c ./NewBridge.cpp.o
                0x0000000000080bac                File::~File()
                0x0000000000080bac                File::~File()
 .text._ZN15FileSystemClass5beginEv
                0x0000000000080bc8        0x4 ./NewBridge.cpp.o
                0x0000000000080bc8                FileSystemClass::begin()
 .text._ZN15FileSystemClass4openEPKch
                0x0000000000080bcc       0x18 ./NewBridge.cpp.o
                0x0000000000080bcc                FileSystemClass::open(char const*, unsigned char)
 .text._ZN12MailboxClass11readMessageER6Stringj
                0x0000000000080be4       0x42 ./NewBridge.cpp.o
                0x0000000000080be4                MailboxClass::readMessage(String&, unsigned int)
 .text._ZN12MailboxClass12writeMessageEPKhj
                0x0000000000080c26       0x24 ./NewBridge.cpp.o
                0x0000000000080c26                MailboxClass::writeMessage(unsigned char const*, unsigned int)
 .text._ZN12MailboxClass12writeMessageERK6String
                0x0000000000080c4a        0xa ./NewBridge.cpp.o
                0x0000000000080c4a                MailboxClass::writeMessage(String const&)
 .text._ZN12MailboxClass16messageAvailableEv
                0x0000000000080c54       0x2a ./NewBridge.cpp.o
                0x0000000000080c54                MailboxClass::messageAvailable()
 .text._ZN7Process8doBufferEv
                0x0000000000080c7e       0x32 ./NewBridge.cpp.o
                0x0000000000080c7e                Process::doBuffer()
 .text._ZN7Process9availableEv
                0x0000000000080cb0        0xc ./NewBridge.cpp.o
                0x0000000000080cb0                Process::available()
 .text._ZN7Process4readEv
                0x0000000000080cbc       0x22 ./NewBridge.cpp.o
                0x0000000000080cbc                Process::read()
 .text._ZN7Process4peekEv
                0x0000000000080cde       0x1a ./NewBridge.cpp.o
                0x0000000000080cde                Process::peek()
 .text._ZN7Process12addParameterERK6String
                0x0000000000080cf8       0x20 ./NewBridge.cpp.o
                0x0000000000080cf8                Process::addParameter(String const&)
 .text._ZN7Process17runAsynchronouslyEv
                0x0000000000080d18       0x4e ./NewBridge.cpp.o
                0x0000000000080d18                Process::runAsynchronously()
 .text._ZN7Process7runningEv
                0x0000000000080d66       0x2e ./NewBridge.cpp.o
                0x0000000000080d66                Process::running()
 .text._ZN7Process9exitValueEv
                0x0000000000080d94       0x2e ./NewBridge.cpp.o
                0x0000000000080d94                Process::exitValue()
 .text._ZN7Process3runEv
                0x0000000000080dc2       0x22 ./NewBridge.cpp.o
                0x0000000000080dc2                Process::run()
 .text._ZN7Process5closeEv
                0x0000000000080de4       0x26 ./NewBridge.cpp.o
                0x0000000000080de4                Process::close()
 *fill*         0x0000000000080e0a        0x2 
 .text._ZN7ProcessD2Ev
                0x0000000000080e0c       0x14 ./NewBridge.cpp.o
                0x0000000000080e0c                Process::~Process()
                0x0000000000080e0c                Process::~Process()
 .text._ZN7Process5beginERK6String
                0x0000000000080e20       0x1c ./NewBridge.cpp.o
                0x0000000000080e20                Process::begin(String const&)
 .text.startup._GLOBAL__sub_I__ZN11BridgeClassC2ER6Stream
                0x0000000000080e3c       0x4c ./NewBridge.cpp.o
 .text._ZN16PWMCOM_SimulEbox5beginEv
                0x0000000000080e88      0x28c ./PWMCOM_SimulEbox.cpp.o
                0x0000000000080e88                PWMCOM_SimulEbox::begin()
 .text._ZN16PWMCOM_SimulEboxC2Ev
                0x0000000000081114      0x250 ./PWMCOM_SimulEbox.cpp.o
                0x0000000000081114                PWMCOM_SimulEbox::PWMCOM_SimulEbox()
                0x0000000000081114                PWMCOM_SimulEbox::PWMCOM_SimulEbox()
 .text._ZN16PWMCOM_SimulEboxD2Ev
                0x0000000000081364       0x44 ./PWMCOM_SimulEbox.cpp.o
                0x0000000000081364                PWMCOM_SimulEbox::~PWMCOM_SimulEbox()
                0x0000000000081364                PWMCOM_SimulEbox::~PWMCOM_SimulEbox()
 .text._ZN16PWMCOM_SimulEbox13getSampleRateEv
                0x00000000000813a8       0xb4 ./PWMCOM_SimulEbox.cpp.o
                0x00000000000813a8                PWMCOM_SimulEbox::getSampleRate()
 .text._ZN16PWMCOM_SimulEbox14processCommandE6String
                0x000000000008145c      0x2fc ./PWMCOM_SimulEbox.cpp.o
                0x000000000008145c                PWMCOM_SimulEbox::processCommand(String)
 .text._ZN16PWMCOM_SimulEbox12sendDataToCsEv
                0x0000000000081758      0x164 ./PWMCOM_SimulEbox.cpp.o
                0x0000000000081758                PWMCOM_SimulEbox::sendDataToCs()
 .text._ZN16PWMCOM_SimulEbox14processMessageE6String
                0x00000000000818bc      0x1c8 ./PWMCOM_SimulEbox.cpp.o
                0x00000000000818bc                PWMCOM_SimulEbox::processMessage(String)
 .text._ZN16PWMCOM_SimulEbox14riceviMessaggiEv
                0x0000000000081a84       0x7c ./PWMCOM_SimulEbox.cpp.o
                0x0000000000081a84                PWMCOM_SimulEbox::riceviMessaggi()
 .text._ZN16PWMCOM_SimulEbox16generazioneStatiEv
                0x0000000000081b00       0x60 ./PWMCOM_SimulEbox.cpp.o
                0x0000000000081b00                PWMCOM_SimulEbox::generazioneStati()
 .text._ZN16PWMCOM_SimulEbox9statoStopEv
                0x0000000000081b60       0x22 ./PWMCOM_SimulEbox.cpp.o
                0x0000000000081b60                PWMCOM_SimulEbox::statoStop()
 .text._ZN16PWMCOM_SimulEbox10inviaStatiEv
                0x0000000000081b82       0x98 ./PWMCOM_SimulEbox.cpp.o
                0x0000000000081b82                PWMCOM_SimulEbox::inviaStati()
 .text._ZN16PWMCOM_SimulEbox13leggiCorrentiEv
                0x0000000000081c1a       0x50 ./PWMCOM_SimulEbox.cpp.o
                0x0000000000081c1a                PWMCOM_SimulEbox::leggiCorrenti()
 *fill*         0x0000000000081c6a        0x2 
 .text._ZN16PWMCOM_SimulEbox13aggiornaStatoEv
                0x0000000000081c6c      0x330 ./PWMCOM_SimulEbox.cpp.o
                0x0000000000081c6c                PWMCOM_SimulEbox::aggiornaStato()
 .text._ZN9ParametriC2Ev
                0x0000000000081f9c        0x8 ./Parametri.cpp.o
                0x0000000000081f9c                Parametri::Parametri()
                0x0000000000081f9c                Parametri::Parametri()
 .text._ZN9ParametriD2Ev
                0x0000000000081fa4       0x18 ./Parametri.cpp.o
                0x0000000000081fa4                Parametri::~Parametri()
                0x0000000000081fa4                Parametri::~Parametri()
 .text._ZN9Parametri5beginEPK6Stringi
                0x0000000000081fbc       0x7c ./Parametri.cpp.o
                0x0000000000081fbc                Parametri::begin(String const*, int)
 .text._ZN9Parametri8setValueE6StringS0_
                0x0000000000082038       0x46 ./Parametri.cpp.o
                0x0000000000082038                Parametri::setValue(String, String)
 .text._ZN9Parametri8setValueE6Stringl
                0x000000000008207e       0x5a ./Parametri.cpp.o
                0x000000000008207e                Parametri::setValue(String, long)
 .text._ZN9Parametri8getValueE6String
                0x00000000000820d8       0x50 ./Parametri.cpp.o
                0x00000000000820d8                Parametri::getValue(String)
 .text._ZN9Parametri13getValueIJsonEi
                0x0000000000082128       0x98 ./Parametri.cpp.o
                0x0000000000082128                Parametri::getValueIJson(int)
 .text._ZN11PseudoTimerC2EmPFvvE
                0x00000000000821c0        0xa ./PseudoTimer.cpp.o
                0x00000000000821c0                PseudoTimer::PseudoTimer(unsigned long, void (*)())
                0x00000000000821c0                PseudoTimer::PseudoTimer(unsigned long, void (*)())
 .text._ZN11PseudoTimerC2Ev
                0x00000000000821ca        0x6 ./PseudoTimer.cpp.o
                0x00000000000821ca                PseudoTimer::PseudoTimer()
                0x00000000000821ca                PseudoTimer::PseudoTimer()
 .text._ZN11PseudoTimer5startEv
                0x00000000000821d0        0xc ./PseudoTimer.cpp.o
                0x00000000000821d0                PseudoTimer::start()
 .text._ZN11PseudoTimer14testAndExecuteEv
                0x00000000000821dc       0x28 ./PseudoTimer.cpp.o
                0x00000000000821dc                PseudoTimer::testAndExecute()
 .text._ZN11PseudoTimer9getPeriodEv
                0x0000000000082204        0x4 ./PseudoTimer.cpp.o
                0x0000000000082204                PseudoTimer::getPeriod()
 .text._ZN11PseudoTimer9setPeriodEm
                0x0000000000082208        0x4 ./PseudoTimer.cpp.o
                0x0000000000082208                PseudoTimer::setPeriod(unsigned long)
 .text.coopDoYield
                0x000000000008220c       0x16 ./Scheduler.cpp.o
 *fill*         0x0000000000082222        0x2 
 .text.coopInit
                0x0000000000082224       0x20 ./Scheduler.cpp.o
 .text.coopSchedule
                0x0000000000082244       0x34 ./Scheduler.cpp.o
 .text.yield    0x0000000000082278        0xc ./Scheduler.cpp.o
                0x0000000000082278                yield
 .text.startup._GLOBAL__sub_I_yield
                0x0000000000082284        0x4 ./Scheduler.cpp.o
 .text._Z12sendDataToCsv
                0x0000000000082288       0x30 ./sloeber.ino.cpp.o
                0x0000000000082288                sendDataToCs()
 .text._Z14riceviMessaggiv
                0x00000000000822b8       0x30 ./sloeber.ino.cpp.o
                0x00000000000822b8                riceviMessaggi()
 .text._Z13watchdogSetupv
                0x00000000000822e8        0x2 ./sloeber.ino.cpp.o
                0x00000000000822e8                watchdogSetup()
 *fill*         0x00000000000822ea        0x2 
 .text.loop     0x00000000000822ec       0x28 ./sloeber.ino.cpp.o
                0x00000000000822ec                loop
 .text.startup._GLOBAL__sub_I_SimulEbox
                0x0000000000082314       0x4c ./sloeber.ino.cpp.o
 .text.setup    0x0000000000082360       0x7c ./sloeber.ino.cpp.o
                0x0000000000082360                setup
 .text.Reset_Handler
                0x00000000000823dc       0x78 /home/fabrilov/sloeber//arduinoPlugin/packages/arduino/hardware/sam/1.6.10/variants/arduino_due_x/libsam_sam3x8e_gcc_rel.a(startup_sam3xa.o)
                0x00000000000823dc                Reset_Handler
 .text.UOTGHS_Handler
                0x0000000000082454       0x10 /home/fabrilov/sloeber//arduinoPlugin/packages/arduino/hardware/sam/1.6.10/variants/arduino_due_x/libsam_sam3x8e_gcc_rel.a(uotghs.o)
                0x0000000000082454                UOTGHS_Handler
 .text._Z11serialEventv
                0x0000000000082464        0x2 /home/fabrilov/sloeber-workspace/simulebox/Release/arduino.ar(variant.cpp.o)
                0x0000000000082464                serialEvent()
 *fill*         0x0000000000082466        0x2 
 .text.UART_Handler
                0x0000000000082468        0xc /home/fabrilov/sloeber-workspace/simulebox/Release/arduino.ar(variant.cpp.o)
                0x0000000000082468                UART_Handler
 .text._Z12serialEvent1v
                0x0000000000082474        0x2 /home/fabrilov/sloeber-workspace/simulebox/Release/arduino.ar(variant.cpp.o)
                0x0000000000082474                serialEvent1()
 .text._Z12serialEvent2v
                0x0000000000082476        0x2 /home/fabrilov/sloeber-workspace/simulebox/Release/arduino.ar(variant.cpp.o)
                0x0000000000082476                serialEvent2()
 .text._Z12serialEvent3v
                0x0000000000082478        0x2 /home/fabrilov/sloeber-workspace/simulebox/Release/arduino.ar(variant.cpp.o)
                0x0000000000082478                serialEvent3()
 *fill*         0x000000000008247a        0x2 
 .text.USART0_Handler
                0x000000000008247c        0xc /home/fabrilov/sloeber-workspace/simulebox/Release/arduino.ar(variant.cpp.o)
                0x000000000008247c                USART0_Handler
 .text.USART1_Handler
                0x0000000000082488        0xc /home/fabrilov/sloeber-workspace/simulebox/Release/arduino.ar(variant.cpp.o)
                0x0000000000082488                USART1_Handler
 .text.USART3_Handler
                0x0000000000082494        0xc /home/fabrilov/sloeber-workspace/simulebox/Release/arduino.ar(variant.cpp.o)
                0x0000000000082494                USART3_Handler
 .text.init     0x00000000000824a0      0x128 /home/fabrilov/sloeber-workspace/simulebox/Release/arduino.ar(variant.cpp.o)
                0x00000000000824a0                init
 .text.startup._GLOBAL__sub_I_g_APinDescription
                0x00000000000825c8       0xd4 /home/fabrilov/sloeber-workspace/simulebox/Release/arduino.ar(variant.cpp.o)
 .text._Z14serialEventRunv
                0x000000000008269c       0x44 /home/fabrilov/sloeber-workspace/simulebox/Release/arduino.ar(variant.cpp.o)
                0x000000000008269c                serialEventRun()
 .text._ZN7Serial_9availableEv
                0x00000000000826e0       0x18 /home/fabrilov/sloeber-workspace/simulebox/Release/arduino.ar(CDC.cpp.o)
                0x00000000000826e0                Serial_::available()
 .text._ZN7Serial_17availableForWriteEv
                0x00000000000826f8        0x6 /home/fabrilov/sloeber-workspace/simulebox/Release/arduino.ar(CDC.cpp.o)
                0x00000000000826f8                Serial_::availableForWrite()
 *fill*         0x00000000000826fe        0x2 
 .text._ZN7Serial_4peekEv
                0x0000000000082700       0x20 /home/fabrilov/sloeber-workspace/simulebox/Release/arduino.ar(CDC.cpp.o)
                0x0000000000082700                Serial_::peek()
 .text._ZN7Serial_5writeEh
                0x0000000000082720       0x16 /home/fabrilov/sloeber-workspace/simulebox/Release/arduino.ar(CDC.cpp.o)
                0x0000000000082720                Serial_::write(unsigned char)
 *fill*         0x0000000000082736        0x2 
 .text._ZN7Serial_4readEv
                0x0000000000082738       0x44 /home/fabrilov/sloeber-workspace/simulebox/Release/arduino.ar(CDC.cpp.o)
                0x0000000000082738                Serial_::read()
 .text._ZN7Serial_5flushEv
                0x000000000008277c        0x6 /home/fabrilov/sloeber-workspace/simulebox/Release/arduino.ar(CDC.cpp.o)
                0x000000000008277c                Serial_::flush()
 *fill*         0x0000000000082782        0x2 
 .text._ZN7Serial_6acceptEv
                0x0000000000082784       0x70 /home/fabrilov/sloeber-workspace/simulebox/Release/arduino.ar(CDC.cpp.o)
                0x0000000000082784                Serial_::accept()
 .text._ZN7Serial_5writeEPKhj
                0x00000000000827f4       0x2c /home/fabrilov/sloeber-workspace/simulebox/Release/arduino.ar(CDC.cpp.o)
                0x00000000000827f4                Serial_::write(unsigned char const*, unsigned int)
 .text._Z16CDC_GetInterfacePh
                0x0000000000082820       0x14 /home/fabrilov/sloeber-workspace/simulebox/Release/arduino.ar(CDC.cpp.o)
                0x0000000000082820                CDC_GetInterface(unsigned char*)
 .text._Z21CDC_GetOtherInterfacePh
                0x0000000000082834       0x14 /home/fabrilov/sloeber-workspace/simulebox/Release/arduino.ar(CDC.cpp.o)
                0x0000000000082834                CDC_GetOtherInterface(unsigned char*)
 .text._Z9CDC_SetupR8USBSetup
                0x0000000000082848       0x78 /home/fabrilov/sloeber-workspace/simulebox/Release/arduino.ar(CDC.cpp.o)
                0x0000000000082848                CDC_Setup(USBSetup&)
 .text._ZN7Serial_5beginEm
                0x00000000000828c0        0x2 /home/fabrilov/sloeber-workspace/simulebox/Release/arduino.ar(CDC.cpp.o)
                0x00000000000828c0                Serial_::begin(unsigned long)
 *fill*         0x00000000000828c2        0x2 
 .text.startup._GLOBAL__sub_I_cdc_rx_buffer
                0x00000000000828c4       0x1c /home/fabrilov/sloeber-workspace/simulebox/Release/arduino.ar(CDC.cpp.o)
 .text.unlikely._ZL11USB_SendZlpv
                0x00000000000828e0       0x20 /home/fabrilov/sloeber-workspace/simulebox/Release/arduino.ar(USBCore.cpp.o)
 .text._Z14USBD_Availablem
                0x0000000000082900       0x2c /home/fabrilov/sloeber-workspace/simulebox/Release/arduino.ar(USBCore.cpp.o)
                0x0000000000082900                USBD_Available(unsigned long)
 .text._Z9USBD_RecvmPvm
                0x000000000008292c       0x7c /home/fabrilov/sloeber-workspace/simulebox/Release/arduino.ar(USBCore.cpp.o)
                0x000000000008292c                USBD_Recv(unsigned long, void*, unsigned long)
 .text._Z9USBD_Recvm
                0x00000000000829a8       0x22 /home/fabrilov/sloeber-workspace/simulebox/Release/arduino.ar(USBCore.cpp.o)
                0x00000000000829a8                USBD_Recv(unsigned long)
 *fill*         0x00000000000829ca        0x2 
 .text._Z9USBD_SendmPKvm
                0x00000000000829cc       0x4c /home/fabrilov/sloeber-workspace/simulebox/Release/arduino.ar(USBCore.cpp.o)
                0x00000000000829cc                USBD_Send(unsigned long, void const*, unsigned long)
 .text._Z16USBD_SendControlhPKvm
                0x0000000000082a18       0x40 /home/fabrilov/sloeber-workspace/simulebox/Release/arduino.ar(USBCore.cpp.o)
                0x0000000000082a18                USBD_SendControl(unsigned char, void const*, unsigned long)
 .text.unlikely._ZL24USB_SendStringDescriptorPKhi
                0x0000000000082a58       0x64 /home/fabrilov/sloeber-workspace/simulebox/Release/arduino.ar(USBCore.cpp.o)
 .text._Z16USBD_RecvControlPvm
                0x0000000000082abc       0x1c /home/fabrilov/sloeber-workspace/simulebox/Release/arduino.ar(USBCore.cpp.o)
                0x0000000000082abc                USBD_RecvControl(void*, unsigned long)
 .text._Z26USBD_ClassInterfaceRequestR8USBSetup
                0x0000000000082ad8       0x1e /home/fabrilov/sloeber-workspace/simulebox/Release/arduino.ar(USBCore.cpp.o)
                0x0000000000082ad8                USBD_ClassInterfaceRequest(USBSetup&)
 .text._Z19USBD_SendInterfacesv
                0x0000000000082af6       0x22 /home/fabrilov/sloeber-workspace/simulebox/Release/arduino.ar(USBCore.cpp.o)
                0x0000000000082af6                USBD_SendInterfaces()
 .text._Z24USBD_SendOtherInterfacesv
                0x0000000000082b18       0x22 /home/fabrilov/sloeber-workspace/simulebox/Release/arduino.ar(USBCore.cpp.o)
                0x0000000000082b18                USBD_SendOtherInterfaces()
 .text._Z10USBD_Flushm
                0x0000000000082b3a       0x16 /home/fabrilov/sloeber-workspace/simulebox/Release/arduino.ar(USBCore.cpp.o)
                0x0000000000082b3a                USBD_Flush(unsigned long)
 .text._ZN10USBDevice_C2Ev
                0x0000000000082b50       0x24 /home/fabrilov/sloeber-workspace/simulebox/Release/arduino.ar(USBCore.cpp.o)
                0x0000000000082b50                USBDevice_::USBDevice_()
                0x0000000000082b50                USBDevice_::USBDevice_()
 .text._ZN10USBDevice_6attachEv
                0x0000000000082b74       0x20 /home/fabrilov/sloeber-workspace/simulebox/Release/arduino.ar(USBCore.cpp.o)
                0x0000000000082b74                USBDevice_::attach()
 .text.startup._GLOBAL__sub_I_EndPoints
                0x0000000000082b94        0xc /home/fabrilov/sloeber-workspace/simulebox/Release/arduino.ar(USBCore.cpp.o)
 .text._ZL7USB_ISRv
                0x0000000000082ba0      0x454 /home/fabrilov/sloeber-workspace/simulebox/Release/arduino.ar(USBCore.cpp.o)
 .text._ZN5Print5writeEPKhj
                0x0000000000082ff4       0x22 /home/fabrilov/sloeber-workspace/simulebox/Release/arduino.ar(Print.cpp.o)
                0x0000000000082ff4                Print::write(unsigned char const*, unsigned int)
 .text._ZN5Print5writeEPKc
                0x0000000000083016       0x1e /home/fabrilov/sloeber-workspace/simulebox/Release/arduino.ar(Print.cpp.o)
                0x0000000000083016                Print::write(char const*)
 .text._ZN5Print5printERK6String
                0x0000000000083034       0x10 /home/fabrilov/sloeber-workspace/simulebox/Release/arduino.ar(Print.cpp.o)
                0x0000000000083034                Print::print(String const&)
 .text._ZN5Print5printEPKc
                0x0000000000083044        0x8 /home/fabrilov/sloeber-workspace/simulebox/Release/arduino.ar(Print.cpp.o)
                0x0000000000083044                Print::print(char const*)
 .text._ZN5Print7printlnEv
                0x000000000008304c       0x10 /home/fabrilov/sloeber-workspace/simulebox/Release/arduino.ar(Print.cpp.o)
                0x000000000008304c                Print::println()
 .text._ZN5Print7printlnERK6String
                0x000000000008305c       0x14 /home/fabrilov/sloeber-workspace/simulebox/Release/arduino.ar(Print.cpp.o)
                0x000000000008305c                Print::println(String const&)
 .text._ZN5Print7printlnEPKc
                0x0000000000083070       0x14 /home/fabrilov/sloeber-workspace/simulebox/Release/arduino.ar(Print.cpp.o)
                0x0000000000083070                Print::println(char const*)
 .text.initiateReset
                0x0000000000083084        0xc /home/fabrilov/sloeber-workspace/simulebox/Release/arduino.ar(Reset.cpp.o)
                0x0000000000083084                initiateReset
 .text.cancelReset
                0x0000000000083090       0x10 /home/fabrilov/sloeber-workspace/simulebox/Release/arduino.ar(Reset.cpp.o)
                0x0000000000083090                cancelReset
 .text.tickReset
                0x00000000000830a0       0x20 /home/fabrilov/sloeber-workspace/simulebox/Release/arduino.ar(Reset.cpp.o)
                0x00000000000830a0                tickReset
 .text._ZN10RingBufferC2Ev
                0x00000000000830c0       0x1a /home/fabrilov/sloeber-workspace/simulebox/Release/arduino.ar(RingBuffer.cpp.o)
                0x00000000000830c0                RingBuffer::RingBuffer()
                0x00000000000830c0                RingBuffer::RingBuffer()
 .text._ZN10RingBuffer10store_charEh
                0x00000000000830da       0x1e /home/fabrilov/sloeber-workspace/simulebox/Release/arduino.ar(RingBuffer.cpp.o)
                0x00000000000830da                RingBuffer::store_char(unsigned char)
 .text._ZN6Stream9timedReadEv
                0x00000000000830f8       0x2a /home/fabrilov/sloeber-workspace/simulebox/Release/arduino.ar(Stream.cpp.o)
                0x00000000000830f8                Stream::timedRead()
 *fill*         0x0000000000083122        0x2 
 .text._ZN6Stream10readStringEv
                0x0000000000083124       0x28 /home/fabrilov/sloeber-workspace/simulebox/Release/arduino.ar(Stream.cpp.o)
                0x0000000000083124                Stream::readString()
 .text._ZN9UARTClasscvbEv
                0x000000000008314c        0x4 /home/fabrilov/sloeber-workspace/simulebox/Release/arduino.ar(UARTClass.cpp.o)
                0x000000000008314c                UARTClass::operator bool()
 .text._ZN9UARTClass9availableEv
                0x0000000000083150       0x12 /home/fabrilov/sloeber-workspace/simulebox/Release/arduino.ar(UARTClass.cpp.o)
                0x0000000000083150                UARTClass::available()
 .text._ZN9UARTClass4peekEv
                0x0000000000083162       0x1c /home/fabrilov/sloeber-workspace/simulebox/Release/arduino.ar(UARTClass.cpp.o)
                0x0000000000083162                UARTClass::peek()
 .text._ZN9UARTClass4readEv
                0x000000000008317e       0x2a /home/fabrilov/sloeber-workspace/simulebox/Release/arduino.ar(UARTClass.cpp.o)
                0x000000000008317e                UARTClass::read()
 .text._ZN9UARTClass5flushEv
                0x00000000000831a8       0x18 /home/fabrilov/sloeber-workspace/simulebox/Release/arduino.ar(UARTClass.cpp.o)
                0x00000000000831a8                UARTClass::flush()
 .text._ZN9UARTClass5writeEh
                0x00000000000831c0       0x54 /home/fabrilov/sloeber-workspace/simulebox/Release/arduino.ar(UARTClass.cpp.o)
                0x00000000000831c0                UARTClass::write(unsigned char)
 .text._ZN9UARTClass3endEv
                0x0000000000083214       0x3c /home/fabrilov/sloeber-workspace/simulebox/Release/arduino.ar(UARTClass.cpp.o)
                0x0000000000083214                UARTClass::end()
 .text._ZN9UARTClassC2EP4Uart4IRQnmP10RingBufferS4_
                0x0000000000083250       0x24 /home/fabrilov/sloeber-workspace/simulebox/Release/arduino.ar(UARTClass.cpp.o)
                0x0000000000083250                UARTClass::UARTClass(Uart*, IRQn, unsigned long, RingBuffer*, RingBuffer*)
                0x0000000000083250                UARTClass::UARTClass(Uart*, IRQn, unsigned long, RingBuffer*, RingBuffer*)
 .text._ZN9UARTClass4initEmm
                0x0000000000083274       0x70 /home/fabrilov/sloeber-workspace/simulebox/Release/arduino.ar(UARTClass.cpp.o)
                0x0000000000083274                UARTClass::init(unsigned long, unsigned long)
 .text._ZN9UARTClass5beginEm
                0x00000000000832e4        0x8 /home/fabrilov/sloeber-workspace/simulebox/Release/arduino.ar(UARTClass.cpp.o)
                0x00000000000832e4                UARTClass::begin(unsigned long)
 .text._ZN9UARTClass10IrqHandlerEv
                0x00000000000832ec       0x5a /home/fabrilov/sloeber-workspace/simulebox/Release/arduino.ar(UARTClass.cpp.o)
                0x00000000000832ec                UARTClass::IrqHandler()
 .text._ZN10USARTClass5beginEm
                0x0000000000083346        0x8 /home/fabrilov/sloeber-workspace/simulebox/Release/arduino.ar(USARTClass.cpp.o)
                0x0000000000083346                USARTClass::begin(unsigned long)
 *fill*         0x000000000008334e        0x2 
 .text._ZN10USARTClassC2EP5Usart4IRQnmP10RingBufferS4_
                0x0000000000083350       0x24 /home/fabrilov/sloeber-workspace/simulebox/Release/arduino.ar(USARTClass.cpp.o)
                0x0000000000083350                USARTClass::USARTClass(Usart*, IRQn, unsigned long, RingBuffer*, RingBuffer*)
                0x0000000000083350                USARTClass::USARTClass(Usart*, IRQn, unsigned long, RingBuffer*, RingBuffer*)
 .text.PIOA_Handler
                0x0000000000083374       0x38 /home/fabrilov/sloeber-workspace/simulebox/Release/arduino.ar(WInterrupts.c.o)
                0x0000000000083374                PIOA_Handler
 .text.PIOB_Handler
                0x00000000000833ac       0x38 /home/fabrilov/sloeber-workspace/simulebox/Release/arduino.ar(WInterrupts.c.o)
                0x00000000000833ac                PIOB_Handler
 .text.PIOC_Handler
                0x00000000000833e4       0x38 /home/fabrilov/sloeber-workspace/simulebox/Release/arduino.ar(WInterrupts.c.o)
                0x00000000000833e4                PIOC_Handler
 .text.PIOD_Handler
                0x000000000008341c       0x38 /home/fabrilov/sloeber-workspace/simulebox/Release/arduino.ar(WInterrupts.c.o)
                0x000000000008341c                PIOD_Handler
 .text._Z10randomSeedm
                0x0000000000083454        0x8 /home/fabrilov/sloeber-workspace/simulebox/Release/arduino.ar(WMath.cpp.o)
                0x0000000000083454                randomSeed(unsigned long)
 .text._Z6randoml
                0x000000000008345c       0x16 /home/fabrilov/sloeber-workspace/simulebox/Release/arduino.ar(WMath.cpp.o)
                0x000000000008345c                random(long)
 .text._ZNK6String14StringIfHelperEv
                0x0000000000083472        0x2 /home/fabrilov/sloeber-workspace/simulebox/Release/arduino.ar(WString.cpp.o)
                0x0000000000083472                String::StringIfHelper() const
 .text._ZN6StringC2EOS_
                0x0000000000083474       0x1e /home/fabrilov/sloeber-workspace/simulebox/Release/arduino.ar(WString.cpp.o)
                0x0000000000083474                String::String(String&&)
                0x0000000000083474                String::String(String&&)
 .text._ZN6StringD2Ev
                0x0000000000083492        0xe /home/fabrilov/sloeber-workspace/simulebox/Release/arduino.ar(WString.cpp.o)
                0x0000000000083492                String::~String()
                0x0000000000083492                String::~String()
 .text._ZN6String10invalidateEv
                0x00000000000834a0       0x16 /home/fabrilov/sloeber-workspace/simulebox/Release/arduino.ar(WString.cpp.o)
                0x00000000000834a0                String::invalidate()
 .text._ZN6String12changeBufferEj
                0x00000000000834b6       0x18 /home/fabrilov/sloeber-workspace/simulebox/Release/arduino.ar(WString.cpp.o)
                0x00000000000834b6                String::changeBuffer(unsigned int)
 .text._ZN6String7reserveEj
                0x00000000000834ce       0x22 /home/fabrilov/sloeber-workspace/simulebox/Release/arduino.ar(WString.cpp.o)
                0x00000000000834ce                String::reserve(unsigned int)
 .text._ZN6String4copyEPKcj
                0x00000000000834f0       0x26 /home/fabrilov/sloeber-workspace/simulebox/Release/arduino.ar(WString.cpp.o)
                0x00000000000834f0                String::copy(char const*, unsigned int)
 .text._ZN6StringC2EPKc
                0x0000000000083516       0x24 /home/fabrilov/sloeber-workspace/simulebox/Release/arduino.ar(WString.cpp.o)
                0x0000000000083516                String::String(char const*)
                0x0000000000083516                String::String(char const*)
 *fill*         0x000000000008353a        0x2 
 .text._ZN6String4moveERS_
                0x000000000008353c       0x44 /home/fabrilov/sloeber-workspace/simulebox/Release/arduino.ar(WString.cpp.o)
                0x000000000008353c                String::move(String&)
 .text._ZN6StringaSERKS_
                0x0000000000083580       0x1e /home/fabrilov/sloeber-workspace/simulebox/Release/arduino.ar(WString.cpp.o)
                0x0000000000083580                String::operator=(String const&)
 .text._ZN6StringC2ERKS_
                0x000000000008359e       0x14 /home/fabrilov/sloeber-workspace/simulebox/Release/arduino.ar(WString.cpp.o)
                0x000000000008359e                String::String(String const&)
                0x000000000008359e                String::String(String const&)
 .text._ZN6StringaSEOS_
                0x00000000000835b2       0x10 /home/fabrilov/sloeber-workspace/simulebox/Release/arduino.ar(WString.cpp.o)
                0x00000000000835b2                String::operator=(String&&)
 .text._ZN6StringaSEPKc
                0x00000000000835c2       0x22 /home/fabrilov/sloeber-workspace/simulebox/Release/arduino.ar(WString.cpp.o)
                0x00000000000835c2                String::operator=(char const*)
 .text._ZN6StringC2Ec
                0x00000000000835e4       0x20 /home/fabrilov/sloeber-workspace/simulebox/Release/arduino.ar(WString.cpp.o)
                0x00000000000835e4                String::String(char)
                0x00000000000835e4                String::String(char)
 .text._ZN6StringC2Eih
                0x0000000000083604       0x24 /home/fabrilov/sloeber-workspace/simulebox/Release/arduino.ar(WString.cpp.o)
                0x0000000000083604                String::String(int, unsigned char)
                0x0000000000083604                String::String(int, unsigned char)
 .text._ZN6StringC2Elh
                0x0000000000083628       0x24 /home/fabrilov/sloeber-workspace/simulebox/Release/arduino.ar(WString.cpp.o)
                0x0000000000083628                String::String(long, unsigned char)
                0x0000000000083628                String::String(long, unsigned char)
 .text._ZN6String6concatEPKcj
                0x000000000008364c       0x2e /home/fabrilov/sloeber-workspace/simulebox/Release/arduino.ar(WString.cpp.o)
                0x000000000008364c                String::concat(char const*, unsigned int)
 .text._ZN6String6concatERKS_
                0x000000000008367a        0xa /home/fabrilov/sloeber-workspace/simulebox/Release/arduino.ar(WString.cpp.o)
                0x000000000008367a                String::concat(String const&)
 .text._ZN6String6concatEPKc
                0x0000000000083684       0x1e /home/fabrilov/sloeber-workspace/simulebox/Release/arduino.ar(WString.cpp.o)
                0x0000000000083684                String::concat(char const*)
 .text._ZN6String6concatEc
                0x00000000000836a2       0x1a /home/fabrilov/sloeber-workspace/simulebox/Release/arduino.ar(WString.cpp.o)
                0x00000000000836a2                String::concat(char)
 .text._ZplRK15StringSumHelperRK6String
                0x00000000000836bc       0x1a /home/fabrilov/sloeber-workspace/simulebox/Release/arduino.ar(WString.cpp.o)
                0x00000000000836bc                operator+(StringSumHelper const&, String const&)
 .text._ZplRK15StringSumHelperPKc
                0x00000000000836d6       0x24 /home/fabrilov/sloeber-workspace/simulebox/Release/arduino.ar(WString.cpp.o)
                0x00000000000836d6                operator+(StringSumHelper const&, char const*)
 .text._ZplRK15StringSumHelperc
                0x00000000000836fa       0x14 /home/fabrilov/sloeber-workspace/simulebox/Release/arduino.ar(WString.cpp.o)
                0x00000000000836fa                operator+(StringSumHelper const&, char)
 .text._ZNK6String9compareToERKS_
                0x000000000008370e       0x2c /home/fabrilov/sloeber-workspace/simulebox/Release/arduino.ar(WString.cpp.o)
                0x000000000008370e                String::compareTo(String const&) const
 .text._ZNK6String6equalsERKS_
                0x000000000008373a       0x1c /home/fabrilov/sloeber-workspace/simulebox/Release/arduino.ar(WString.cpp.o)
                0x000000000008373a                String::equals(String const&) const
 .text._ZNK6String6equalsEPKc
                0x0000000000083756       0x26 /home/fabrilov/sloeber-workspace/simulebox/Release/arduino.ar(WString.cpp.o)
                0x0000000000083756                String::equals(char const*) const
 .text._ZNK6String8getBytesEPhjj
                0x000000000008377c       0x30 /home/fabrilov/sloeber-workspace/simulebox/Release/arduino.ar(WString.cpp.o)
                0x000000000008377c                String::getBytes(unsigned char*, unsigned int, unsigned int) const
 .text._ZNK6String7indexOfEcj
                0x00000000000837ac       0x1c /home/fabrilov/sloeber-workspace/simulebox/Release/arduino.ar(WString.cpp.o)
                0x00000000000837ac                String::indexOf(char, unsigned int) const
 .text._ZNK6String7indexOfEc
                0x00000000000837c8        0x6 /home/fabrilov/sloeber-workspace/simulebox/Release/arduino.ar(WString.cpp.o)
                0x00000000000837c8                String::indexOf(char) const
 .text._ZNK6String7indexOfERKS_j
                0x00000000000837ce       0x1e /home/fabrilov/sloeber-workspace/simulebox/Release/arduino.ar(WString.cpp.o)
                0x00000000000837ce                String::indexOf(String const&, unsigned int) const
 .text._ZNK6String7indexOfERKS_
                0x00000000000837ec        0x6 /home/fabrilov/sloeber-workspace/simulebox/Release/arduino.ar(WString.cpp.o)
                0x00000000000837ec                String::indexOf(String const&) const
 *fill*         0x00000000000837f2        0x2 
 .text._ZNK6String9substringEjj
                0x00000000000837f4       0x4c /home/fabrilov/sloeber-workspace/simulebox/Release/arduino.ar(WString.cpp.o)
                0x00000000000837f4                String::substring(unsigned int, unsigned int) const
 .text._ZNK6String5toIntEv
                0x0000000000083840        0xa /home/fabrilov/sloeber-workspace/simulebox/Release/arduino.ar(WString.cpp.o)
                0x0000000000083840                String::toInt() const
 .text.__halt   0x000000000008384a        0x2 /home/fabrilov/sloeber-workspace/simulebox/Release/arduino.ar(cortex_handlers.c.o)
                0x000000000008384a                DACC_Handler
                0x000000000008384a                DebugMon_Handler
                0x000000000008384a                DMAC_Handler
                0x000000000008384a                TRNG_Handler
                0x000000000008384a                HardFault_Handler
                0x000000000008384a                TC2_Handler
                0x000000000008384a                TWI1_Handler
                0x000000000008384a                NMI_Handler
                0x000000000008384a                TC7_Handler
                0x000000000008384a                ADC_Handler
                0x000000000008384a                SMC_Handler
                0x000000000008384a                RTT_Handler
                0x000000000008384a                EFC1_Handler
                0x000000000008384a                RTC_Handler
                0x000000000008384a                UsageFault_Handler
                0x000000000008384a                TC6_Handler
                0x000000000008384a                WDT_Handler
                0x000000000008384a                CAN0_Handler
                0x000000000008384a                TC4_Handler
                0x000000000008384a                TC1_Handler
                0x000000000008384a                HSMCI_Handler
                0x000000000008384a                TC3_Handler
                0x000000000008384a                TWI0_Handler
                0x000000000008384a                SSC_Handler
                0x000000000008384a                EFC0_Handler
                0x000000000008384a                PMC_Handler
                0x000000000008384a                PWM_Handler
                0x000000000008384a                CAN1_Handler
                0x000000000008384a                MemManage_Handler
                0x000000000008384a                SUPC_Handler
                0x000000000008384a                TC8_Handler
                0x000000000008384a                USART2_Handler
                0x000000000008384a                EMAC_Handler
                0x000000000008384a                BusFault_Handler
                0x000000000008384a                RSTC_Handler
                0x000000000008384a                TC0_Handler
                0x000000000008384a                TC5_Handler
                0x000000000008384a                SPI0_Handler
 .text.SVC_Handler
                0x000000000008384c        0x4 /home/fabrilov/sloeber-workspace/simulebox/Release/arduino.ar(cortex_handlers.c.o)
                0x000000000008384c                SVC_Handler
 .text.PendSV_Handler
                0x0000000000083850        0x4 /home/fabrilov/sloeber-workspace/simulebox/Release/arduino.ar(cortex_handlers.c.o)
                0x0000000000083850                PendSV_Handler
 .text.SysTick_Handler
                0x0000000000083854       0x16 /home/fabrilov/sloeber-workspace/simulebox/Release/arduino.ar(cortex_handlers.c.o)
                0x0000000000083854                SysTick_Handler
 .text.__false  0x000000000008386a        0x4 /home/fabrilov/sloeber-workspace/simulebox/Release/arduino.ar(hooks.c.o)
                0x000000000008386a                sysTickHook
 .text.__halt   0x000000000008386e        0x2 /home/fabrilov/sloeber-workspace/simulebox/Release/arduino.ar(hooks.c.o)
                0x000000000008386e                pendSVHook
                0x000000000008386e                svcHook
 .text.ltoa     0x0000000000083870       0x6e /home/fabrilov/sloeber-workspace/simulebox/Release/arduino.ar(itoa.c.o)
                0x0000000000083870                ltoa
 .text.itoa     0x00000000000838de        0x4 /home/fabrilov/sloeber-workspace/simulebox/Release/arduino.ar(itoa.c.o)
                0x00000000000838de                itoa
 .text.initVariant
                0x00000000000838e2        0x2 /home/fabrilov/sloeber-workspace/simulebox/Release/arduino.ar(main.cpp.o)
                0x00000000000838e2                initVariant
 .text.startup.main
                0x00000000000838e4       0x38 /home/fabrilov/sloeber-workspace/simulebox/Release/arduino.ar(main.cpp.o)
                0x00000000000838e4                main
 .text._Znwj    0x000000000008391c        0x4 /home/fabrilov/sloeber-workspace/simulebox/Release/arduino.ar(new.cpp.o)
                0x000000000008391c                operator new(unsigned int)
 .text._Znaj    0x0000000000083920        0x4 /home/fabrilov/sloeber-workspace/simulebox/Release/arduino.ar(new.cpp.o)
                0x0000000000083920                operator new[](unsigned int)
 .text._ZdlPv   0x0000000000083924        0x4 /home/fabrilov/sloeber-workspace/simulebox/Release/arduino.ar(new.cpp.o)
                0x0000000000083924                operator delete(void*)
 .text._ZdaPv   0x0000000000083928        0x4 /home/fabrilov/sloeber-workspace/simulebox/Release/arduino.ar(new.cpp.o)
                0x0000000000083928                operator delete[](void*)
 .text._sbrk    0x000000000008392c       0x1c /home/fabrilov/sloeber-workspace/simulebox/Release/arduino.ar(syscalls_sam3.c.o)
                0x000000000008392c                _sbrk
 .text.link     0x0000000000083948        0x6 /home/fabrilov/sloeber-workspace/simulebox/Release/arduino.ar(syscalls_sam3.c.o)
                0x0000000000083948                link
 .text._close   0x000000000008394e        0x6 /home/fabrilov/sloeber-workspace/simulebox/Release/arduino.ar(syscalls_sam3.c.o)
                0x000000000008394e                _close
 .text._fstat   0x0000000000083954        0xa /home/fabrilov/sloeber-workspace/simulebox/Release/arduino.ar(syscalls_sam3.c.o)
                0x0000000000083954                _fstat
 .text._isatty  0x000000000008395e        0x4 /home/fabrilov/sloeber-workspace/simulebox/Release/arduino.ar(syscalls_sam3.c.o)
                0x000000000008395e                _isatty
 .text._lseek   0x0000000000083962        0x4 /home/fabrilov/sloeber-workspace/simulebox/Release/arduino.ar(syscalls_sam3.c.o)
                0x0000000000083962                _lseek
 .text._read    0x0000000000083966        0x4 /home/fabrilov/sloeber-workspace/simulebox/Release/arduino.ar(syscalls_sam3.c.o)
                0x0000000000083966                _read
 *fill*         0x000000000008396a        0x2 
 .text._write   0x000000000008396c       0x24 /home/fabrilov/sloeber-workspace/simulebox/Release/arduino.ar(syscalls_sam3.c.o)
                0x000000000008396c                _write
 .text._exit    0x0000000000083990       0x10 /home/fabrilov/sloeber-workspace/simulebox/Release/arduino.ar(syscalls_sam3.c.o)
                0x0000000000083990                _exit
 .text._kill    0x00000000000839a0        0x2 /home/fabrilov/sloeber-workspace/simulebox/Release/arduino.ar(syscalls_sam3.c.o)
                0x00000000000839a0                _kill
 .text._getpid  0x00000000000839a2        0x6 /home/fabrilov/sloeber-workspace/simulebox/Release/arduino.ar(syscalls_sam3.c.o)
                0x00000000000839a2                _getpid
 .text._Z14watchdogEnablem
                0x00000000000839a8       0x34 /home/fabrilov/sloeber-workspace/simulebox/Release/arduino.ar(watchdog.cpp.o)
                0x00000000000839a8                watchdogEnable(unsigned long)
 .text._Z13watchdogResetv
                0x00000000000839dc        0xc /home/fabrilov/sloeber-workspace/simulebox/Release/arduino.ar(watchdog.cpp.o)
                0x00000000000839dc                watchdogReset()
 .text.millis   0x00000000000839e8        0x4 /home/fabrilov/sloeber-workspace/simulebox/Release/arduino.ar(wiring.c.o)
                0x00000000000839e8                millis
 .text.delay    0x00000000000839ec       0x1c /home/fabrilov/sloeber-workspace/simulebox/Release/arduino.ar(wiring.c.o)
                0x00000000000839ec                delay
 .text.mapResolution
                0x0000000000083a08       0x12 /home/fabrilov/sloeber-workspace/simulebox/Release/arduino.ar(wiring_analog.c.o)
 *fill*         0x0000000000083a1a        0x2 
 .text.analogRead
                0x0000000000083a1c       0x9c /home/fabrilov/sloeber-workspace/simulebox/Release/arduino.ar(wiring_analog.c.o)
                0x0000000000083a1c                analogRead
 .text.analogOutputInit
                0x0000000000083ab8        0x2 /home/fabrilov/sloeber-workspace/simulebox/Release/arduino.ar(wiring_analog.c.o)
                0x0000000000083ab8                analogOutputInit
 *fill*         0x0000000000083aba        0x2 
 .text.pinMode  0x0000000000083abc      0x108 /home/fabrilov/sloeber-workspace/simulebox/Release/arduino.ar(wiring_digital.c.o)
                0x0000000000083abc                pinMode
 .text.digitalWrite
                0x0000000000083bc4       0x70 /home/fabrilov/sloeber-workspace/simulebox/Release/arduino.ar(wiring_digital.c.o)
                0x0000000000083bc4                digitalWrite
 .text._ZN13PluggableUSB_12getInterfaceEPh
                0x0000000000083c34       0x28 /home/fabrilov/sloeber-workspace/simulebox/Release/arduino.ar(PluggableUSB.cpp.o)
                0x0000000000083c34                PluggableUSB_::getInterface(unsigned char*)
 .text._ZN13PluggableUSB_13getDescriptorER8USBSetup
                0x0000000000083c5c       0x1c /home/fabrilov/sloeber-workspace/simulebox/Release/arduino.ar(PluggableUSB.cpp.o)
                0x0000000000083c5c                PluggableUSB_::getDescriptor(USBSetup&)
 .text._ZN13PluggableUSB_12getShortNameEPc
                0x0000000000083c78       0x1c /home/fabrilov/sloeber-workspace/simulebox/Release/arduino.ar(PluggableUSB.cpp.o)
                0x0000000000083c78                PluggableUSB_::getShortName(char*)
 .text._ZN13PluggableUSB_5setupER8USBSetup
                0x0000000000083c94       0x20 /home/fabrilov/sloeber-workspace/simulebox/Release/arduino.ar(PluggableUSB.cpp.o)
                0x0000000000083c94                PluggableUSB_::setup(USBSetup&)
 .text._Z12PluggableUSBv
                0x0000000000083cb4       0x28 /home/fabrilov/sloeber-workspace/simulebox/Release/arduino.ar(PluggableUSB.cpp.o)
                0x0000000000083cb4                PluggableUSB()
 .text.PIO_PullUp
                0x0000000000083cdc        0xa /home/fabrilov/sloeber//arduinoPlugin/packages/arduino/hardware/sam/1.6.10/variants/arduino_due_x/libsam_sam3x8e_gcc_rel.a(pio.o)
                0x0000000000083cdc                PIO_PullUp
 .text.PIO_SetPeripheral
                0x0000000000083ce6       0x26 /home/fabrilov/sloeber//arduinoPlugin/packages/arduino/hardware/sam/1.6.10/variants/arduino_due_x/libsam_sam3x8e_gcc_rel.a(pio.o)
                0x0000000000083ce6                PIO_SetPeripheral
 .text.PIO_SetInput
                0x0000000000083d0c       0x26 /home/fabrilov/sloeber//arduinoPlugin/packages/arduino/hardware/sam/1.6.10/variants/arduino_due_x/libsam_sam3x8e_gcc_rel.a(pio.o)
                0x0000000000083d0c                PIO_SetInput
 .text.PIO_SetOutput
                0x0000000000083d32       0x24 /home/fabrilov/sloeber//arduinoPlugin/packages/arduino/hardware/sam/1.6.10/variants/arduino_due_x/libsam_sam3x8e_gcc_rel.a(pio.o)
                0x0000000000083d32                PIO_SetOutput
 *fill*         0x0000000000083d56        0x2 
 .text.PIO_Configure
                0x0000000000083d58       0x64 /home/fabrilov/sloeber//arduinoPlugin/packages/arduino/hardware/sam/1.6.10/variants/arduino_due_x/libsam_sam3x8e_gcc_rel.a(pio.o)
                0x0000000000083d58                PIO_Configure
 .text.PIO_GetOutputDataStatus
                0x0000000000083dbc       0x14 /home/fabrilov/sloeber//arduinoPlugin/packages/arduino/hardware/sam/1.6.10/variants/arduino_due_x/libsam_sam3x8e_gcc_rel.a(pio.o)
                0x0000000000083dbc                PIO_GetOutputDataStatus
 .text.pmc_enable_upll_clock
                0x0000000000083dd0       0x14 /home/fabrilov/sloeber//arduinoPlugin/packages/arduino/hardware/sam/1.6.10/variants/arduino_due_x/libsam_sam3x8e_gcc_rel.a(pmc.o)
                0x0000000000083dd0                pmc_enable_upll_clock
 .text.pmc_enable_periph_clk
                0x0000000000083de4       0x44 /home/fabrilov/sloeber//arduinoPlugin/packages/arduino/hardware/sam/1.6.10/variants/arduino_due_x/libsam_sam3x8e_gcc_rel.a(pmc.o)
                0x0000000000083de4                pmc_enable_periph_clk
 .text.pmc_disable_periph_clk
                0x0000000000083e28       0x40 /home/fabrilov/sloeber//arduinoPlugin/packages/arduino/hardware/sam/1.6.10/variants/arduino_due_x/libsam_sam3x8e_gcc_rel.a(pmc.o)
                0x0000000000083e28                pmc_disable_periph_clk
 .text.pmc_switch_udpck_to_upllck
                0x0000000000083e68       0x14 /home/fabrilov/sloeber//arduinoPlugin/packages/arduino/hardware/sam/1.6.10/variants/arduino_due_x/libsam_sam3x8e_gcc_rel.a(pmc.o)
                0x0000000000083e68                pmc_switch_udpck_to_upllck
 .text.pmc_enable_udpck
                0x0000000000083e7c        0xc /home/fabrilov/sloeber//arduinoPlugin/packages/arduino/hardware/sam/1.6.10/variants/arduino_due_x/libsam_sam3x8e_gcc_rel.a(pmc.o)
                0x0000000000083e7c                pmc_enable_udpck
 .text.TimeTick_Increment
                0x0000000000083e88       0x10 /home/fabrilov/sloeber//arduinoPlugin/packages/arduino/hardware/sam/1.6.10/variants/arduino_due_x/libsam_sam3x8e_gcc_rel.a(timetick.o)
                0x0000000000083e88                TimeTick_Increment
 .text.GetTickCount
                0x0000000000083e98        0xc /home/fabrilov/sloeber//arduinoPlugin/packages/arduino/hardware/sam/1.6.10/variants/arduino_due_x/libsam_sam3x8e_gcc_rel.a(timetick.o)
                0x0000000000083e98                GetTickCount
 .text.WDT_Enable
                0x0000000000083ea4        0x4 /home/fabrilov/sloeber//arduinoPlugin/packages/arduino/hardware/sam/1.6.10/variants/arduino_due_x/libsam_sam3x8e_gcc_rel.a(wdt.o)
                0x0000000000083ea4                WDT_Enable
 .text.WDT_Restart
                0x0000000000083ea8        0xc /home/fabrilov/sloeber//arduinoPlugin/packages/arduino/hardware/sam/1.6.10/variants/arduino_due_x/libsam_sam3x8e_gcc_rel.a(wdt.o)
                0x0000000000083ea8                WDT_Restart
 .text.SystemInit
                0x0000000000083eb4       0x88 /home/fabrilov/sloeber//arduinoPlugin/packages/arduino/hardware/sam/1.6.10/variants/arduino_due_x/libsam_sam3x8e_gcc_rel.a(system_sam3xa.o)
                0x0000000000083eb4                SystemInit
 .text.adc_init
                0x0000000000083f3c       0x98 /home/fabrilov/sloeber//arduinoPlugin/packages/arduino/hardware/sam/1.6.10/variants/arduino_due_x/libsam_sam3x8e_gcc_rel.a(adc.o)
                0x0000000000083f3c                adc_init
 .text.adc_configure_trigger
                0x0000000000083fd4        0xe /home/fabrilov/sloeber//arduinoPlugin/packages/arduino/hardware/sam/1.6.10/variants/arduino_due_x/libsam_sam3x8e_gcc_rel.a(adc.o)
                0x0000000000083fd4                adc_configure_trigger
 .text.adc_configure_timing
                0x0000000000083fe2       0x1a /home/fabrilov/sloeber//arduinoPlugin/packages/arduino/hardware/sam/1.6.10/variants/arduino_due_x/libsam_sam3x8e_gcc_rel.a(adc.o)
                0x0000000000083fe2                adc_configure_timing
 .text.adc_start
                0x0000000000083ffc        0x6 /home/fabrilov/sloeber//arduinoPlugin/packages/arduino/hardware/sam/1.6.10/variants/arduino_due_x/libsam_sam3x8e_gcc_rel.a(adc.o)
                0x0000000000083ffc                adc_start
 .text.adc_enable_channel
                0x0000000000084002        0xa /home/fabrilov/sloeber//arduinoPlugin/packages/arduino/hardware/sam/1.6.10/variants/arduino_due_x/libsam_sam3x8e_gcc_rel.a(adc.o)
                0x0000000000084002                adc_enable_channel
 .text.adc_disable_channel
                0x000000000008400c        0xa /home/fabrilov/sloeber//arduinoPlugin/packages/arduino/hardware/sam/1.6.10/variants/arduino_due_x/libsam_sam3x8e_gcc_rel.a(adc.o)
                0x000000000008400c                adc_disable_channel
 .text.adc_disable_all_channel
                0x0000000000084016        0x8 /home/fabrilov/sloeber//arduinoPlugin/packages/arduino/hardware/sam/1.6.10/variants/arduino_due_x/libsam_sam3x8e_gcc_rel.a(adc.o)
                0x0000000000084016                adc_disable_all_channel
 .text.adc_get_channel_status
                0x000000000008401e        0xa /home/fabrilov/sloeber//arduinoPlugin/packages/arduino/hardware/sam/1.6.10/variants/arduino_due_x/libsam_sam3x8e_gcc_rel.a(adc.o)
                0x000000000008401e                adc_get_channel_status
 .text.adc_get_latest_value
                0x0000000000084028        0x4 /home/fabrilov/sloeber//arduinoPlugin/packages/arduino/hardware/sam/1.6.10/variants/arduino_due_x/libsam_sam3x8e_gcc_rel.a(adc.o)
                0x0000000000084028                adc_get_latest_value
 .text.adc_disable_interrupt
                0x000000000008402c        0x4 /home/fabrilov/sloeber//arduinoPlugin/packages/arduino/hardware/sam/1.6.10/variants/arduino_due_x/libsam_sam3x8e_gcc_rel.a(adc.o)
                0x000000000008402c                adc_disable_interrupt
 .text.adc_get_status
                0x0000000000084030        0x4 /home/fabrilov/sloeber//arduinoPlugin/packages/arduino/hardware/sam/1.6.10/variants/arduino_due_x/libsam_sam3x8e_gcc_rel.a(adc.o)
                0x0000000000084030                adc_get_status
 .text.UDD_SetStack
                0x0000000000084034        0xc /home/fabrilov/sloeber//arduinoPlugin/packages/arduino/hardware/sam/1.6.10/variants/arduino_due_x/libsam_sam3x8e_gcc_rel.a(uotghs_device.o)
                0x0000000000084034                UDD_SetStack
 .text.UDD_Init
                0x0000000000084040       0xd0 /home/fabrilov/sloeber//arduinoPlugin/packages/arduino/hardware/sam/1.6.10/variants/arduino_due_x/libsam_sam3x8e_gcc_rel.a(uotghs_device.o)
                0x0000000000084040                UDD_Init
 .text.UDD_Attach
                0x0000000000084110       0x50 /home/fabrilov/sloeber//arduinoPlugin/packages/arduino/hardware/sam/1.6.10/variants/arduino_due_x/libsam_sam3x8e_gcc_rel.a(uotghs_device.o)
                0x0000000000084110                UDD_Attach
 .text.UDD_InitEP
                0x0000000000084160       0x2c /home/fabrilov/sloeber//arduinoPlugin/packages/arduino/hardware/sam/1.6.10/variants/arduino_due_x/libsam_sam3x8e_gcc_rel.a(uotghs_device.o)
                0x0000000000084160                UDD_InitEP
 .text.UDD_InitEndpoints
                0x000000000008418c       0x3c /home/fabrilov/sloeber//arduinoPlugin/packages/arduino/hardware/sam/1.6.10/variants/arduino_due_x/libsam_sam3x8e_gcc_rel.a(uotghs_device.o)
                0x000000000008418c                UDD_InitEndpoints
 .text.UDD_WaitIN
                0x00000000000841c8       0x10 /home/fabrilov/sloeber//arduinoPlugin/packages/arduino/hardware/sam/1.6.10/variants/arduino_due_x/libsam_sam3x8e_gcc_rel.a(uotghs_device.o)
                0x00000000000841c8                UDD_WaitIN
 .text.UDD_WaitOUT
                0x00000000000841d8       0x10 /home/fabrilov/sloeber//arduinoPlugin/packages/arduino/hardware/sam/1.6.10/variants/arduino_due_x/libsam_sam3x8e_gcc_rel.a(uotghs_device.o)
                0x00000000000841d8                UDD_WaitOUT
 .text.UDD_ClearIN
                0x00000000000841e8       0x18 /home/fabrilov/sloeber//arduinoPlugin/packages/arduino/hardware/sam/1.6.10/variants/arduino_due_x/libsam_sam3x8e_gcc_rel.a(uotghs_device.o)
                0x00000000000841e8                UDD_ClearIN
 .text.UDD_ClearOUT
                0x0000000000084200       0x18 /home/fabrilov/sloeber//arduinoPlugin/packages/arduino/hardware/sam/1.6.10/variants/arduino_due_x/libsam_sam3x8e_gcc_rel.a(uotghs_device.o)
                0x0000000000084200                UDD_ClearOUT
 .text.UDD_ReceivedSetupInt
                0x0000000000084218       0x10 /home/fabrilov/sloeber//arduinoPlugin/packages/arduino/hardware/sam/1.6.10/variants/arduino_due_x/libsam_sam3x8e_gcc_rel.a(uotghs_device.o)
                0x0000000000084218                UDD_ReceivedSetupInt
 .text.UDD_ClearSetupInt
                0x0000000000084228       0x10 /home/fabrilov/sloeber//arduinoPlugin/packages/arduino/hardware/sam/1.6.10/variants/arduino_due_x/libsam_sam3x8e_gcc_rel.a(uotghs_device.o)
                0x0000000000084228                UDD_ClearSetupInt
 .text.UDD_Send
                0x0000000000084238       0x88 /home/fabrilov/sloeber//arduinoPlugin/packages/arduino/hardware/sam/1.6.10/variants/arduino_due_x/libsam_sam3x8e_gcc_rel.a(uotghs_device.o)
                0x0000000000084238                UDD_Send
 .text.UDD_Send8
                0x00000000000842c0       0x24 /home/fabrilov/sloeber//arduinoPlugin/packages/arduino/hardware/sam/1.6.10/variants/arduino_due_x/libsam_sam3x8e_gcc_rel.a(uotghs_device.o)
                0x00000000000842c0                UDD_Send8
 .text.UDD_Recv8
                0x00000000000842e4       0x28 /home/fabrilov/sloeber//arduinoPlugin/packages/arduino/hardware/sam/1.6.10/variants/arduino_due_x/libsam_sam3x8e_gcc_rel.a(uotghs_device.o)
                0x00000000000842e4                UDD_Recv8
 .text.UDD_Recv
                0x000000000008430c       0x34 /home/fabrilov/sloeber//arduinoPlugin/packages/arduino/hardware/sam/1.6.10/variants/arduino_due_x/libsam_sam3x8e_gcc_rel.a(uotghs_device.o)
                0x000000000008430c                UDD_Recv
 .text.UDD_Stall
                0x0000000000084340       0x14 /home/fabrilov/sloeber//arduinoPlugin/packages/arduino/hardware/sam/1.6.10/variants/arduino_due_x/libsam_sam3x8e_gcc_rel.a(uotghs_device.o)
                0x0000000000084340                UDD_Stall
 .text.UDD_FifoByteCount
                0x0000000000084354       0x14 /home/fabrilov/sloeber//arduinoPlugin/packages/arduino/hardware/sam/1.6.10/variants/arduino_due_x/libsam_sam3x8e_gcc_rel.a(uotghs_device.o)
                0x0000000000084354                UDD_FifoByteCount
 .text.UDD_ReleaseRX
                0x0000000000084368       0x28 /home/fabrilov/sloeber//arduinoPlugin/packages/arduino/hardware/sam/1.6.10/variants/arduino_due_x/libsam_sam3x8e_gcc_rel.a(uotghs_device.o)
                0x0000000000084368                UDD_ReleaseRX
 .text.UDD_ReleaseTX
                0x0000000000084390       0x28 /home/fabrilov/sloeber//arduinoPlugin/packages/arduino/hardware/sam/1.6.10/variants/arduino_due_x/libsam_sam3x8e_gcc_rel.a(uotghs_device.o)
                0x0000000000084390                UDD_ReleaseTX
 .text.UDD_SetAddress
                0x00000000000843b8       0x20 /home/fabrilov/sloeber//arduinoPlugin/packages/arduino/hardware/sam/1.6.10/variants/arduino_due_x/libsam_sam3x8e_gcc_rel.a(uotghs_device.o)
                0x00000000000843b8                UDD_SetAddress
 .text.__aeabi_atexit
                0x00000000000843d8        0xc /home/fabrilov/sloeber/arduinoPlugin/packages/arduino/tools/arm-none-eabi-gcc/4.8.3-2014q1/bin/../lib/gcc/arm-none-eabi/4.8.3/../../../../arm-none-eabi/lib/armv7-m/libg.a(lib_a-aeabi_atexit.o)
                0x00000000000843d8                __aeabi_atexit
 .text.atol     0x00000000000843e4        0x8 /home/fabrilov/sloeber/arduinoPlugin/packages/arduino/tools/arm-none-eabi-gcc/4.8.3-2014q1/bin/../lib/gcc/arm-none-eabi/4.8.3/../../../../arm-none-eabi/lib/armv7-m/libg.a(lib_a-atol.o)
                0x00000000000843e4                atol
 .text.__cxa_atexit
                0x00000000000843ec       0x14 /home/fabrilov/sloeber/arduinoPlugin/packages/arduino/tools/arm-none-eabi-gcc/4.8.3-2014q1/bin/../lib/gcc/arm-none-eabi/4.8.3/../../../../arm-none-eabi/lib/armv7-m/libg.a(lib_a-cxa_atexit.o)
                0x00000000000843ec                __cxa_atexit
 .text.__libc_init_array
                0x0000000000084400       0x50 /home/fabrilov/sloeber/arduinoPlugin/packages/arduino/tools/arm-none-eabi-gcc/4.8.3-2014q1/bin/../lib/gcc/arm-none-eabi/4.8.3/../../../../arm-none-eabi/lib/armv7-m/libg.a(lib_a-init.o)
                0x0000000000084400                __libc_init_array
 .text.iprintf  0x0000000000084450       0x28 /home/fabrilov/sloeber/arduinoPlugin/packages/arduino/tools/arm-none-eabi-gcc/4.8.3-2014q1/bin/../lib/gcc/arm-none-eabi/4.8.3/../../../../arm-none-eabi/lib/armv7-m/libg.a(lib_a-iprintf.o)
                0x0000000000084450                iprintf
 .text.malloc   0x0000000000084478       0x10 /home/fabrilov/sloeber/arduinoPlugin/packages/arduino/tools/arm-none-eabi-gcc/4.8.3-2014q1/bin/../lib/gcc/arm-none-eabi/4.8.3/../../../../arm-none-eabi/lib/armv7-m/libg.a(lib_a-malloc.o)
                0x0000000000084478                malloc
 .text.free     0x0000000000084488       0x10 /home/fabrilov/sloeber/arduinoPlugin/packages/arduino/tools/arm-none-eabi-gcc/4.8.3-2014q1/bin/../lib/gcc/arm-none-eabi/4.8.3/../../../../arm-none-eabi/lib/armv7-m/libg.a(lib_a-malloc.o)
                0x0000000000084488                free
 .text._malloc_r
                0x0000000000084498      0x538 /home/fabrilov/sloeber/arduinoPlugin/packages/arduino/tools/arm-none-eabi-gcc/4.8.3-2014q1/bin/../lib/gcc/arm-none-eabi/4.8.3/../../../../arm-none-eabi/lib/armv7-m/libg.a(lib_a-mallocr.o)
                0x0000000000084498                _malloc_r
 .text          0x00000000000849d0       0xec /home/fabrilov/sloeber/arduinoPlugin/packages/arduino/tools/arm-none-eabi-gcc/4.8.3-2014q1/bin/../lib/gcc/arm-none-eabi/4.8.3/../../../../arm-none-eabi/lib/armv7-m/libg.a(lib_a-memcpy.o)
                0x00000000000849d0                memcpy
 .text.memmove  0x0000000000084abc       0xcc /home/fabrilov/sloeber/arduinoPlugin/packages/arduino/tools/arm-none-eabi-gcc/4.8.3-2014q1/bin/../lib/gcc/arm-none-eabi/4.8.3/../../../../arm-none-eabi/lib/armv7-m/libg.a(lib_a-memmove.o)
                0x0000000000084abc                memmove
 .text.memset   0x0000000000084b88       0x94 /home/fabrilov/sloeber/arduinoPlugin/packages/arduino/tools/arm-none-eabi-gcc/4.8.3-2014q1/bin/../lib/gcc/arm-none-eabi/4.8.3/../../../../arm-none-eabi/lib/armv7-m/libg.a(lib_a-memset.o)
                0x0000000000084b88                memset
 .text.__malloc_lock
                0x0000000000084c1c        0x4 /home/fabrilov/sloeber/arduinoPlugin/packages/arduino/tools/arm-none-eabi-gcc/4.8.3-2014q1/bin/../lib/gcc/arm-none-eabi/4.8.3/../../../../arm-none-eabi/lib/armv7-m/libg.a(lib_a-mlock.o)
                0x0000000000084c1c                __malloc_lock
 .text.__malloc_unlock
                0x0000000000084c20        0x4 /home/fabrilov/sloeber/arduinoPlugin/packages/arduino/tools/arm-none-eabi-gcc/4.8.3-2014q1/bin/../lib/gcc/arm-none-eabi/4.8.3/../../../../arm-none-eabi/lib/armv7-m/libg.a(lib_a-mlock.o)
                0x0000000000084c20                __malloc_unlock
 .text.srand    0x0000000000084c24       0x10 /home/fabrilov/sloeber/arduinoPlugin/packages/arduino/tools/arm-none-eabi-gcc/4.8.3-2014q1/bin/../lib/gcc/arm-none-eabi/4.8.3/../../../../arm-none-eabi/lib/armv7-m/libg.a(lib_a-rand.o)
                0x0000000000084c24                srand
 .text.rand     0x0000000000084c34       0x40 /home/fabrilov/sloeber/arduinoPlugin/packages/arduino/tools/arm-none-eabi-gcc/4.8.3-2014q1/bin/../lib/gcc/arm-none-eabi/4.8.3/../../../../arm-none-eabi/lib/armv7-m/libg.a(lib_a-rand.o)
                0x0000000000084c34                rand
 .text.realloc  0x0000000000084c74       0x10 /home/fabrilov/sloeber/arduinoPlugin/packages/arduino/tools/arm-none-eabi-gcc/4.8.3-2014q1/bin/../lib/gcc/arm-none-eabi/4.8.3/../../../../arm-none-eabi/lib/armv7-m/libg.a(lib_a-realloc.o)
                0x0000000000084c74                realloc
 .text._realloc_r
                0x0000000000084c84      0x3c0 /home/fabrilov/sloeber/arduinoPlugin/packages/arduino/tools/arm-none-eabi-gcc/4.8.3-2014q1/bin/../lib/gcc/arm-none-eabi/4.8.3/../../../../arm-none-eabi/lib/armv7-m/libg.a(lib_a-reallocr.o)
                0x0000000000084c84                _realloc_r
 .text._sbrk_r  0x0000000000085044       0x24 /home/fabrilov/sloeber/arduinoPlugin/packages/arduino/tools/arm-none-eabi-gcc/4.8.3-2014q1/bin/../lib/gcc/arm-none-eabi/4.8.3/../../../../arm-none-eabi/lib/armv7-m/libg.a(lib_a-sbrkr.o)
                0x0000000000085044                _sbrk_r
 .text.strchr   0x0000000000085068       0xf4 /home/fabrilov/sloeber/arduinoPlugin/packages/arduino/tools/arm-none-eabi-gcc/4.8.3-2014q1/bin/../lib/gcc/arm-none-eabi/4.8.3/../../../../arm-none-eabi/lib/armv7-m/libg.a(lib_a-strchr.o)
                0x0000000000085068                strchr
 .text          0x000000000008515c      0x23c /home/fabrilov/sloeber/arduinoPlugin/packages/arduino/tools/arm-none-eabi-gcc/4.8.3-2014q1/bin/../lib/gcc/arm-none-eabi/4.8.3/../../../../arm-none-eabi/lib/armv7-m/libg.a(lib_a-strcmp.o)
                0x000000000008515c                strcmp
 .text.strcpy   0x0000000000085398       0xbc /home/fabrilov/sloeber/arduinoPlugin/packages/arduino/tools/arm-none-eabi-gcc/4.8.3-2014q1/bin/../lib/gcc/arm-none-eabi/4.8.3/../../../../arm-none-eabi/lib/armv7-m/libg.a(lib_a-strcpy.o)
                0x0000000000085398                strcpy
 .text.strlen   0x0000000000085454       0x60 /home/fabrilov/sloeber/arduinoPlugin/packages/arduino/tools/arm-none-eabi-gcc/4.8.3-2014q1/bin/../lib/gcc/arm-none-eabi/4.8.3/../../../../arm-none-eabi/lib/armv7-m/libg.a(lib_a-strlen.o)
                0x0000000000085454                strlen
 .text.strncpy  0x00000000000854b4       0x64 /home/fabrilov/sloeber/arduinoPlugin/packages/arduino/tools/arm-none-eabi-gcc/4.8.3-2014q1/bin/../lib/gcc/arm-none-eabi/4.8.3/../../../../arm-none-eabi/lib/armv7-m/libg.a(lib_a-strncpy.o)
                0x00000000000854b4                strncpy
 .text.critical_factorization
                0x0000000000085518       0xbc /home/fabrilov/sloeber/arduinoPlugin/packages/arduino/tools/arm-none-eabi-gcc/4.8.3-2014q1/bin/../lib/gcc/arm-none-eabi/4.8.3/../../../../arm-none-eabi/lib/armv7-m/libg.a(lib_a-strstr.o)
 .text.two_way_long_needle
                0x00000000000855d4      0x1ec /home/fabrilov/sloeber/arduinoPlugin/packages/arduino/tools/arm-none-eabi-gcc/4.8.3-2014q1/bin/../lib/gcc/arm-none-eabi/4.8.3/../../../../arm-none-eabi/lib/armv7-m/libg.a(lib_a-strstr.o)
 .text.strstr   0x00000000000857c0      0x200 /home/fabrilov/sloeber/arduinoPlugin/packages/arduino/tools/arm-none-eabi-gcc/4.8.3-2014q1/bin/../lib/gcc/arm-none-eabi/4.8.3/../../../../arm-none-eabi/lib/armv7-m/libg.a(lib_a-strstr.o)
                0x00000000000857c0                strstr
 .text._strtol_r
                0x00000000000859c0      0x114 /home/fabrilov/sloeber/arduinoPlugin/packages/arduino/tools/arm-none-eabi-gcc/4.8.3-2014q1/bin/../lib/gcc/arm-none-eabi/4.8.3/../../../../arm-none-eabi/lib/armv7-m/libg.a(lib_a-strtol.o)
                0x00000000000859c0                _strtol_r
 .text.strtol   0x0000000000085ad4       0x18 /home/fabrilov/sloeber/arduinoPlugin/packages/arduino/tools/arm-none-eabi-gcc/4.8.3-2014q1/bin/../lib/gcc/arm-none-eabi/4.8.3/../../../../arm-none-eabi/lib/armv7-m/libg.a(lib_a-strtol.o)
                0x0000000000085ad4                strtol
 .text.kill     0x0000000000085aec       0x10 /home/fabrilov/sloeber/arduinoPlugin/packages/arduino/tools/arm-none-eabi-gcc/4.8.3-2014q1/bin/../lib/gcc/arm-none-eabi/4.8.3/../../../../arm-none-eabi/lib/armv7-m/libg.a(lib_a-syskill.o)
                0x0000000000085aec                kill
 .text.__sprint_r.part.0
                0x0000000000085afc       0x78 /home/fabrilov/sloeber/arduinoPlugin/packages/arduino/tools/arm-none-eabi-gcc/4.8.3-2014q1/bin/../lib/gcc/arm-none-eabi/4.8.3/../../../../arm-none-eabi/lib/armv7-m/libg.a(lib_a-vfiprintf.o)
 .text._vfiprintf_r
                0x0000000000085b74      0xc54 /home/fabrilov/sloeber/arduinoPlugin/packages/arduino/tools/arm-none-eabi-gcc/4.8.3-2014q1/bin/../lib/gcc/arm-none-eabi/4.8.3/../../../../arm-none-eabi/lib/armv7-m/libg.a(lib_a-vfiprintf.o)
                0x0000000000085b74                _vfiprintf_r
 .text.__sbprintf
                0x00000000000867c8       0x7c /home/fabrilov/sloeber/arduinoPlugin/packages/arduino/tools/arm-none-eabi-gcc/4.8.3-2014q1/bin/../lib/gcc/arm-none-eabi/4.8.3/../../../../arm-none-eabi/lib/armv7-m/libg.a(lib_a-vfiprintf.o)
 .text.__swsetup_r
                0x0000000000086844       0xc4 /home/fabrilov/sloeber/arduinoPlugin/packages/arduino/tools/arm-none-eabi-gcc/4.8.3-2014q1/bin/../lib/gcc/arm-none-eabi/4.8.3/../../../../arm-none-eabi/lib/armv7-m/libg.a(lib_a-wsetup.o)
                0x0000000000086844                __swsetup_r
 .text.__register_exitproc
                0x0000000000086908       0xa8 /home/fabrilov/sloeber/arduinoPlugin/packages/arduino/tools/arm-none-eabi-gcc/4.8.3-2014q1/bin/../lib/gcc/arm-none-eabi/4.8.3/../../../../arm-none-eabi/lib/armv7-m/libg.a(lib_a-__atexit.o)
                0x0000000000086908                __register_exitproc
 .text.startup.register_fini
                0x00000000000869b0       0x14 /home/fabrilov/sloeber/arduinoPlugin/packages/arduino/tools/arm-none-eabi-gcc/4.8.3-2014q1/bin/../lib/gcc/arm-none-eabi/4.8.3/../../../../arm-none-eabi/lib/armv7-m/libg.a(lib_a-__call_atexit.o)
 .text.atexit   0x00000000000869c4        0xc /home/fabrilov/sloeber/arduinoPlugin/packages/arduino/tools/arm-none-eabi-gcc/4.8.3-2014q1/bin/../lib/gcc/arm-none-eabi/4.8.3/../../../../arm-none-eabi/lib/armv7-m/libg.a(lib_a-atexit.o)
                0x00000000000869c4                atexit
 .text.__sflush_r
                0x00000000000869d0      0x148 /home/fabrilov/sloeber/arduinoPlugin/packages/arduino/tools/arm-none-eabi-gcc/4.8.3-2014q1/bin/../lib/gcc/arm-none-eabi/4.8.3/../../../../arm-none-eabi/lib/armv7-m/libg.a(lib_a-fflush.o)
                0x00000000000869d0                __sflush_r
 .text._fflush_r
                0x0000000000086b18       0x2c /home/fabrilov/sloeber/arduinoPlugin/packages/arduino/tools/arm-none-eabi-gcc/4.8.3-2014q1/bin/../lib/gcc/arm-none-eabi/4.8.3/../../../../arm-none-eabi/lib/armv7-m/libg.a(lib_a-fflush.o)
                0x0000000000086b18                _fflush_r
 .text._cleanup_r
                0x0000000000086b44        0xc /home/fabrilov/sloeber/arduinoPlugin/packages/arduino/tools/arm-none-eabi-gcc/4.8.3-2014q1/bin/../lib/gcc/arm-none-eabi/4.8.3/../../../../arm-none-eabi/lib/armv7-m/libg.a(lib_a-findfp.o)
                0x0000000000086b44                _cleanup_r
 .text.__sinit  0x0000000000086b50       0xf4 /home/fabrilov/sloeber/arduinoPlugin/packages/arduino/tools/arm-none-eabi-gcc/4.8.3-2014q1/bin/../lib/gcc/arm-none-eabi/4.8.3/../../../../arm-none-eabi/lib/armv7-m/libg.a(lib_a-findfp.o)
                0x0000000000086b50                __sinit
 .text.__sfp_lock_acquire
                0x0000000000086c44        0x4 /home/fabrilov/sloeber/arduinoPlugin/packages/arduino/tools/arm-none-eabi-gcc/4.8.3-2014q1/bin/../lib/gcc/arm-none-eabi/4.8.3/../../../../arm-none-eabi/lib/armv7-m/libg.a(lib_a-findfp.o)
                0x0000000000086c44                __sfp_lock_acquire
 .text.__sfp_lock_release
                0x0000000000086c48        0x4 /home/fabrilov/sloeber/arduinoPlugin/packages/arduino/tools/arm-none-eabi-gcc/4.8.3-2014q1/bin/../lib/gcc/arm-none-eabi/4.8.3/../../../../arm-none-eabi/lib/armv7-m/libg.a(lib_a-findfp.o)
                0x0000000000086c48                __sfp_lock_release
 .text.__libc_fini_array
                0x0000000000086c4c       0x30 /home/fabrilov/sloeber/arduinoPlugin/packages/arduino/tools/arm-none-eabi-gcc/4.8.3-2014q1/bin/../lib/gcc/arm-none-eabi/4.8.3/../../../../arm-none-eabi/lib/armv7-m/libg.a(lib_a-fini.o)
                0x0000000000086c4c                __libc_fini_array
 .text._fputwc_r
                0x0000000000086c7c       0xc0 /home/fabrilov/sloeber/arduinoPlugin/packages/arduino/tools/arm-none-eabi-gcc/4.8.3-2014q1/bin/../lib/gcc/arm-none-eabi/4.8.3/../../../../arm-none-eabi/lib/armv7-m/libg.a(lib_a-fputwc.o)
                0x0000000000086c7c                _fputwc_r
 .text._malloc_trim_r
                0x0000000000086d3c       0x9c /home/fabrilov/sloeber/arduinoPlugin/packages/arduino/tools/arm-none-eabi-gcc/4.8.3-2014q1/bin/../lib/gcc/arm-none-eabi/4.8.3/../../../../arm-none-eabi/lib/armv7-m/libg.a(lib_a-freer.o)
                0x0000000000086d3c                _malloc_trim_r
 .text._free_r  0x0000000000086dd8      0x198 /home/fabrilov/sloeber/arduinoPlugin/packages/arduino/tools/arm-none-eabi-gcc/4.8.3-2014q1/bin/../lib/gcc/arm-none-eabi/4.8.3/../../../../arm-none-eabi/lib/armv7-m/libg.a(lib_a-freer.o)
                0x0000000000086dd8                _free_r
 .text.__sfvwrite_r
                0x0000000000086f70      0x314 /home/fabrilov/sloeber/arduinoPlugin/packages/arduino/tools/arm-none-eabi-gcc/4.8.3-2014q1/bin/../lib/gcc/arm-none-eabi/4.8.3/../../../../arm-none-eabi/lib/armv7-m/libg.a(lib_a-fvwrite.o)
                0x0000000000086f70                __sfvwrite_r
 .text._fwalk   0x0000000000087284       0x48 /home/fabrilov/sloeber/arduinoPlugin/packages/arduino/tools/arm-none-eabi-gcc/4.8.3-2014q1/bin/../lib/gcc/arm-none-eabi/4.8.3/../../../../arm-none-eabi/lib/armv7-m/libg.a(lib_a-fwalk.o)
                0x0000000000087284                _fwalk
 .text.__locale_charset
                0x00000000000872cc        0x8 /home/fabrilov/sloeber/arduinoPlugin/packages/arduino/tools/arm-none-eabi-gcc/4.8.3-2014q1/bin/../lib/gcc/arm-none-eabi/4.8.3/../../../../arm-none-eabi/lib/armv7-m/libg.a(lib_a-locale.o)
                0x00000000000872cc                __locale_charset
 .text.__locale_mb_cur_max
                0x00000000000872d4        0xc /home/fabrilov/sloeber/arduinoPlugin/packages/arduino/tools/arm-none-eabi-gcc/4.8.3-2014q1/bin/../lib/gcc/arm-none-eabi/4.8.3/../../../../arm-none-eabi/lib/armv7-m/libg.a(lib_a-locale.o)
                0x00000000000872d4                __locale_mb_cur_max
 .text.__smakebuf_r
                0x00000000000872e0       0xe0 /home/fabrilov/sloeber/arduinoPlugin/packages/arduino/tools/arm-none-eabi-gcc/4.8.3-2014q1/bin/../lib/gcc/arm-none-eabi/4.8.3/../../../../arm-none-eabi/lib/armv7-m/libg.a(lib_a-makebuf.o)
                0x00000000000872e0                __smakebuf_r
 .text.memchr   0x00000000000873c0       0x94 /home/fabrilov/sloeber/arduinoPlugin/packages/arduino/tools/arm-none-eabi-gcc/4.8.3-2014q1/bin/../lib/gcc/arm-none-eabi/4.8.3/../../../../arm-none-eabi/lib/armv7-m/libg.a(lib_a-memchr-stub.o)
                0x00000000000873c0                memchr
 .text.memcmp   0x0000000000087454       0x68 /home/fabrilov/sloeber/arduinoPlugin/packages/arduino/tools/arm-none-eabi-gcc/4.8.3-2014q1/bin/../lib/gcc/arm-none-eabi/4.8.3/../../../../arm-none-eabi/lib/armv7-m/libg.a(lib_a-memcmp.o)
                0x0000000000087454                memcmp
 .text._kill_r  0x00000000000874bc       0x28 /home/fabrilov/sloeber/arduinoPlugin/packages/arduino/tools/arm-none-eabi-gcc/4.8.3-2014q1/bin/../lib/gcc/arm-none-eabi/4.8.3/../../../../arm-none-eabi/lib/armv7-m/libg.a(lib_a-signalr.o)
                0x00000000000874bc                _kill_r
 .text.__sread  0x00000000000874e4       0x24 /home/fabrilov/sloeber/arduinoPlugin/packages/arduino/tools/arm-none-eabi-gcc/4.8.3-2014q1/bin/../lib/gcc/arm-none-eabi/4.8.3/../../../../arm-none-eabi/lib/armv7-m/libg.a(lib_a-stdio.o)
                0x00000000000874e4                __sread
 .text.__swrite
                0x0000000000087508       0x38 /home/fabrilov/sloeber/arduinoPlugin/packages/arduino/tools/arm-none-eabi-gcc/4.8.3-2014q1/bin/../lib/gcc/arm-none-eabi/4.8.3/../../../../arm-none-eabi/lib/armv7-m/libg.a(lib_a-stdio.o)
                0x0000000000087508                __swrite
 .text.__sseek  0x0000000000087540       0x20 /home/fabrilov/sloeber/arduinoPlugin/packages/arduino/tools/arm-none-eabi-gcc/4.8.3-2014q1/bin/../lib/gcc/arm-none-eabi/4.8.3/../../../../arm-none-eabi/lib/armv7-m/libg.a(lib_a-stdio.o)
                0x0000000000087540                __sseek
 .text.__sclose
                0x0000000000087560        0x8 /home/fabrilov/sloeber/arduinoPlugin/packages/arduino/tools/arm-none-eabi-gcc/4.8.3-2014q1/bin/../lib/gcc/arm-none-eabi/4.8.3/../../../../arm-none-eabi/lib/armv7-m/libg.a(lib_a-stdio.o)
                0x0000000000087560                __sclose
 .text.__swbuf_r
                0x0000000000087568       0xa8 /home/fabrilov/sloeber/arduinoPlugin/packages/arduino/tools/arm-none-eabi-gcc/4.8.3-2014q1/bin/../lib/gcc/arm-none-eabi/4.8.3/../../../../arm-none-eabi/lib/armv7-m/libg.a(lib_a-wbuf.o)
                0x0000000000087568                __swbuf_r
 .text._wcrtomb_r
                0x0000000000087610       0x50 /home/fabrilov/sloeber/arduinoPlugin/packages/arduino/tools/arm-none-eabi-gcc/4.8.3-2014q1/bin/../lib/gcc/arm-none-eabi/4.8.3/../../../../arm-none-eabi/lib/armv7-m/libg.a(lib_a-wcrtomb.o)
                0x0000000000087610                _wcrtomb_r
 .text.__ascii_wctomb
                0x0000000000087660       0x1c /home/fabrilov/sloeber/arduinoPlugin/packages/arduino/tools/arm-none-eabi-gcc/4.8.3-2014q1/bin/../lib/gcc/arm-none-eabi/4.8.3/../../../../arm-none-eabi/lib/armv7-m/libg.a(lib_a-wctomb_r.o)
                0x0000000000087660                __ascii_wctomb
 .text._write_r
                0x000000000008767c       0x28 /home/fabrilov/sloeber/arduinoPlugin/packages/arduino/tools/arm-none-eabi-gcc/4.8.3-2014q1/bin/../lib/gcc/arm-none-eabi/4.8.3/../../../../arm-none-eabi/lib/armv7-m/libg.a(lib_a-writer.o)
                0x000000000008767c                _write_r
 .text._close_r
                0x00000000000876a4       0x24 /home/fabrilov/sloeber/arduinoPlugin/packages/arduino/tools/arm-none-eabi-gcc/4.8.3-2014q1/bin/../lib/gcc/arm-none-eabi/4.8.3/../../../../arm-none-eabi/lib/armv7-m/libg.a(lib_a-closer.o)
                0x00000000000876a4                _close_r
 .text._fclose_r
                0x00000000000876c8       0x80 /home/fabrilov/sloeber/arduinoPlugin/packages/arduino/tools/arm-none-eabi-gcc/4.8.3-2014q1/bin/../lib/gcc/arm-none-eabi/4.8.3/../../../../arm-none-eabi/lib/armv7-m/libg.a(lib_a-fclose.o)
                0x00000000000876c8                _fclose_r
 .text.fclose   0x0000000000087748       0x10 /home/fabrilov/sloeber/arduinoPlugin/packages/arduino/tools/arm-none-eabi-gcc/4.8.3-2014q1/bin/../lib/gcc/arm-none-eabi/4.8.3/../../../../arm-none-eabi/lib/armv7-m/libg.a(lib_a-fclose.o)
                0x0000000000087748                fclose
 .text._fstat_r
                0x0000000000087758       0x28 /home/fabrilov/sloeber/arduinoPlugin/packages/arduino/tools/arm-none-eabi-gcc/4.8.3-2014q1/bin/../lib/gcc/arm-none-eabi/4.8.3/../../../../arm-none-eabi/lib/armv7-m/libg.a(lib_a-fstatr.o)
                0x0000000000087758                _fstat_r
 .text._isatty_r
                0x0000000000087780       0x24 /home/fabrilov/sloeber/arduinoPlugin/packages/arduino/tools/arm-none-eabi-gcc/4.8.3-2014q1/bin/../lib/gcc/arm-none-eabi/4.8.3/../../../../arm-none-eabi/lib/armv7-m/libg.a(lib_a-isattyr.o)
                0x0000000000087780                _isatty_r
 .text._lseek_r
                0x00000000000877a4       0x28 /home/fabrilov/sloeber/arduinoPlugin/packages/arduino/tools/arm-none-eabi-gcc/4.8.3-2014q1/bin/../lib/gcc/arm-none-eabi/4.8.3/../../../../arm-none-eabi/lib/armv7-m/libg.a(lib_a-lseekr.o)
                0x00000000000877a4                _lseek_r
 .text._read_r  0x00000000000877cc       0x28 /home/fabrilov/sloeber/arduinoPlugin/packages/arduino/tools/arm-none-eabi-gcc/4.8.3-2014q1/bin/../lib/gcc/arm-none-eabi/4.8.3/../../../../arm-none-eabi/lib/armv7-m/libg.a(lib_a-readr.o)
                0x00000000000877cc                _read_r
 .text          0x00000000000877f4       0x2c /home/fabrilov/sloeber/arduinoPlugin/packages/arduino/tools/arm-none-eabi-gcc/4.8.3-2014q1/bin/../lib/gcc/arm-none-eabi/4.8.3/armv7-m/libgcc.a(_aeabi_uldivmod.o)
                0x00000000000877f4                __aeabi_uldivmod
 .text          0x0000000000087820       0x60 /home/fabrilov/sloeber/arduinoPlugin/packages/arduino/tools/arm-none-eabi-gcc/4.8.3-2014q1/bin/../lib/gcc/arm-none-eabi/4.8.3/armv7-m/libgcc.a(bpabi.o)
                0x0000000000087820                __gnu_ldivmod_helper
                0x0000000000087850                __gnu_uldivmod_helper
 .text          0x0000000000087880        0x4 /home/fabrilov/sloeber/arduinoPlugin/packages/arduino/tools/arm-none-eabi-gcc/4.8.3-2014q1/bin/../lib/gcc/arm-none-eabi/4.8.3/armv7-m/libgcc.a(_dvmd_tls.o)
                0x0000000000087880                __aeabi_ldiv0
                0x0000000000087880                __aeabi_idiv0
 .text          0x0000000000087884      0x2a0 /home/fabrilov/sloeber/arduinoPlugin/packages/arduino/tools/arm-none-eabi-gcc/4.8.3-2014q1/bin/../lib/gcc/arm-none-eabi/4.8.3/armv7-m/libgcc.a(_divdi3.o)
                0x0000000000087884                __divdi3
 .text          0x0000000000087b24      0x290 /home/fabrilov/sloeber/arduinoPlugin/packages/arduino/tools/arm-none-eabi-gcc/4.8.3-2014q1/bin/../lib/gcc/arm-none-eabi/4.8.3/armv7-m/libgcc.a(_udivdi3.o)
                0x0000000000087b24                __udivdi3
 *(.glue_7t)
 .glue_7t       0x0000000000000000        0x0 linker stubs
 *(.glue_7)
 .glue_7        0x0000000000000000        0x0 linker stubs
 *(.rodata .rodata* .gnu.linkonce.r.*)
 *fill*         0x0000000000087db4        0x4 
 .rodata._ZTV3Dum
                0x0000000000087db8       0x18 ./Dum.cpp.o
                0x0000000000087db8                vtable for Dum
 .rodata.str1.1
                0x0000000000087dd0       0x67 ./Dum.cpp.o
                                         0x6a (size before relaxing)
 .rodata        0x0000000000087e37        0xa ./NewBridge.cpp.o
 *fill*         0x0000000000087e41        0x7 
 .rodata._ZTV12ConsoleClass
                0x0000000000087e48       0x20 ./NewBridge.cpp.o
                0x0000000000087e48                vtable for ConsoleClass
 .rodata.str1.1
                0x0000000000087e68       0x39 ./NewBridge.cpp.o
                                         0x3a (size before relaxing)
 *fill*         0x0000000000087ea1        0x7 
 .rodata._ZTV7Process
                0x0000000000087ea8       0x20 ./NewBridge.cpp.o
                0x0000000000087ea8                vtable for Process
 .rodata._ZTV4File
                0x0000000000087ec8       0x20 ./NewBridge.cpp.o
                0x0000000000087ec8                vtable for File
 .rodata.str1.1
                0x0000000000087ee8      0x198 ./PWMCOM_SimulEbox.cpp.o
                                        0x1d1 (size before relaxing)
 .rodata._ZTV16PWMCOM_SimulEbox
                0x0000000000088080       0x18 ./PWMCOM_SimulEbox.cpp.o
                0x0000000000088080                vtable for PWMCOM_SimulEbox
 .rodata.str1.1
                0x0000000000088098        0x3 ./Parametri.cpp.o
                                          0x6 (size before relaxing)
 .rodata.str1.1