Archive member included because of file (symbol)

/home/fabrilov/sloeber//arduinoPlugin/packages/arduino/hardware/sam/1.6.10/variants/arduino_due_x/libsam_sam3x8e_gcc_rel.a(startup_sam3xa.o)
                              (Reset_Handler)
/home/fabrilov/sloeber//arduinoPlugin/packages/arduino/hardware/sam/1.6.10/variants/arduino_due_x/libsam_sam3x8e_gcc_rel.a(uotghs.o)
                              /home/fabrilov/sloeber//arduinoPlugin/packages/arduino/hardware/sam/1.6.10/variants/arduino_due_x/libsam_sam3x8e_gcc_rel.a(startup_sam3xa.o) (UOTGHS_Handler)
/home/fabrilov/sloeber-workspace/simulebox/Release/arduino.ar(variant.cpp.o)
                              /home/fabrilov/sloeber//arduinoPlugin/packages/arduino/hardware/sam/1.6.10/variants/arduino_due_x/libsam_sam3x8e_gcc_rel.a(startup_sam3xa.o) (UART_Handler)
/home/fabrilov/sloeber-workspace/simulebox/Release/arduino.ar(CDC.cpp.o)
                              ./sloeber.ino.cpp.o (Serial_::begin(unsigned long))
/home/fabrilov/sloeber-workspace/simulebox/Release/arduino.ar(USBCore.cpp.o)
                              /home/fabrilov/sloeber-workspace/simulebox/Release/arduino.ar(CDC.cpp.o) (USBD_Available(unsigned long))
/home/fabrilov/sloeber-workspace/simulebox/Release/arduino.ar(Print.cpp.o)
                              ./NewBridge.cpp.o (Print::write(unsigned char const*, unsigned int))
/home/fabrilov/sloeber-workspace/simulebox/Release/arduino.ar(Reset.cpp.o)
                              /home/fabrilov/sloeber-workspace/simulebox/Release/arduino.ar(CDC.cpp.o) (initiateReset)
/home/fabrilov/sloeber-workspace/simulebox/Release/arduino.ar(RingBuffer.cpp.o)
                              /home/fabrilov/sloeber-workspace/simulebox/Release/arduino.ar(variant.cpp.o) (RingBuffer::RingBuffer())
/home/fabrilov/sloeber-workspace/simulebox/Release/arduino.ar(Stream.cpp.o)
                              ./PWMCOM_SimulEbox.cpp.o (Stream::readString())
/home/fabrilov/sloeber-workspace/simulebox/Release/arduino.ar(UARTClass.cpp.o)
                              /home/fabrilov/sloeber-workspace/simulebox/Release/arduino.ar(variant.cpp.o) (UARTClass::available())
/home/fabrilov/sloeber-workspace/simulebox/Release/arduino.ar(USARTClass.cpp.o)
                              /home/fabrilov/sloeber-workspace/simulebox/Release/arduino.ar(variant.cpp.o) (USARTClass::USARTClass(Usart*, IRQn, unsigned long, RingBuffer*, RingBuffer*))
/home/fabrilov/sloeber-workspace/simulebox/Release/arduino.ar(WInterrupts.c.o)
                              /home/fabrilov/sloeber//arduinoPlugin/packages/arduino/hardware/sam/1.6.10/variants/arduino_due_x/libsam_sam3x8e_gcc_rel.a(startup_sam3xa.o) (PIOA_Handler)
/home/fabrilov/sloeber-workspace/simulebox/Release/arduino.ar(WMath.cpp.o)
                              ./PWMCOM_SimulEbox.cpp.o (randomSeed(unsigned long))
/home/fabrilov/sloeber-workspace/simulebox/Release/arduino.ar(WString.cpp.o)
                              ./Dum.cpp.o (String::String(String&&))
/home/fabrilov/sloeber-workspace/simulebox/Release/arduino.ar(abi.cpp.o)
                              ./NewBridge.cpp.o (__cxa_pure_virtual)
/home/fabrilov/sloeber-workspace/simulebox/Release/arduino.ar(cortex_handlers.c.o)
                              /home/fabrilov/sloeber//arduinoPlugin/packages/arduino/hardware/sam/1.6.10/variants/arduino_due_x/libsam_sam3x8e_gcc_rel.a(startup_sam3xa.o) (NMI_Handler)
/home/fabrilov/sloeber-workspace/simulebox/Release/arduino.ar(hooks.c.o)
                              /home/fabrilov/sloeber-workspace/simulebox/Release/arduino.ar(cortex_handlers.c.o) (sysTickHook)
/home/fabrilov/sloeber-workspace/simulebox/Release/arduino.ar(itoa.c.o)
                              /home/fabrilov/sloeber-workspace/simulebox/Release/arduino.ar(WString.cpp.o) (ltoa)
/home/fabrilov/sloeber-workspace/simulebox/Release/arduino.ar(main.cpp.o)
                              /home/fabrilov/sloeber/arduinoPlugin/packages/arduino/tools/arm-none-eabi-gcc/4.8.3-2014q1/bin/../lib/gcc/arm-none-eabi/4.8.3/../../../../arm-none-eabi/lib/armv7-m/crt0.o (main)
/home/fabrilov/sloeber-workspace/simulebox/Release/arduino.ar(new.cpp.o)
                              ./NewBridge.cpp.o (operator new(unsigned int))
/home/fabrilov/sloeber-workspace/simulebox/Release/arduino.ar(syscalls_sam3.c.o)
                              (_sbrk)
/home/fabrilov/sloeber-workspace/simulebox/Release/arduino.ar(watchdog.cpp.o)
                              ./sloeber.ino.cpp.o (watchdogEnable(unsigned long))
/home/fabrilov/sloeber-workspace/simulebox/Release/arduino.ar(wiring.c.o)
                              ./NewBridge.cpp.o (millis)
/home/fabrilov/sloeber-workspace/simulebox/Release/arduino.ar(wiring_analog.c.o)
                              ./PWMCOM_SimulEbox.cpp.o (analogRead)
/home/fabrilov/sloeber-workspace/simulebox/Release/arduino.ar(wiring_digital.c.o)
                              ./PWMCOM_SimulEbox.cpp.o (pinMode)
/home/fabrilov/sloeber-workspace/simulebox/Release/arduino.ar(dtostrf.c.o)
[...]
Memory Configuration

Name             Origin             Length             Attributes
rom              0x0000000000080000 0x0000000000080000 xr
sram0            0x0000000020000000 0x0000000000010000 xrw
sram1            0x0000000020080000 0x0000000000008000 xrw
ram              0x0000000020070000 0x0000000000018000 xrw
*default*        0x0000000000000000 0xffffffffffffffff

Linker script and memory map

LOAD /home/fabrilov/sloeber/arduinoPlugin/packages/arduino/tools/arm-none-eabi-gcc/4.8.3-2014q1/bin/../lib/gcc/arm-none-eabi/4.8.3/armv7-m/crti.o
LOAD /home/fabrilov/sloeber/arduinoPlugin/packages/arduino/tools/arm-none-eabi-gcc/4.8.3-2014q1/bin/../lib/gcc/arm-none-eabi/4.8.3/armv7-m/crtbegin.o
LOAD /home/fabrilov/sloeber/arduinoPlugin/packages/arduino/tools/arm-none-eabi-gcc/4.8.3-2014q1/bin/../lib/gcc/arm-none-eabi/4.8.3/../../../../arm-none-eabi/lib/armv7-m/crt0.o
START GROUP
LOAD ./Dum.cpp.o
LOAD ./NewBridge.cpp.o
LOAD ./PWMCOM_SimulEbox.cpp.o
LOAD ./Parametri.cpp.o
LOAD ./PseudoTimer.cpp.o
LOAD ./sloeber.ino.cpp.o
LOAD /home/fabrilov/sloeber//arduinoPlugin/packages/arduino/hardware/sam/1.6.10/variants/arduino_due_x/libsam_sam3x8e_gcc_rel.a
LOAD /home/fabrilov/sloeber-workspace/simulebox/Release/arduino.ar
END GROUP
LOAD /home/fabrilov/sloeber/arduinoPlugin/packages/arduino/tools/arm-none-eabi-gcc/4.8.3-2014q1/bin/../lib/gcc/arm-none-eabi/4.8.3/../../../../arm-none-eabi/lib/armv7-m/libm.a
START GROUP
LOAD /home/fabrilov/sloeber/arduinoPlugin/packages/arduino/tools/arm-none-eabi-gcc/4.8.3-2014q1/bin/../lib/gcc/arm-none-eabi/4.8.3/armv7-m/libgcc.a
LOAD /home/fabrilov/sloeber/arduinoPlugin/packages/arduino/tools/arm-none-eabi-gcc/4.8.3-2014q1/bin/../lib/gcc/arm-none-eabi/4.8.3/../../../../arm-none-eabi/lib/armv7-m/libg.a
LOAD /home/fabrilov/sloeber/arduinoPlugin/packages/arduino/tools/arm-none-eabi-gcc/4.8.3-2014q1/bin/../lib/gcc/arm-none-eabi/4.8.3/../../../../arm-none-eabi/lib/armv7-m/libc.a
END GROUP
LOAD /home/fabrilov/sloeber/arduinoPlugin/packages/arduino/tools/arm-none-eabi-gcc/4.8.3-2014q1/bin/../lib/gcc/arm-none-eabi/4.8.3/armv7-m/crtend.o
LOAD /home/fabrilov/sloeber/arduinoPlugin/packages/arduino/tools/arm-none-eabi-gcc/4.8.3-2014q1/bin/../lib/gcc/arm-none-eabi/4.8.3/armv7-m/crtn.o

.text           0x0000000000080000     0x8f20
                0x0000000000080000                . = ALIGN (0x4)
                0x0000000000080000                _sfixed = .
 *(.vectors .vectors.*)
 .vectors       0x0000000000080000       0xf4 /home/fabrilov/sloeber//arduinoPlugin/packages/arduino/hardware/sam/1.6.10/variants/arduino_due_x/libsam_sam3x8e_gcc_rel.a(startup_sam3xa.o)
                0x0000000000080000                exception_table
 *(.text .text.* .gnu.linkonce.t.*)
 .text          0x00000000000800f4       0x54 /home/fabrilov/sloeber/arduinoPlugin/packages/arduino/tools/arm-none-eabi-gcc/4.8.3-2014q1/bin/../lib/gcc/arm-none-eabi/4.8.3/armv7-m/crtbegin.o
 .text._ZN3Dum5beginEv
                0x0000000000080148        0x2 ./Dum.cpp.o
                0x0000000000080148                Dum::begin()
 .text._ZN3Dum13aggiornaStatoEv
                0x000000000008014a        0x4 ./Dum.cpp.o
                0x000000000008014a                Dum::aggiornaStato()
 *fill*         0x000000000008014e        0x2 
 .text._ZN3DumD2Ev
                0x0000000000080150       0x44 ./Dum.cpp.o
                0x0000000000080150                Dum::~Dum()
                0x0000000000080150                Dum::~Dum()
 .text._ZN3DumD0Ev
                0x0000000000080194       0x12 ./Dum.cpp.o
                0x0000000000080194                Dum::~Dum()
 .text._ZN3Dum14processCommandE6String
                0x00000000000801a6        0xe ./Dum.cpp.o
                0x00000000000801a6                Dum::processCommand(String)
 .text._ZN3DumC2Ev
                0x00000000000801b4       0x54 ./Dum.cpp.o
                0x00000000000801b4                Dum::Dum()
                0x00000000000801b4                Dum::Dum()
 .text._ZN3Dum9getSerialEv
                0x0000000000080208        0xe ./Dum.cpp.o
                0x0000000000080208                Dum::getSerial()
 .text._ZN3Dum11setNameConfE6String
                0x0000000000080216        0x6 ./Dum.cpp.o
                0x0000000000080216                Dum::setNameConf(String)
 .text._ZN3Dum8dataToCSE6String
                0x000000000008021c       0xec ./Dum.cpp.o
                0x000000000008021c                Dum::dataToCS(String)
 .text._ZN3Dum13setSampleRateEi
                0x0000000000080308       0x44 ./Dum.cpp.o
                0x0000000000080308                Dum::setSampleRate(int)
 .text._ZN3Dum15getValueFromKeyE6StringS0_
                0x000000000008034c       0x50 ./Dum.cpp.o
                0x000000000008034c                Dum::getValueFromKey(String, String)
 .text._ZN3Dum9setSerialE6String
                0x000000000008039c        0x6 ./Dum.cpp.o
                0x000000000008039c                Dum::setSerial(String)
 *fill*         0x00000000000803a2        0x2 
 .text._ZN3Dum20salvaParametroSuFileE6StringS0_S0_
                0x00000000000803a4      0x16c ./Dum.cpp.o
                0x00000000000803a4                Dum::salvaParametroSuFile(String, String, String)
 .text._ZN4File5writeEh
                0x0000000000080510       0x16 ./NewBridge.cpp.o
                0x0000000000080510                File::write(unsigned char)
 .text._ZN4File5flushEv
                0x0000000000080526        0x2 ./NewBridge.cpp.o
                0x0000000000080526                File::flush()
 .text._ZN7Process5flushEv
                0x0000000000080528        0x2 ./NewBridge.cpp.o
                0x0000000000080528                Process::flush()
 .text._Z17_crc_ccitt_updateth
                0x000000000008052a       0x18 ./NewBridge.cpp.o
                0x000000000008052a                _crc_ccitt_update(unsigned short, unsigned char)
 .text._ZN11BridgeClass9crcUpdateEh
                0x0000000000080542        0xe ./NewBridge.cpp.o
                0x0000000000080542                BridgeClass::crcUpdate(unsigned char)
 .text._ZN11BridgeClass8crcWriteEv
                0x0000000000080550       0x1c ./NewBridge.cpp.o
                0x0000000000080550                BridgeClass::crcWrite()
 .text._ZN11BridgeClass9timedReadEj
                0x000000000008056c       0x2a ./NewBridge.cpp.o
                0x000000000008056c                BridgeClass::timedRead(unsigned int)
 .text._ZN11BridgeClass7dropAllEv
                0x0000000000080596       0x1c ./NewBridge.cpp.o
                0x0000000000080596                BridgeClass::dropAll()
 .text._ZN11BridgeClass8transferEPKhtS1_tS1_tPht
                0x00000000000805b2      0x1d2 ./NewBridge.cpp.o
                0x00000000000805b2                BridgeClass::transfer(unsigned char const*, unsigned short, unsigned char const*, unsigned short, unsigned char const*, unsigned short, unsigned char*, unsigned short)
 .text._ZN11BridgeClass8transferEPKhtS1_tPht
                0x0000000000080784       0x22 ./NewBridge.cpp.o
                0x0000000000080784                BridgeClass::transfer(unsigned char const*, unsigned short, unsigned char const*, unsigned short, unsigned char*, unsigned short)
 .text._ZN11BridgeClass8transferEPKhtPht
                0x00000000000807a6       0x18 ./NewBridge.cpp.o
                0x00000000000807a6                BridgeClass::transfer(unsigned char const*, unsigned short, unsigned char*, unsigned short)
 .text._ZN11BridgeClass8transferEPKht
                0x00000000000807be       0x10 ./NewBridge.cpp.o
                0x00000000000807be                BridgeClass::transfer(unsigned char const*, unsigned short)
 .text._ZN12ConsoleClass5writeEh
                0x00000000000807ce       0x3a ./NewBridge.cpp.o
                0x00000000000807ce                ConsoleClass::write(unsigned char)
 .text._ZN12ConsoleClass5writeEPKhj
                0x0000000000080808       0x6a ./NewBridge.cpp.o
                0x0000000000080808                ConsoleClass::write(unsigned char const*, unsigned int)
 .text._ZN12ConsoleClass5flushEv
                0x0000000000080872       0x18 ./NewBridge.cpp.o
                0x0000000000080872                ConsoleClass::flush()
 .text._ZN7Process5writeEh
                0x000000000008088a       0x24 ./NewBridge.cpp.o
                0x000000000008088a                Process::write(unsigned char)
 .text._ZN4File5writeEPKhj
                0x00000000000808ae       0x4c ./NewBridge.cpp.o
                0x00000000000808ae                File::write(unsigned char const*, unsigned int)
 *fill*         0x00000000000808fa        0x2 
 .text._ZN11BridgeClass5beginEv
                0x00000000000808fc       0x8c ./NewBridge.cpp.o
                0x00000000000808fc                BridgeClass::begin()
 .text._ZN12ConsoleClassC2Ev
                0x0000000000080988       0x28 ./NewBridge.cpp.o
                0x0000000000080988                ConsoleClass::ConsoleClass()
                0x0000000000080988                ConsoleClass::ConsoleClass()
 .text._ZN12ConsoleClass8noBufferEv
                0x00000000000809b0       0x16 ./NewBridge.cpp.o
                0x00000000000809b0                ConsoleClass::noBuffer()
 *fill*         0x00000000000809c6        0x2 
 .text._ZN12ConsoleClass8doBufferEv
                0x00000000000809c8       0x2c ./NewBridge.cpp.o
                0x00000000000809c8                ConsoleClass::doBuffer()
 .text._ZN12ConsoleClass9availableEv
                0x00000000000809f4        0xc ./NewBridge.cpp.o
                0x00000000000809f4                ConsoleClass::available()
 .text._ZN12ConsoleClass4readEv
                0x0000000000080a00       0x22 ./NewBridge.cpp.o
                0x0000000000080a00                ConsoleClass::read()
 .text._ZN12ConsoleClass4peekEv
                0x0000000000080a22       0x1a ./NewBridge.cpp.o
                0x0000000000080a22                ConsoleClass::peek()
 .text._ZN12ConsoleClass3endEv
                0x0000000000080a3c       0x16 ./NewBridge.cpp.o
                0x0000000000080a3c                ConsoleClass::end()
 *fill*         0x0000000000080a52        0x2 
 .text._ZN12ConsoleClassD2Ev
                0x0000000000080a54       0x14 ./NewBridge.cpp.o
                0x0000000000080a54                ConsoleClass::~ConsoleClass()
                0x0000000000080a54                ConsoleClass::~ConsoleClass()
 .text._ZN12ConsoleClassD0Ev
                0x0000000000080a68       0x12 ./NewBridge.cpp.o
                0x0000000000080a68                ConsoleClass::~ConsoleClass()
 *fill*         0x0000000000080a7a        0x2 
 .text._ZN4FileC2EPKchR11BridgeClass
                0x0000000000080a7c       0xa4 ./NewBridge.cpp.o
                0x0000000000080a7c                File::File(char const*, unsigned char, BridgeClass&)
                0x0000000000080a7c                File::File(char const*, unsigned char, BridgeClass&)
 .text._ZN4File8doBufferEv
                0x0000000000080b20       0x48 ./NewBridge.cpp.o
                0x0000000000080b20                File::doBuffer()
 .text._ZN4File4readEv
                0x0000000000080b68       0x22 ./NewBridge.cpp.o
                0x0000000000080b68                File::read()
 .text._ZN4File4peekEv
                0x0000000000080b8a       0x1a ./NewBridge.cpp.o
                0x0000000000080b8a                File::peek()
 .text._ZN4File9availableEv
                0x0000000000080ba4        0xc ./NewBridge.cpp.o
                0x0000000000080ba4                File::available()
 .text._ZN4File5closeEv
                0x0000000000080bb0       0x36 ./NewBridge.cpp.o
                0x0000000000080bb0                File::close()
 *fill*         0x0000000000080be6        0x2 
 .text._ZN4FileD2Ev
                0x0000000000080be8       0x1c ./NewBridge.cpp.o
                0x0000000000080be8                File::~File()
                0x0000000000080be8                File::~File()
 .text._ZN4FileD0Ev
                0x0000000000080c04       0x12 ./NewBridge.cpp.o
                0x0000000000080c04                File::~File()
 .text._ZN15FileSystemClass5beginEv
                0x0000000000080c16        0x4 ./NewBridge.cpp.o
                0x0000000000080c16                FileSystemClass::begin()
 *fill*         0x0000000000080c1a        0x2 
 .text._ZN15FileSystemClass4openEPKch
                0x0000000000080c1c       0x18 ./NewBridge.cpp.o
                0x0000000000080c1c                FileSystemClass::open(char const*, unsigned char)
 .text._ZN12MailboxClass11readMessageER6Stringj
                0x0000000000080c34       0x42 ./NewBridge.cpp.o
                0x0000000000080c34                MailboxClass::readMessage(String&, unsigned int)
 .text._ZN12MailboxClass12writeMessageEPKhj
                0x0000000000080c76       0x24 ./NewBridge.cpp.o
                0x0000000000080c76                MailboxClass::writeMessage(unsigned char const*, unsigned int)
 .text._ZN12MailboxClass12writeMessageERK6String
                0x0000000000080c9a        0xa ./NewBridge.cpp.o
                0x0000000000080c9a                MailboxClass::writeMessage(String const&)
 .text._ZN12MailboxClass16messageAvailableEv
                0x0000000000080ca4       0x2a ./NewBridge.cpp.o
                0x0000000000080ca4                MailboxClass::messageAvailable()
 .text._ZN7Process8doBufferEv
                0x0000000000080cce       0x32 ./NewBridge.cpp.o
                0x0000000000080cce                Process::doBuffer()
 .text._ZN7Process9availableEv
                0x0000000000080d00        0xc ./NewBridge.cpp.o
                0x0000000000080d00                Process::available()
 .text._ZN7Process4readEv
                0x0000000000080d0c       0x22 ./NewBridge.cpp.o
                0x0000000000080d0c                Process::read()
 .text._ZN7Process4peekEv
                0x0000000000080d2e       0x1a ./NewBridge.cpp.o
                0x0000000000080d2e                Process::peek()
 .text._ZN7Process12addParameterERK6String
                0x0000000000080d48       0x20 ./NewBridge.cpp.o
                0x0000000000080d48                Process::addParameter(String const&)
 .text._ZN7Process17runAsynchronouslyEv
                0x0000000000080d68       0x4e ./NewBridge.cpp.o
                0x0000000000080d68                Process::runAsynchronously()
 .text._ZN7Process7runningEv
                0x0000000000080db6       0x2e ./NewBridge.cpp.o
                0x0000000000080db6                Process::running()
 .text._ZN7Process9exitValueEv
                0x0000000000080de4       0x2e ./NewBridge.cpp.o
                0x0000000000080de4                Process::exitValue()
 .text._ZN7Process3runEv
                0x0000000000080e12       0x22 ./NewBridge.cpp.o
                0x0000000000080e12                Process::run()
 .text._ZN7Process5closeEv
                0x0000000000080e34       0x26 ./NewBridge.cpp.o
                0x0000000000080e34                Process::close()
 *fill*         0x0000000000080e5a        0x2 
 .text._ZN7ProcessD2Ev
                0x0000000000080e5c       0x14 ./NewBridge.cpp.o
                0x0000000000080e5c                Process::~Process()
                0x0000000000080e5c                Process::~Process()
 .text._ZN7ProcessD0Ev
                0x0000000000080e70       0x12 ./NewBridge.cpp.o
                0x0000000000080e70                Process::~Process()
 .text._ZN7Process5beginERK6String
                0x0000000000080e82       0x1c ./NewBridge.cpp.o
                0x0000000000080e82                Process::begin(String const&)
 *fill*         0x0000000000080e9e        0x2 
 .text.startup._GLOBAL__sub_I__ZN11BridgeClassC2ER6Stream
                0x0000000000080ea0       0x4c ./NewBridge.cpp.o
 .text._ZN16PWMCOM_SimulEboxD2Ev
                0x0000000000080eec       0x44 ./PWMCOM_SimulEbox.cpp.o
                0x0000000000080eec                PWMCOM_SimulEbox::~PWMCOM_SimulEbox()
                0x0000000000080eec                PWMCOM_SimulEbox::~PWMCOM_SimulEbox()
 .text._ZN16PWMCOM_SimulEboxD0Ev
                0x0000000000080f30       0x12 ./PWMCOM_SimulEbox.cpp.o
                0x0000000000080f30                PWMCOM_SimulEbox::~PWMCOM_SimulEbox()
 *fill*         0x0000000000080f42        0x2 
 .text._ZN16PWMCOM_SimulEbox5beginEv
                0x0000000000080f44      0x244 ./PWMCOM_SimulEbox.cpp.o
                0x0000000000080f44                PWMCOM_SimulEbox::begin()
 .text._ZN16PWMCOM_SimulEboxC2Ev
                0x0000000000081188      0x290 ./PWMCOM_SimulEbox.cpp.o
                0x0000000000081188                PWMCOM_SimulEbox::PWMCOM_SimulEbox()
                0x0000000000081188                PWMCOM_SimulEbox::PWMCOM_SimulEbox()
 .text._ZN16PWMCOM_SimulEbox13getSampleRateEv
                0x0000000000081418       0xb4 ./PWMCOM_SimulEbox.cpp.o
                0x0000000000081418                PWMCOM_SimulEbox::getSampleRate()
 .text._ZN16PWMCOM_SimulEbox14processCommandE6String
                0x00000000000814cc      0x2fc ./PWMCOM_SimulEbox.cpp.o
                0x00000000000814cc                PWMCOM_SimulEbox::processCommand(String)
 .text._ZN16PWMCOM_SimulEbox14processMessageE6String
                0x00000000000817c8      0x1c8 ./PWMCOM_SimulEbox.cpp.o
                0x00000000000817c8                PWMCOM_SimulEbox::processMessage(String)
 .text._ZN16PWMCOM_SimulEbox16generazioneStatiEv
                0x0000000000081990       0x60 ./PWMCOM_SimulEbox.cpp.o
                0x0000000000081990                PWMCOM_SimulEbox::generazioneStati()
 .text._ZN16PWMCOM_SimulEbox9statoStopEv
                0x00000000000819f0       0x22 ./PWMCOM_SimulEbox.cpp.o
                0x00000000000819f0                PWMCOM_SimulEbox::statoStop()
 .text._ZN16PWMCOM_SimulEbox10inviaStatiEv
                0x0000000000081a12       0x98 ./PWMCOM_SimulEbox.cpp.o
                0x0000000000081a12                PWMCOM_SimulEbox::inviaStati()
 .text._ZN16PWMCOM_SimulEbox13leggiCorrentiEv
                0x0000000000081aaa       0x50 ./PWMCOM_SimulEbox.cpp.o
                0x0000000000081aaa                PWMCOM_SimulEbox::leggiCorrenti()
 *fill*         0x0000000000081afa        0x2 
 .text._ZN16PWMCOM_SimulEbox13aggiornaStatoEv
                0x0000000000081afc      0x334 ./PWMCOM_SimulEbox.cpp.o
                0x0000000000081afc                PWMCOM_SimulEbox::aggiornaStato()
 .text._ZN16PWMCOM_SimulEbox12sendDataToCsEv
                0x0000000000081e30      0x154 ./PWMCOM_SimulEbox.cpp.o
                0x0000000000081e30                PWMCOM_SimulEbox::sendDataToCs()
 .text._ZN16PWMCOM_SimulEbox14riceviMessaggiEv
                0x0000000000081f84       0x7c ./PWMCOM_SimulEbox.cpp.o
                0x0000000000081f84                PWMCOM_SimulEbox::riceviMessaggi()
 .text._ZN9ParametriC2Ev
                0x0000000000082000        0xa ./Parametri.cpp.o
                0x0000000000082000                Parametri::Parametri()
                0x0000000000082000                Parametri::Parametri()
 .text._ZN9ParametriD2Ev
                0x000000000008200a       0x18 ./Parametri.cpp.o
                0x000000000008200a                Parametri::~Parametri()
                0x000000000008200a                Parametri::~Parametri()
 *fill*         0x0000000000082022        0x2 
 .text._ZN9Parametri5beginEPK6Stringi
                0x0000000000082024       0x7c ./Parametri.cpp.o
                0x0000000000082024                Parametri::begin(String const*, int)
 .text._ZN9Parametri8setValueE6StringS0_
                0x00000000000820a0       0x46 ./Parametri.cpp.o
                0x00000000000820a0                Parametri::setValue(String, String)
 .text._ZN9Parametri8setValueE6Stringl
                0x00000000000820e6       0x5a ./Parametri.cpp.o
                0x00000000000820e6                Parametri::setValue(String, long)
 .text._ZN9Parametri8getValueE6String
                0x0000000000082140       0x50 ./Parametri.cpp.o
                0x0000000000082140                Parametri::getValue(String)
 .text._ZN9Parametri13getValueIJsonEi
                0x0000000000082190       0x7c ./Parametri.cpp.o
                0x0000000000082190                Parametri::getValueIJson(int)
 .text._ZN11PseudoTimerC2EmPFvvE
                0x000000000008220c        0xa ./PseudoTimer.cpp.o
                0x000000000008220c                PseudoTimer::PseudoTimer(unsigned long, void (*)())
                0x000000000008220c                PseudoTimer::PseudoTimer(unsigned long, void (*)())
 .text._ZN11PseudoTimerC2Ev
                0x0000000000082216        0x6 ./PseudoTimer.cpp.o
                0x0000000000082216                PseudoTimer::PseudoTimer()
                0x0000000000082216                PseudoTimer::PseudoTimer()
 .text._ZN11PseudoTimer5startEv
                0x000000000008221c        0xc ./PseudoTimer.cpp.o
                0x000000000008221c                PseudoTimer::start()
 .text._ZN11PseudoTimer14testAndExecuteEv
                0x0000000000082228       0x28 ./PseudoTimer.cpp.o
                0x0000000000082228                PseudoTimer::testAndExecute()
 .text._ZN11PseudoTimer9getPeriodEv
                0x0000000000082250        0x4 ./PseudoTimer.cpp.o
                0x0000000000082250                PseudoTimer::getPeriod()
 .text._ZN11PseudoTimer9setPeriodEm
                0x0000000000082254        0x4 ./PseudoTimer.cpp.o
                0x0000000000082254                PseudoTimer::setPeriod(unsigned long)
 .text._Z12sendDataToCsv
                0x0000000000082258       0x30 ./sloeber.ino.cpp.o
                0x0000000000082258                sendDataToCs()
 .text._Z14riceviMessaggiv
                0x0000000000082288       0x30 ./sloeber.ino.cpp.o
                0x0000000000082288                riceviMessaggi()
 .text._Z13watchdogSetupv
                0x00000000000822b8        0x2 ./sloeber.ino.cpp.o
                0x00000000000822b8                watchdogSetup()
 *fill*         0x00000000000822ba        0x2 
 .text.loop     0x00000000000822bc       0x28 ./sloeber.ino.cpp.o
                0x00000000000822bc                loop
 .text.startup._GLOBAL__sub_I_SimulEbox
                0x00000000000822e4       0x4c ./sloeber.ino.cpp.o
 .text.setup    0x0000000000082330       0x7c ./sloeber.ino.cpp.o
                0x0000000000082330                setup
 .text.Reset_Handler
                0x00000000000823ac       0x78 /home/fabrilov/sloeber//arduinoPlugin/packages/arduino/hardware/sam/1.6.10/variants/arduino_due_x/libsam_sam3x8e_gcc_rel.a(startup_sam3xa.o)
                0x00000000000823ac                Reset_Handler
 .text.UOTGHS_Handler
                0x0000000000082424       0x10 /home/fabrilov/sloeber//arduinoPlugin/packages/arduino/hardware/sam/1.6.10/variants/arduino_due_x/libsam_sam3x8e_gcc_rel.a(uotghs.o)
                0x0000000000082424                UOTGHS_Handler
 .text._Z11serialEventv
                0x0000000000082434        0x2 /home/fabrilov/sloeber-workspace/simulebox/Release/arduino.ar(variant.cpp.o)
                0x0000000000082434                serialEvent()
 *fill*         0x0000000000082436        0x2 
 .text.UART_Handler
                0x0000000000082438        0xc /home/fabrilov/sloeber-workspace/simulebox/Release/arduino.ar(variant.cpp.o)
                0x0000000000082438                UART_Handler
 .text._Z12serialEvent1v
                0x0000000000082444        0x2 /home/fabrilov/sloeber-workspace/simulebox/Release/arduino.ar(variant.cpp.o)
                0x0000000000082444                serialEvent1()
 .text._Z12serialEvent2v
                0x0000000000082446        0x2 /home/fabrilov/sloeber-workspace/simulebox/Release/arduino.ar(variant.cpp.o)
                0x0000000000082446                serialEvent2()
 .text._Z12serialEvent3v
                0x0000000000082448        0x2 /home/fabrilov/sloeber-workspace/simulebox/Release/arduino.ar(variant.cpp.o)
                0x0000000000082448                serialEvent3()
 *fill*         0x000000000008244a        0x2 
 .text.USART0_Handler
                0x000000000008244c        0xc /home/fabrilov/sloeber-workspace/simulebox/Release/arduino.ar(variant.cpp.o)
                0x000000000008244c                USART0_Handler
 .text.USART1_Handler
                0x0000000000082458        0xc /home/fabrilov/sloeber-workspace/simulebox/Release/arduino.ar(variant.cpp.o)
                0x0000000000082458                USART1_Handler
 .text.USART3_Handler
                0x0000000000082464        0xc /home/fabrilov/sloeber-workspace/simulebox/Release/arduino.ar(variant.cpp.o)
                0x0000000000082464                USART3_Handler
 .text.init     0x0000000000082470      0x128 /home/fabrilov/sloeber-workspace/simulebox/Release/arduino.ar(variant.cpp.o)
                0x0000000000082470                init
 .text.startup._GLOBAL__sub_I_g_APinDescription
                0x0000000000082598       0xd4 /home/fabrilov/sloeber-workspace/simulebox/Release/arduino.ar(variant.cpp.o)
 .text._Z14serialEventRunv
                0x000000000008266c       0x44 /home/fabrilov/sloeber-workspace/simulebox/Release/arduino.ar(variant.cpp.o)
                0x000000000008266c                serialEventRun()
 .text._ZN7Serial_9availableEv
                0x00000000000826b0       0x18 /home/fabrilov/sloeber-workspace/simulebox/Release/arduino.ar(CDC.cpp.o)
                0x00000000000826b0                Serial_::available()
 .text._ZN7Serial_17availableForWriteEv
                0x00000000000826c8        0x6 /home/fabrilov/sloeber-workspace/simulebox/Release/arduino.ar(CDC.cpp.o)
                0x00000000000826c8                Serial_::availableForWrite()
 *fill*         0x00000000000826ce        0x2 
 .text._ZN7Serial_4peekEv
                0x00000000000826d0       0x20 /home/fabrilov/sloeber-workspace/simulebox/Release/arduino.ar(CDC.cpp.o)
                0x00000000000826d0                Serial_::peek()
 .text._ZN7Serial_5writeEh
                0x00000000000826f0       0x16 /home/fabrilov/sloeber-workspace/simulebox/Release/arduino.ar(CDC.cpp.o)
                0x00000000000826f0                Serial_::write(unsigned char)
 *fill*         0x0000000000082706        0x2 
 .text._ZN7Serial_4readEv
                0x0000000000082708       0x44 /home/fabrilov/sloeber-workspace/simulebox/Release/arduino.ar(CDC.cpp.o)
                0x0000000000082708                Serial_::read()
 .text._ZN7Serial_5flushEv
                0x000000000008274c        0x6 /home/fabrilov/sloeber-workspace/simulebox/Release/arduino.ar(CDC.cpp.o)
                0x000000000008274c                Serial_::flush()
 *fill*         0x0000000000082752        0x2 
 .text._ZN7Serial_6acceptEv
                0x0000000000082754       0x70 /home/fabrilov/sloeber-workspace/simulebox/Release/arduino.ar(CDC.cpp.o)
                0x0000000000082754                Serial_::accept()
 .text._ZN7Serial_5writeEPKhj
                0x00000000000827c4       0x2c /home/fabrilov/sloeber-workspace/simulebox/Release/arduino.ar(CDC.cpp.o)
                0x00000000000827c4                Serial_::write(unsigned char const*, unsigned int)
 .text._Z16CDC_GetInterfacePh
                0x00000000000827f0       0x14 /home/fabrilov/sloeber-workspace/simulebox/Release/arduino.ar(CDC.cpp.o)
                0x00000000000827f0                CDC_GetInterface(unsigned char*)
 .text._Z21CDC_GetOtherInterfacePh
                0x0000000000082804       0x14 /home/fabrilov/sloeber-workspace/simulebox/Release/arduino.ar(CDC.cpp.o)
                0x0000000000082804                CDC_GetOtherInterface(unsigned char*)
 .text._Z9CDC_SetupR8USBSetup
                0x0000000000082818       0x78 /home/fabrilov/sloeber-workspace/simulebox/Release/arduino.ar(CDC.cpp.o)
                0x0000000000082818                CDC_Setup(USBSetup&)
 .text._ZN7Serial_5beginEm
                0x0000000000082890        0x2 /home/fabrilov/sloeber-workspace/simulebox/Release/arduino.ar(CDC.cpp.o)
                0x0000000000082890                Serial_::begin(unsigned long)
 *fill*         0x0000000000082892        0x2 
 .text.startup._GLOBAL__sub_I_cdc_rx_buffer
                0x0000000000082894       0x1c /home/fabrilov/sloeber-workspace/simulebox/Release/arduino.ar(CDC.cpp.o)
 .text.unlikely._ZL11USB_SendZlpv
                0x00000000000828b0       0x20 /home/fabrilov/sloeber-workspace/simulebox/Release/arduino.ar(USBCore.cpp.o)
 .text._Z14USBD_Availablem
                0x00000000000828d0       0x2c /home/fabrilov/sloeber-workspace/simulebox/Release/arduino.ar(USBCore.cpp.o)
                0x00000000000828d0                USBD_Available(unsigned long)
 .text._Z9USBD_RecvmPvm
                0x00000000000828fc       0x7c /home/fabrilov/sloeber-workspace/simulebox/Release/arduino.ar(USBCore.cpp.o)
                0x00000000000828fc                USBD_Recv(unsigned long, void*, unsigned long)
 .text._Z9USBD_Recvm
                0x0000000000082978       0x22 /home/fabrilov/sloeber-workspace/simulebox/Release/arduino.ar(USBCore.cpp.o)
                0x0000000000082978                USBD_Recv(unsigned long)
 *fill*         0x000000000008299a        0x2 
 .text._Z9USBD_SendmPKvm
                0x000000000008299c       0x4c /home/fabrilov/sloeber-workspace/simulebox/Release/arduino.ar(USBCore.cpp.o)
                0x000000000008299c                USBD_Send(unsigned long, void const*, unsigned long)
 .text._Z16USBD_SendControlhPKvm
                0x00000000000829e8       0x40 /home/fabrilov/sloeber-workspace/simulebox/Release/arduino.ar(USBCore.cpp.o)
                0x00000000000829e8                USBD_SendControl(unsigned char, void const*, unsigned long)
 .text.unlikely._ZL24USB_SendStringDescriptorPKhi
                0x0000000000082a28       0x64 /home/fabrilov/sloeber-workspace/simulebox/Release/arduino.ar(USBCore.cpp.o)
 .text._Z16USBD_RecvControlPvm
                0x0000000000082a8c       0x1c /home/fabrilov/sloeber-workspace/simulebox/Release/arduino.ar(USBCore.cpp.o)
                0x0000000000082a8c                USBD_RecvControl(void*, unsigned long)
 .text._Z26USBD_ClassInterfaceRequestR8USBSetup
                0x0000000000082aa8       0x1e /home/fabrilov/sloeber-workspace/simulebox/Release/arduino.ar(USBCore.cpp.o)
                0x0000000000082aa8                USBD_ClassInterfaceRequest(USBSetup&)
 .text._Z19USBD_SendInterfacesv
                0x0000000000082ac6       0x22 /home/fabrilov/sloeber-workspace/simulebox/Release/arduino.ar(USBCore.cpp.o)
                0x0000000000082ac6                USBD_SendInterfaces()
 .text._Z24USBD_SendOtherInterfacesv
                0x0000000000082ae8       0x22 /home/fabrilov/sloeber-workspace/simulebox/Release/arduino.ar(USBCore.cpp.o)
                0x0000000000082ae8                USBD_SendOtherInterfaces()
 .text._Z10USBD_Flushm
                0x0000000000082b0a       0x16 /home/fabrilov/sloeber-workspace/simulebox/Release/arduino.ar(USBCore.cpp.o)
                0x0000000000082b0a                USBD_Flush(unsigned long)
 .text._ZN10USBDevice_C2Ev
                0x0000000000082b20       0x24 /home/fabrilov/sloeber-workspace/simulebox/Release/arduino.ar(USBCore.cpp.o)
                0x0000000000082b20                USBDevice_::USBDevice_()
                0x0000000000082b20                USBDevice_::USBDevice_()
 .text._ZN10USBDevice_6attachEv
                0x0000000000082b44       0x20 /home/fabrilov/sloeber-workspace/simulebox/Release/arduino.ar(USBCore.cpp.o)
                0x0000000000082b44                USBDevice_::attach()
 .text.startup._GLOBAL__sub_I_EndPoints
                0x0000000000082b64        0xc /home/fabrilov/sloeber-workspace/simulebox/Release/arduino.ar(USBCore.cpp.o)
 .text._ZL7USB_ISRv
                0x0000000000082b70      0x454 /home/fabrilov/sloeber-workspace/simulebox/Release/arduino.ar(USBCore.cpp.o)
 .text._ZN5Print5writeEPKhj
                0x0000000000082fc4       0x22 /home/fabrilov/sloeber-workspace/simulebox/Release/arduino.ar(Print.cpp.o)
                0x0000000000082fc4                Print::write(unsigned char const*, unsigned int)
 .text._ZN5Print5writeEPKc
                0x0000000000082fe6       0x1e /home/fabrilov/sloeber-workspace/simulebox/Release/arduino.ar(Print.cpp.o)
                0x0000000000082fe6                Print::write(char const*)
 .text._ZN5Print5printERK6String
                0x0000000000083004       0x10 /home/fabrilov/sloeber-workspace/simulebox/Release/arduino.ar(Print.cpp.o)
                0x0000000000083004                Print::print(String const&)
 .text._ZN5Print5printEPKc
                0x0000000000083014        0x8 /home/fabrilov/sloeber-workspace/simulebox/Release/arduino.ar(Print.cpp.o)
                0x0000000000083014                Print::print(char const*)
 .text._ZN5Print7printlnEv
                0x000000000008301c       0x10 /home/fabrilov/sloeber-workspace/simulebox/Release/arduino.ar(Print.cpp.o)
                0x000000000008301c                Print::println()
 .text._ZN5Print7printlnERK6String
                0x000000000008302c       0x14 /home/fabrilov/sloeber-workspace/simulebox/Release/arduino.ar(Print.cpp.o)
                0x000000000008302c                Print::println(String const&)
 .text._ZN5Print7printlnEPKc
                0x0000000000083040       0x14 /home/fabrilov/sloeber-workspace/simulebox/Release/arduino.ar(Print.cpp.o)
                0x0000000000083040                Print::println(char const*)
 .text.initiateReset
                0x0000000000083054        0xc /home/fabrilov/sloeber-workspace/simulebox/Release/arduino.ar(Reset.cpp.o)
                0x0000000000083054                initiateReset
 .text.cancelReset
                0x0000000000083060       0x10 /home/fabrilov/sloeber-workspace/simulebox/Release/arduino.ar(Reset.cpp.o)
                0x0000000000083060                cancelReset
 .text.tickReset
                0x0000000000083070       0x20 /home/fabrilov/sloeber-workspace/simulebox/Release/arduino.ar(Reset.cpp.o)
                0x0000000000083070                tickReset
 .text._ZN10RingBufferC2Ev
                0x0000000000083090       0x1a /home/fabrilov/sloeber-workspace/simulebox/Release/arduino.ar(RingBuffer.cpp.o)
                0x0000000000083090                RingBuffer::RingBuffer()
                0x0000000000083090                RingBuffer::RingBuffer()
 .text._ZN10RingBuffer10store_charEh
                0x00000000000830aa       0x1e /home/fabrilov/sloeber-workspace/simulebox/Release/arduino.ar(RingBuffer.cpp.o)
                0x00000000000830aa                RingBuffer::store_char(unsigned char)
 .text._ZN6Stream9timedReadEv
                0x00000000000830c8       0x2a /home/fabrilov/sloeber-workspace/simulebox/Release/arduino.ar(Stream.cpp.o)
                0x00000000000830c8                Stream::timedRead()
 *fill*         0x00000000000830f2        0x2 
 .text._ZN6Stream10readStringEv
                0x00000000000830f4       0x28 /home/fabrilov/sloeber-workspace/simulebox/Release/arduino.ar(Stream.cpp.o)
                0x00000000000830f4                Stream::readString()
 .text._ZN9UARTClasscvbEv
                0x000000000008311c        0x4 /home/fabrilov/sloeber-workspace/simulebox/Release/arduino.ar(UARTClass.cpp.o)
                0x000000000008311c                UARTClass::operator bool()
 .text._ZN9UARTClass9availableEv
                0x0000000000083120       0x12 /home/fabrilov/sloeber-workspace/simulebox/Release/arduino.ar(UARTClass.cpp.o)
                0x0000000000083120                UARTClass::available()
 .text._ZN9UARTClass4peekEv
                0x0000000000083132       0x1c /home/fabrilov/sloeber-workspace/simulebox/Release/arduino.ar(UARTClass.cpp.o)
                0x0000000000083132                UARTClass::peek()
 .text._ZN9UARTClass4readEv
                0x000000000008314e       0x2a /home/fabrilov/sloeber-workspace/simulebox/Release/arduino.ar(UARTClass.cpp.o)
                0x000000000008314e                UARTClass::read()
 .text._ZN9UARTClass5flushEv
                0x0000000000083178       0x18 /home/fabrilov/sloeber-workspace/simulebox/Release/arduino.ar(UARTClass.cpp.o)
                0x0000000000083178                UARTClass::flush()
 .text._ZN9UARTClass5writeEh
                0x0000000000083190       0x54 /home/fabrilov/sloeber-workspace/simulebox/Release/arduino.ar(UARTClass.cpp.o)
                0x0000000000083190                UARTClass::write(unsigned char)
 .text._ZN9UARTClass3endEv
                0x00000000000831e4       0x3c /home/fabrilov/sloeber-workspace/simulebox/Release/arduino.ar(UARTClass.cpp.o)
                0x00000000000831e4                UARTClass::end()
 .text._ZN9UARTClassC2EP4Uart4IRQnmP10RingBufferS4_
                0x0000000000083220       0x24 /home/fabrilov/sloeber-workspace/simulebox/Release/arduino.ar(UARTClass.cpp.o)
                0x0000000000083220                UARTClass::UARTClass(Uart*, IRQn, unsigned long, RingBuffer*, RingBuffer*)
                0x0000000000083220                UARTClass::UARTClass(Uart*, IRQn, unsigned long, RingBuffer*, RingBuffer*)
 .text._ZN9UARTClass4initEmm
                0x0000000000083244       0x70 /home/fabrilov/sloeber-workspace/simulebox/Release/arduino.ar(UARTClass.cpp.o)
                0x0000000000083244                UARTClass::init(unsigned long, unsigned long)
 .text._ZN9UARTClass5beginEm
                0x00000000000832b4        0x8 /home/fabrilov/sloeber-workspace/simulebox/Release/arduino.ar(UARTClass.cpp.o)
                0x00000000000832b4                UARTClass::begin(unsigned long)
 .text._ZN9UARTClass10IrqHandlerEv
                0x00000000000832bc       0x5a /home/fabrilov/sloeber-workspace/simulebox/Release/arduino.ar(UARTClass.cpp.o)
                0x00000000000832bc                UARTClass::IrqHandler()
 .text._ZN10USARTClass5beginEm
                0x0000000000083316        0x8 /home/fabrilov/sloeber-workspace/simulebox/Release/arduino.ar(USARTClass.cpp.o)
                0x0000000000083316                USARTClass::begin(unsigned long)
 *fill*         0x000000000008331e        0x2 
 .text._ZN10USARTClassC2EP5Usart4IRQnmP10RingBufferS4_
                0x0000000000083320       0x24 /home/fabrilov/sloeber-workspace/simulebox/Release/arduino.ar(USARTClass.cpp.o)
                0x0000000000083320                USARTClass::USARTClass(Usart*, IRQn, unsigned long, RingBuffer*, RingBuffer*)
                0x0000000000083320                USARTClass::USARTClass(Usart*, IRQn, unsigned long, RingBuffer*, RingBuffer*)
 .text.PIOA_Handler
                0x0000000000083344       0x38 /home/fabrilov/sloeber-workspace/simulebox/Release/arduino.ar(WInterrupts.c.o)
                0x0000000000083344                PIOA_Handler
 .text.PIOB_Handler
                0x000000000008337c       0x38 /home/fabrilov/sloeber-workspace/simulebox/Release/arduino.ar(WInterrupts.c.o)
                0x000000000008337c                PIOB_Handler
 .text.PIOC_Handler
                0x00000000000833b4       0x38 /home/fabrilov/sloeber-workspace/simulebox/Release/arduino.ar(WInterrupts.c.o)
                0x00000000000833b4                PIOC_Handler
 .text.PIOD_Handler
                0x00000000000833ec       0x38 /home/fabrilov/sloeber-workspace/simulebox/Release/arduino.ar(WInterrupts.c.o)
                0x00000000000833ec                PIOD_Handler
 .text._Z10randomSeedm
                0x0000000000083424        0x8 /home/fabrilov/sloeber-workspace/simulebox/Release/arduino.ar(WMath.cpp.o)
                0x0000000000083424                randomSeed(unsigned long)
 .text._Z6randoml
                0x000000000008342c       0x16 /home/fabrilov/sloeber-workspace/simulebox/Release/arduino.ar(WMath.cpp.o)
                0x000000000008342c                random(long)
 .text._ZNK6String14StringIfHelperEv
                0x0000000000083442        0x2 /home/fabrilov/sloeber-workspace/simulebox/Release/arduino.ar(WString.cpp.o)
                0x0000000000083442                String::StringIfHelper() const
 .text._ZN6StringC2EOS_
                0x0000000000083444       0x1e /home/fabrilov/sloeber-workspace/simulebox/Release/arduino.ar(WString.cpp.o)
                0x0000000000083444                String::String(String&&)
                0x0000000000083444                String::String(String&&)
 .text._ZN6StringD2Ev
                0x0000000000083462        0xe /home/fabrilov/sloeber-workspace/simulebox/Release/arduino.ar(WString.cpp.o)
                0x0000000000083462                String::~String()
                0x0000000000083462                String::~String()
 .text._ZN6String10invalidateEv
                0x0000000000083470       0x16 /home/fabrilov/sloeber-workspace/simulebox/Release/arduino.ar(WString.cpp.o)
                0x0000000000083470                String::invalidate()
 .text._ZN6String12changeBufferEj
                0x0000000000083486       0x18 /home/fabrilov/sloeber-workspace/simulebox/Release/arduino.ar(WString.cpp.o)
                0x0000000000083486                String::changeBuffer(unsigned int)
 .text._ZN6String7reserveEj
                0x000000000008349e       0x22 /home/fabrilov/sloeber-workspace/simulebox/Release/arduino.ar(WString.cpp.o)
                0x000000000008349e                String::reserve(unsigned int)
 .text._ZN6String4copyEPKcj
                0x00000000000834c0       0x26 /home/fabrilov/sloeber-workspace/simulebox/Release/arduino.ar(WString.cpp.o)
                0x00000000000834c0                String::copy(char const*, unsigned int)
 .text._ZN6StringC2EPKc
                0x00000000000834e6       0x24 /home/fabrilov/sloeber-workspace/simulebox/Release/arduino.ar(WString.cpp.o)
                0x00000000000834e6                String::String(char const*)
                0x00000000000834e6                String::String(char const*)
 *fill*         0x000000000008350a        0x2 
 .text._ZN6String4moveERS_
                0x000000000008350c       0x44 /home/fabrilov/sloeber-workspace/simulebox/Release/arduino.ar(WString.cpp.o)
                0x000000000008350c                String::move(String&)
 .text._ZN6StringaSERKS_
                0x0000000000083550       0x1e /home/fabrilov/sloeber-workspace/simulebox/Release/arduino.ar(WString.cpp.o)
                0x0000000000083550                String::operator=(String const&)
 .text._ZN6StringC2ERKS_
                0x000000000008356e       0x14 /home/fabrilov/sloeber-workspace/simulebox/Release/arduino.ar(WString.cpp.o)
                0x000000000008356e                String::String(String const&)
                0x000000000008356e                String::String(String const&)
 .text._ZN6StringaSEOS_
                0x0000000000083582       0x10 /home/fabrilov/sloeber-workspace/simulebox/Release/arduino.ar(WString.cpp.o)
                0x0000000000083582                String::operator=(String&&)
 .text._ZN6StringaSEPKc
                0x0000000000083592       0x22 /home/fabrilov/sloeber-workspace/simulebox/Release/arduino.ar(WString.cpp.o)
                0x0000000000083592                String::operator=(char const*)
 .text._ZN6StringC2Ec
                0x00000000000835b4       0x20 /home/fabrilov/sloeber-workspace/simulebox/Release/arduino.ar(WString.cpp.o)
                0x00000000000835b4                String::String(char)
                0x00000000000835b4                String::String(char)
 .text._ZN6StringC2Eih
                0x00000000000835d4       0x24 /home/fabrilov/sloeber-workspace/simulebox/Release/arduino.ar(WString.cpp.o)
                0x00000000000835d4                String::String(int, unsigned char)
                0x00000000000835d4                String::String(int, unsigned char)
 .text._ZN6StringC2Elh
                0x00000000000835f8       0x24 /home/fabrilov/sloeber-workspace/simulebox/Release/arduino.ar(WString.cpp.o)
                0x00000000000835f8                String::String(long, unsigned char)
                0x00000000000835f8                String::String(long, unsigned char)
 .text._ZN6String6concatEPKcj
                0x000000000008361c       0x2e /home/fabrilov/sloeber-workspace/simulebox/Release/arduino.ar(WString.cpp.o)
                0x000000000008361c                String::concat(char const*, unsigned int)
 .text._ZN6String6concatERKS_
                0x000000000008364a        0xa /home/fabrilov/sloeber-workspace/simulebox/Release/arduino.ar(WString.cpp.o)
                0x000000000008364a                String::concat(String const&)
 .text._ZN6String6concatEPKc
                0x0000000000083654       0x1e /home/fabrilov/sloeber-workspace/simulebox/Release/arduino.ar(WString.cpp.o)
                0x0000000000083654                String::concat(char const*)
 .text._ZN6String6concatEc
                0x0000000000083672       0x1a /home/fabrilov/sloeber-workspace/simulebox/Release/arduino.ar(WString.cpp.o)
                0x0000000000083672                String::concat(char)
 .text._ZplRK15StringSumHelperRK6String
                0x000000000008368c       0x1a /home/fabrilov/sloeber-workspace/simulebox/Release/arduino.ar(WString.cpp.o)
                0x000000000008368c                operator+(StringSumHelper const&, String const&)
 .text._ZplRK15StringSumHelperPKc
                0x00000000000836a6       0x24 /home/fabrilov/sloeber-workspace/simulebox/Release/arduino.ar(WString.cpp.o)
                0x00000000000836a6                operator+(StringSumHelper const&, char const*)
 .text._ZplRK15StringSumHelperc
                0x00000000000836ca       0x14 /home/fabrilov/sloeber-workspace/simulebox/Release/arduino.ar(WString.cpp.o)
                0x00000000000836ca                operator+(StringSumHelper const&, char)
 .text._ZNK6String9compareToERKS_
                0x00000000000836de       0x2c /home/fabrilov/sloeber-workspace/simulebox/Release/arduino.ar(WString.cpp.o)
                0x00000000000836de                String::compareTo(String const&) const
 .text._ZNK6String6equalsERKS_
                0x000000000008370a       0x1c /home/fabrilov/sloeber-workspace/simulebox/Release/arduino.ar(WString.cpp.o)
                0x000000000008370a                String::equals(String const&) const
 .text._ZNK6String6equalsEPKc
                0x0000000000083726       0x26 /home/fabrilov/sloeber-workspace/simulebox/Release/arduino.ar(WString.cpp.o)
                0x0000000000083726                String::equals(char const*) const
 .text._ZNK6String8getBytesEPhjj
                0x000000000008374c       0x30 /home/fabrilov/sloeber-workspace/simulebox/Release/arduino.ar(WString.cpp.o)
                0x000000000008374c                String::getBytes(unsigned char*, unsigned int, unsigned int) const
 .text._ZNK6String7indexOfEcj
                0x000000000008377c       0x1c /home/fabrilov/sloeber-workspace/simulebox/Release/arduino.ar(WString.cpp.o)
                0x000000000008377c                String::indexOf(char, unsigned int) const
 .text._ZNK6String7indexOfEc
                0x0000000000083798        0x6 /home/fabrilov/sloeber-workspace/simulebox/Release/arduino.ar(WString.cpp.o)
                0x0000000000083798                String::indexOf(char) const
 .text._ZNK6String7indexOfERKS_j
                0x000000000008379e       0x1e /home/fabrilov/sloeber-workspace/simulebox/Release/arduino.ar(WString.cpp.o)
                0x000000000008379e                String::indexOf(String const&, unsigned int) const
 .text._ZNK6String7indexOfERKS_
                0x00000000000837bc        0x6 /home/fabrilov/sloeber-workspace/simulebox/Release/arduino.ar(WString.cpp.o)
                0x00000000000837bc                String::indexOf(String const&) const
 *fill*         0x00000000000837c2        0x2 
 .text._ZNK6String9substringEjj
                0x00000000000837c4       0x4c /home/fabrilov/sloeber-workspace/simulebox/Release/arduino.ar(WString.cpp.o)
                0x00000000000837c4                String::substring(unsigned int, unsigned int) const
 .text._ZNK6String5toIntEv
                0x0000000000083810        0xa /home/fabrilov/sloeber-workspace/simulebox/Release/arduino.ar(WString.cpp.o)
                0x0000000000083810                String::toInt() const
 .text.__halt   0x000000000008381a        0x2 /home/fabrilov/sloeber-workspace/simulebox/Release/arduino.ar(cortex_handlers.c.o)
                0x000000000008381a                DACC_Handler
                0x000000000008381a                DebugMon_Handler
                0x000000000008381a                DMAC_Handler
                0x000000000008381a                TRNG_Handler
                0x000000000008381a                HardFault_Handler
                0x000000000008381a                TC2_Handler
                0x000000000008381a                TWI1_Handler
                0x000000000008381a                NMI_Handler
                0x000000000008381a                TC7_Handler
                0x000000000008381a                ADC_Handler
                0x000000000008381a                SMC_Handler
                0x000000000008381a                RTT_Handler
                0x000000000008381a                EFC1_Handler
                0x000000000008381a                RTC_Handler
                0x000000000008381a                UsageFault_Handler
                0x000000000008381a                TC6_Handler
                0x000000000008381a                WDT_Handler
                0x000000000008381a                CAN0_Handler
                0x000000000008381a                TC4_Handler
                0x000000000008381a                TC1_Handler
                0x000000000008381a                HSMCI_Handler
                0x000000000008381a                TC3_Handler
                0x000000000008381a                TWI0_Handler
                0x000000000008381a                SSC_Handler
                0x000000000008381a                EFC0_Handler
                0x000000000008381a                PMC_Handler
                0x000000000008381a                PWM_Handler
                0x000000000008381a                CAN1_Handler
                0x000000000008381a                MemManage_Handler
                0x000000000008381a                SUPC_Handler
                0x000000000008381a                TC8_Handler
                0x000000000008381a                USART2_Handler
                0x000000000008381a                EMAC_Handler
                0x000000000008381a                BusFault_Handler
                0x000000000008381a                RSTC_Handler
                0x000000000008381a                TC0_Handler
                0x000000000008381a                TC5_Handler
                0x000000000008381a                SPI0_Handler
 .text.SVC_Handler
                0x000000000008381c        0x4 /home/fabrilov/sloeber-workspace/simulebox/Release/arduino.ar(cortex_handlers.c.o)
                0x000000000008381c                SVC_Handler
 .text.PendSV_Handler
                0x0000000000083820        0x4 /home/fabrilov/sloeber-workspace/simulebox/Release/arduino.ar(cortex_handlers.c.o)
                0x0000000000083820                PendSV_Handler
 .text.SysTick_Handler
                0x0000000000083824       0x16 /home/fabrilov/sloeber-workspace/simulebox/Release/arduino.ar(cortex_handlers.c.o)
                0x0000000000083824                SysTick_Handler
 .text.__empty  0x000000000008383a        0x2 /home/fabrilov/sloeber-workspace/simulebox/Release/arduino.ar(hooks.c.o)
                0x000000000008383a                yield
 .text.__false  0x000000000008383c        0x4 /home/fabrilov/sloeber-workspace/simulebox/Release/arduino.ar(hooks.c.o)
                0x000000000008383c                sysTickHook
 .text.__halt   0x0000000000083840        0x2 /home/fabrilov/sloeber-workspace/simulebox/Release/arduino.ar(hooks.c.o)
                0x0000000000083840                pendSVHook
                0x0000000000083840                svcHook
 .text.ltoa     0x0000000000083842       0x6e /home/fabrilov/sloeber-workspace/simulebox/Release/arduino.ar(itoa.c.o)
                0x0000000000083842                ltoa
 .text.itoa     0x00000000000838b0        0x4 /home/fabrilov/sloeber-workspace/simulebox/Release/arduino.ar(itoa.c.o)
                0x00000000000838b0                itoa
 .text.initVariant
                0x00000000000838b4        0x2 /home/fabrilov/sloeber-workspace/simulebox/Release/arduino.ar(main.cpp.o)
                0x00000000000838b4                initVariant
 *fill*         0x00000000000838b6        0x2 
 .text.startup.main
                0x00000000000838b8       0x38 /home/fabrilov/sloeber-workspace/simulebox/Release/arduino.ar(main.cpp.o)
                0x00000000000838b8                main
 .text._Znwj    0x00000000000838f0        0x4 /home/fabrilov/sloeber-workspace/simulebox/Release/arduino.ar(new.cpp.o)
                0x00000000000838f0                operator new(unsigned int)
 .text._Znaj    0x00000000000838f4        0x4 /home/fabrilov/sloeber-workspace/simulebox/Release/arduino.ar(new.cpp.o)
                0x00000000000838f4                operator new[](unsigned int)
 .text._ZdlPv   0x00000000000838f8        0x4 /home/fabrilov/sloeber-workspace/simulebox/Release/arduino.ar(new.cpp.o)
                0x00000000000838f8                operator delete(void*)
 .text._ZdaPv   0x00000000000838fc        0x4 /home/fabrilov/sloeber-workspace/simulebox/Release/arduino.ar(new.cpp.o)
                0x00000000000838fc                operator delete[](void*)
 .text._sbrk    0x0000000000083900       0x1c /home/fabrilov/sloeber-workspace/simulebox/Release/arduino.ar(syscalls_sam3.c.o)
                0x0000000000083900                _sbrk
 .text.link     0x000000000008391c        0x6 /home/fabrilov/sloeber-workspace/simulebox/Release/arduino.ar(syscalls_sam3.c.o)
                0x000000000008391c                link
 .text._close   0x0000000000083922        0x6 /home/fabrilov/sloeber-workspace/simulebox/Release/arduino.ar(syscalls_sam3.c.o)
                0x0000000000083922                _close
 .text._fstat   0x0000000000083928        0xa /home/fabrilov/sloeber-workspace/simulebox/Release/arduino.ar(syscalls_sam3.c.o)
                0x0000000000083928                _fstat
 .text._isatty  0x0000000000083932        0x4 /home/fabrilov/sloeber-workspace/simulebox/Release/arduino.ar(syscalls_sam3.c.o)
                0x0000000000083932                _isatty
 .text._lseek   0x0000000000083936        0x4 /home/fabrilov/sloeber-workspace/simulebox/Release/arduino.ar(syscalls_sam3.c.o)
                0x0000000000083936                _lseek
 .text._read    0x000000000008393a        0x4 /home/fabrilov/sloeber-workspace/simulebox/Release/arduino.ar(syscalls_sam3.c.o)
                0x000000000008393a                _read
 *fill*         0x000000000008393e        0x2 
 .text._write   0x0000000000083940       0x24 /home/fabrilov/sloeber-workspace/simulebox/Release/arduino.ar(syscalls_sam3.c.o)
                0x0000000000083940                _write
 .text._exit    0x0000000000083964       0x10 /home/fabrilov/sloeber-workspace/simulebox/Release/arduino.ar(syscalls_sam3.c.o)
                0x0000000000083964                _exit
 .text._kill    0x0000000000083974        0x2 /home/fabrilov/sloeber-workspace/simulebox/Release/arduino.ar(syscalls_sam3.c.o)
                0x0000000000083974                _kill
 .text._getpid  0x0000000000083976        0x6 /home/fabrilov/sloeber-workspace/simulebox/Release/arduino.ar(syscalls_sam3.c.o)
                0x0000000000083976                _getpid
 .text._Z14watchdogEnablem
                0x000000000008397c       0x34 /home/fabrilov/sloeber-workspace/simulebox/Release/arduino.ar(watchdog.cpp.o)
                0x000000000008397c                watchdogEnable(unsigned long)
 .text._Z13watchdogResetv
                0x00000000000839b0        0xc /home/fabrilov/sloeber-workspace/simulebox/Release/arduino.ar(watchdog.cpp.o)
                0x00000000000839b0                watchdogReset()
 .text.millis   0x00000000000839bc        0x4 /home/fabrilov/sloeber-workspace/simulebox/Release/arduino.ar(wiring.c.o)
                0x00000000000839bc                millis
 .text.delay    0x00000000000839c0       0x1c /home/fabrilov/sloeber-workspace/simulebox/Release/arduino.ar(wiring.c.o)
                0x00000000000839c0                delay
 .text.mapResolution
                0x00000000000839dc       0x12 /home/fabrilov/sloeber-workspace/simulebox/Release/arduino.ar(wiring_analog.c.o)
 *fill*         0x00000000000839ee        0x2 
 .text.analogRead
                0x00000000000839f0       0x9c /home/fabrilov/sloeber-workspace/simulebox/Release/arduino.ar(wiring_analog.c.o)
                0x00000000000839f0                analogRead
 .text.analogOutputInit
                0x0000000000083a8c        0x2 /home/fabrilov/sloeber-workspace/simulebox/Release/arduino.ar(wiring_analog.c.o)
                0x0000000000083a8c                analogOutputInit
 *fill*         0x0000000000083a8e        0x2 
 .text.pinMode  0x0000000000083a90      0x108 /home/fabrilov/sloeber-workspace/simulebox/Release/arduino.ar(wiring_digital.c.o)
                0x0000000000083a90                pinMode
 .text.digitalWrite
                0x0000000000083b98       0x70 /home/fabrilov/sloeber-workspace/simulebox/Release/arduino.ar(wiring_digital.c.o)
                0x0000000000083b98                digitalWrite
 .text._ZN13PluggableUSB_12getInterfaceEPh
                0x0000000000083c08       0x28 /home/fabrilov/sloeber-workspace/simulebox/Release/arduino.ar(PluggableUSB.cpp.o)
                0x0000000000083c08                PluggableUSB_::getInterface(unsigned char*)
 .text._ZN13PluggableUSB_13getDescriptorER8USBSetup
                0x0000000000083c30       0x1c /home/fabrilov/sloeber-workspace/simulebox/Release/arduino.ar(PluggableUSB.cpp.o)
                0x0000000000083c30                PluggableUSB_::getDescriptor(USBSetup&)
 .text._ZN13PluggableUSB_12getShortNameEPc
                0x0000000000083c4c       0x1c /home/fabrilov/sloeber-workspace/simulebox/Release/arduino.ar(PluggableUSB.cpp.o)
                0x0000000000083c4c                PluggableUSB_::getShortName(char*)
 .text._ZN13PluggableUSB_5setupER8USBSetup
                0x0000000000083c68       0x20 /home/fabrilov/sloeber-workspace/simulebox/Release/arduino.ar(PluggableUSB.cpp.o)
                0x0000000000083c68                PluggableUSB_::setup(USBSetup&)
 .text._Z12PluggableUSBv
                0x0000000000083c88       0x28 /home/fabrilov/sloeber-workspace/simulebox/Release/arduino.ar(PluggableUSB.cpp.o)
                0x0000000000083c88                PluggableUSB()
 .text.PIO_PullUp
                0x0000000000083cb0        0xa /home/fabrilov/sloeber//arduinoPlugin/packages/arduino/hardware/sam/1.6.10/variants/arduino_due_x/libsam_sam3x8e_gcc_rel.a(pio.o)
                0x0000000000083cb0                PIO_PullUp
 .text.PIO_SetPeripheral
                0x0000000000083cba       0x26 /home/fabrilov/sloeber//arduinoPlugin/packages/arduino/hardware/sam/1.6.10/variants/arduino_due_x/libsam_sam3x8e_gcc_rel.a(pio.o)
                0x0000000000083cba                PIO_SetPeripheral
 .text.PIO_SetInput
                0x0000000000083ce0       0x26 /home/fabrilov/sloeber//arduinoPlugin/packages/arduino/hardware/sam/1.6.10/variants/arduino_due_x/libsam_sam3x8e_gcc_rel.a(pio.o)
                0x0000000000083ce0                PIO_SetInput
 .text.PIO_SetOutput
                0x0000000000083d06       0x24 /home/fabrilov/sloeber//arduinoPlugin/packages/arduino/hardware/sam/1.6.10/variants/arduino_due_x/libsam_sam3x8e_gcc_rel.a(pio.o)
                0x0000000000083d06                PIO_SetOutput
 *fill*         0x0000000000083d2a        0x2 
 .text.PIO_Configure
                0x0000000000083d2c       0x64 /home/fabrilov/sloeber//arduinoPlugin/packages/arduino/hardware/sam/1.6.10/variants/arduino_due_x/libsam_sam3x8e_gcc_rel.a(pio.o)
                0x0000000000083d2c                PIO_Configure
 .text.PIO_GetOutputDataStatus
                0x0000000000083d90       0x14 /home/fabrilov/sloeber//arduinoPlugin/packages/arduino/hardware/sam/1.6.10/variants/arduino_due_x/libsam_sam3x8e_gcc_rel.a(pio.o)
                0x0000000000083d90                PIO_GetOutputDataStatus
 .text.pmc_enable_upll_clock
                0x0000000000083da4       0x14 /home/fabrilov/sloeber//arduinoPlugin/packages/arduino/hardware/sam/1.6.10/variants/arduino_due_x/libsam_sam3x8e_gcc_rel.a(pmc.o)
                0x0000000000083da4                pmc_enable_upll_clock
 .text.pmc_enable_periph_clk
                0x0000000000083db8       0x44 /home/fabrilov/sloeber//arduinoPlugin/packages/arduino/hardware/sam/1.6.10/variants/arduino_due_x/libsam_sam3x8e_gcc_rel.a(pmc.o)
                0x0000000000083db8                pmc_enable_periph_clk
 .text.pmc_disable_periph_clk
                0x0000000000083dfc       0x40 /home/fabrilov/sloeber//arduinoPlugin/packages/arduino/hardware/sam/1.6.10/variants/arduino_due_x/libsam_sam3x8e_gcc_rel.a(pmc.o)
                0x0000000000083dfc                pmc_disable_periph_clk
 .text.pmc_switch_udpck_to_upllck
                0x0000000000083e3c       0x14 /home/fabrilov/sloeber//arduinoPlugin/packages/arduino/hardware/sam/1.6.10/variants/arduino_due_x/libsam_sam3x8e_gcc_rel.a(pmc.o)
                0x0000000000083e3c                pmc_switch_udpck_to_upllck
 .text.pmc_enable_udpck
                0x0000000000083e50        0xc /home/fabrilov/sloeber//arduinoPlugin/packages/arduino/hardware/sam/1.6.10/variants/arduino_due_x/libsam_sam3x8e_gcc_rel.a(pmc.o)
                0x0000000000083e50                pmc_enable_udpck
 .text.TimeTick_Increment
                0x0000000000083e5c       0x10 /home/fabrilov/sloeber//arduinoPlugin/packages/arduino/hardware/sam/1.6.10/variants/arduino_due_x/libsam_sam3x8e_gcc_rel.a(timetick.o)
                0x0000000000083e5c                TimeTick_Increment
 .text.GetTickCount
                0x0000000000083e6c        0xc /home/fabrilov/sloeber//arduinoPlugin/packages/arduino/hardware/sam/1.6.10/variants/arduino_due_x/libsam_sam3x8e_gcc_rel.a(timetick.o)
                0x0000000000083e6c                GetTickCount
 .text.WDT_Enable
                0x0000000000083e78        0x4 /home/fabrilov/sloeber//arduinoPlugin/packages/arduino/hardware/sam/1.6.10/variants/arduino_due_x/libsam_sam3x8e_gcc_rel.a(wdt.o)
                0x0000000000083e78                WDT_Enable
 .text.WDT_Restart
                0x0000000000083e7c        0xc /home/fabrilov/sloeber//arduinoPlugin/packages/arduino/hardware/sam/1.6.10/variants/arduino_due_x/libsam_sam3x8e_gcc_rel.a(wdt.o)
                0x0000000000083e7c                WDT_Restart
 .text.SystemInit
                0x0000000000083e88       0x88 /home/fabrilov/sloeber//arduinoPlugin/packages/arduino/hardware/sam/1.6.10/variants/arduino_due_x/libsam_sam3x8e_gcc_rel.a(system_sam3xa.o)
                0x0000000000083e88                SystemInit
 .text.adc_init
                0x0000000000083f10       0x98 /home/fabrilov/sloeber//arduinoPlugin/packages/arduino/hardware/sam/1.6.10/variants/arduino_due_x/libsam_sam3x8e_gcc_rel.a(adc.o)
                0x0000000000083f10                adc_init
 .text.adc_configure_trigger
                0x0000000000083fa8        0xe /home/fabrilov/sloeber//arduinoPlugin/packages/arduino/hardware/sam/1.6.10/variants/arduino_due_x/libsam_sam3x8e_gcc_rel.a(adc.o)
                0x0000000000083fa8                adc_configure_trigger
 .text.adc_configure_timing
                0x0000000000083fb6       0x1a /home/fabrilov/sloeber//arduinoPlugin/packages/arduino/hardware/sam/1.6.10/variants/arduino_due_x/libsam_sam3x8e_gcc_rel.a(adc.o)
                0x0000000000083fb6                adc_configure_timing
 .text.adc_start
                0x0000000000083fd0        0x6 /home/fabrilov/sloeber//arduinoPlugin/packages/arduino/hardware/sam/1.6.10/variants/arduino_due_x/libsam_sam3x8e_gcc_rel.a(adc.o)
                0x0000000000083fd0                adc_start
 .text.adc_enable_channel
                0x0000000000083fd6        0xa /home/fabrilov/sloeber//arduinoPlugin/packages/arduino/hardware/sam/1.6.10/variants/arduino_due_x/libsam_sam3x8e_gcc_rel.a(adc.o)
                0x0000000000083fd6                adc_enable_channel
 .text.adc_disable_channel
                0x0000000000083fe0        0xa /home/fabrilov/sloeber//arduinoPlugin/packages/arduino/hardware/sam/1.6.10/variants/arduino_due_x/libsam_sam3x8e_gcc_rel.a(adc.o)
                0x0000000000083fe0                adc_disable_channel
 .text.adc_disable_all_channel
                0x0000000000083fea        0x8 /home/fabrilov/sloeber//arduinoPlugin/packages/arduino/hardware/sam/1.6.10/variants/arduino_due_x/libsam_sam3x8e_gcc_rel.a(adc.o)
                0x0000000000083fea                adc_disable_all_channel
 .text.adc_get_channel_status
                0x0000000000083ff2        0xa /home/fabrilov/sloeber//arduinoPlugin/packages/arduino/hardware/sam/1.6.10/variants/arduino_due_x/libsam_sam3x8e_gcc_rel.a(adc.o)
                0x0000000000083ff2                adc_get_channel_status
 .text.adc_get_latest_value
                0x0000000000083ffc        0x4 /home/fabrilov/sloeber//arduinoPlugin/packages/arduino/hardware/sam/1.6.10/variants/arduino_due_x/libsam_sam3x8e_gcc_rel.a(adc.o)
                0x0000000000083ffc                adc_get_latest_value
 .text.adc_disable_interrupt
                0x0000000000084000        0x4 /home/fabrilov/sloeber//arduinoPlugin/packages/arduino/hardware/sam/1.6.10/variants/arduino_due_x/libsam_sam3x8e_gcc_rel.a(adc.o)
                0x0000000000084000                adc_disable_interrupt
 .text.adc_get_status
                0x0000000000084004        0x4 /home/fabrilov/sloeber//arduinoPlugin/packages/arduino/hardware/sam/1.6.10/variants/arduino_due_x/libsam_sam3x8e_gcc_rel.a(adc.o)
                0x0000000000084004                adc_get_status
 .text.UDD_SetStack
                0x0000000000084008        0xc /home/fabrilov/sloeber//arduinoPlugin/packages/arduino/hardware/sam/1.6.10/variants/arduino_due_x/libsam_sam3x8e_gcc_rel.a(uotghs_device.o)
                0x0000000000084008                UDD_SetStack
 .text.UDD_Init
                0x0000000000084014       0xd0 /home/fabrilov/sloeber//arduinoPlugin/packages/arduino/hardware/sam/1.6.10/variants/arduino_due_x/libsam_sam3x8e_gcc_rel.a(uotghs_device.o)
                0x0000000000084014                UDD_Init
 .text.UDD_Attach
                0x00000000000840e4       0x50 /home/fabrilov/sloeber//arduinoPlugin/packages/arduino/hardware/sam/1.6.10/variants/arduino_due_x/libsam_sam3x8e_gcc_rel.a(uotghs_device.o)
                0x00000000000840e4                UDD_Attach
 .text.UDD_InitEP
                0x0000000000084134       0x2c /home/fabrilov/sloeber//arduinoPlugin/packages/arduino/hardware/sam/1.6.10/variants/arduino_due_x/libsam_sam3x8e_gcc_rel.a(uotghs_device.o)
                0x0000000000084134                UDD_InitEP
 .text.UDD_InitEndpoints
                0x0000000000084160       0x3c /home/fabrilov/sloeber//arduinoPlugin/packages/arduino/hardware/sam/1.6.10/variants/arduino_due_x/libsam_sam3x8e_gcc_rel.a(uotghs_device.o)
                0x0000000000084160                UDD_InitEndpoints
 .text.UDD_WaitIN
                0x000000000008419c       0x10 /home/fabrilov/sloeber//arduinoPlugin/packages/arduino/hardware/sam/1.6.10/variants/arduino_due_x/libsam_sam3x8e_gcc_rel.a(uotghs_device.o)
                0x000000000008419c                UDD_WaitIN
 .text.UDD_WaitOUT
                0x00000000000841ac       0x10 /home/fabrilov/sloeber//arduinoPlugin/packages/arduino/hardware/sam/1.6.10/variants/arduino_due_x/libsam_sam3x8e_gcc_rel.a(uotghs_device.o)
                0x00000000000841ac                UDD_WaitOUT
 .text.UDD_ClearIN
                0x00000000000841bc       0x18 /home/fabrilov/sloeber//arduinoPlugin/packages/arduino/hardware/sam/1.6.10/variants/arduino_due_x/libsam_sam3x8e_gcc_rel.a(uotghs_device.o)
                0x00000000000841bc                UDD_ClearIN
 .text.UDD_ClearOUT
                0x00000000000841d4       0x18 /home/fabrilov/sloeber//arduinoPlugin/packages/arduino/hardware/sam/1.6.10/variants/arduino_due_x/libsam_sam3x8e_gcc_rel.a(uotghs_device.o)
                0x00000000000841d4                UDD_ClearOUT
 .text.UDD_ReceivedSetupInt
                0x00000000000841ec       0x10 /home/fabrilov/sloeber//arduinoPlugin/packages/arduino/hardware/sam/1.6.10/variants/arduino_due_x/libsam_sam3x8e_gcc_rel.a(uotghs_device.o)
                0x00000000000841ec                UDD_ReceivedSetupInt
 .text.UDD_ClearSetupInt
                0x00000000000841fc       0x10 /home/fabrilov/sloeber//arduinoPlugin/packages/arduino/hardware/sam/1.6.10/variants/arduino_due_x/libsam_sam3x8e_gcc_rel.a(uotghs_device.o)
                0x00000000000841fc                UDD_ClearSetupInt
 .text.UDD_Send
                0x000000000008420c       0x88 /home/fabrilov/sloeber//arduinoPlugin/packages/arduino/hardware/sam/1.6.10/variants/arduino_due_x/libsam_sam3x8e_gcc_rel.a(uotghs_device.o)
                0x000000000008420c                UDD_Send
 .text.UDD_Send8
                0x0000000000084294       0x24 /home/fabrilov/sloeber//arduinoPlugin/packages/arduino/hardware/sam/1.6.10/variants/arduino_due_x/libsam_sam3x8e_gcc_rel.a(uotghs_device.o)
                0x0000000000084294                UDD_Send8
 .text.UDD_Recv8
                0x00000000000842b8       0x28 /home/fabrilov/sloeber//arduinoPlugin/packages/arduino/hardware/sam/1.6.10/variants/arduino_due_x/libsam_sam3x8e_gcc_rel.a(uotghs_device.o)
                0x00000000000842b8                UDD_Recv8
 .text.UDD_Recv
                0x00000000000842e0       0x34 /home/fabrilov/sloeber//arduinoPlugin/packages/arduino/hardware/sam/1.6.10/variants/arduino_due_x/libsam_sam3x8e_gcc_rel.a(uotghs_device.o)
                0x00000000000842e0                UDD_Recv
 .text.UDD_Stall
                0x0000000000084314       0x14 /home/fabrilov/sloeber//arduinoPlugin/packages/arduino/hardware/sam/1.6.10/variants/arduino_due_x/libsam_sam3x8e_gcc_rel.a(uotghs_device.o)
                0x0000000000084314                UDD_Stall
 .text.UDD_FifoByteCount
                0x0000000000084328       0x14 /home/fabrilov/sloeber//arduinoPlugin/packages/arduino/hardware/sam/1.6.10/variants/arduino_due_x/libsam_sam3x8e_gcc_rel.a(uotghs_device.o)
                0x0000000000084328                UDD_FifoByteCount
 .text.UDD_ReleaseRX
                0x000000000008433c       0x28 /home/fabrilov/sloeber//arduinoPlugin/packages/arduino/hardware/sam/1.6.10/variants/arduino_due_x/libsam_sam3x8e_gcc_rel.a(uotghs_device.o)
                0x000000000008433c                UDD_ReleaseRX
 .text.UDD_ReleaseTX
                0x0000000000084364       0x28 /home/fabrilov/sloeber//arduinoPlugin/packages/arduino/hardware/sam/1.6.10/variants/arduino_due_x/libsam_sam3x8e_gcc_rel.a(uotghs_device.o)
                0x0000000000084364                UDD_ReleaseTX
 .text.UDD_SetAddress
                0x000000000008438c       0x20 /home/fabrilov/sloeber//arduinoPlugin/packages/arduino/hardware/sam/1.6.10/variants/arduino_due_x/libsam_sam3x8e_gcc_rel.a(uotghs_device.o)
                0x000000000008438c                UDD_SetAddress
 .text.__aeabi_atexit
                0x00000000000843ac        0xc /home/fabrilov/sloeber/arduinoPlugin/packages/arduino/tools/arm-none-eabi-gcc/4.8.3-2014q1/bin/../lib/gcc/arm-none-eabi/4.8.3/../../../../arm-none-eabi/lib/armv7-m/libg.a(lib_a-aeabi_atexit.o)
                0x00000000000843ac                __aeabi_atexit
 .text.atol     0x00000000000843b8        0x8 /home/fabrilov/sloeber/arduinoPlugin/packages/arduino/tools/arm-none-eabi-gcc/4.8.3-2014q1/bin/../lib/gcc/arm-none-eabi/4.8.3/../../../../arm-none-eabi/lib/armv7-m/libg.a(lib_a-atol.o)
                0x00000000000843b8                atol
 .text.__cxa_atexit
                0x00000000000843c0       0x14 /home/fabrilov/sloeber/arduinoPlugin/packages/arduino/tools/arm-none-eabi-gcc/4.8.3-2014q1/bin/../lib/gcc/arm-none-eabi/4.8.3/../../../../arm-none-eabi/lib/armv7-m/libg.a(lib_a-cxa_atexit.o)
                0x00000000000843c0                __cxa_atexit
 .text.__libc_init_array
                0x00000000000843d4       0x50 /home/fabrilov/sloeber/arduinoPlugin/packages/arduino/tools/arm-none-eabi-gcc/4.8.3-2014q1/bin/../lib/gcc/arm-none-eabi/4.8.3/../../../../arm-none-eabi/lib/armv7-m/libg.a(lib_a-init.o)
                0x00000000000843d4                __libc_init_array
 .text.iprintf  0x0000000000084424       0x28 /home/fabrilov/sloeber/arduinoPlugin/packages/arduino/tools/arm-none-eabi-gcc/4.8.3-2014q1/bin/../lib/gcc/arm-none-eabi/4.8.3/../../../../arm-none-eabi/lib/armv7-m/libg.a(lib_a-iprintf.o)
                0x0000000000084424                iprintf
 .text.malloc   0x000000000008444c       0x10 /home/fabrilov/sloeber/arduinoPlugin/packages/arduino/tools/arm-none-eabi-gcc/4.8.3-2014q1/bin/../lib/gcc/arm-none-eabi/4.8.3/../../../../arm-none-eabi/lib/armv7-m/libg.a(lib_a-malloc.o)
                0x000000000008444c                malloc
 .text.free     0x000000000008445c       0x10 /home/fabrilov/sloeber/arduinoPlugin/packages/arduino/tools/arm-none-eabi-gcc/4.8.3-2014q1/bin/../lib/gcc/arm-none-eabi/4.8.3/../../../../arm-none-eabi/lib/armv7-m/libg.a(lib_a-malloc.o)
                0x000000000008445c                free
 .text._malloc_r
                0x000000000008446c      0x538 /home/fabrilov/sloeber/arduinoPlugin/packages/arduino/tools/arm-none-eabi-gcc/4.8.3-2014q1/bin/../lib/gcc/arm-none-eabi/4.8.3/../../../../arm-none-eabi/lib/armv7-m/libg.a(lib_a-mallocr.o)
                0x000000000008446c                _malloc_r
 .text          0x00000000000849a4       0xec /home/fabrilov/sloeber/arduinoPlugin/packages/arduino/tools/arm-none-eabi-gcc/4.8.3-2014q1/bin/../lib/gcc/arm-none-eabi/4.8.3/../../../../arm-none-eabi/lib/armv7-m/libg.a(lib_a-memcpy.o)
                0x00000000000849a4                memcpy
 .text.memmove  0x0000000000084a90       0xcc /home/fabrilov/sloeber/arduinoPlugin/packages/arduino/tools/arm-none-eabi-gcc/4.8.3-2014q1/bin/../lib/gcc/arm-none-eabi/4.8.3/../../../../arm-none-eabi/lib/armv7-m/libg.a(lib_a-memmove.o)
                0x0000000000084a90                memmove
 .text.memset   0x0000000000084b5c       0x94 /home/fabrilov/sloeber/arduinoPlugin/packages/arduino/tools/arm-none-eabi-gcc/4.8.3-2014q1/bin/../lib/gcc/arm-none-eabi/4.8.3/../../../../arm-none-eabi/lib/armv7-m/libg.a(lib_a-memset.o)
                0x0000000000084b5c                memset
 .text.__malloc_lock
                0x0000000000084bf0        0x4 /home/fabrilov/sloeber/arduinoPlugin/packages/arduino/tools/arm-none-eabi-gcc/4.8.3-2014q1/bin/../lib/gcc/arm-none-eabi/4.8.3/../../../../arm-none-eabi/lib/armv7-m/libg.a(lib_a-mlock.o)
                0x0000000000084bf0                __malloc_lock
 .text.__malloc_unlock
                0x0000000000084bf4        0x4 /home/fabrilov/sloeber/arduinoPlugin/packages/arduino/tools/arm-none-eabi-gcc/4.8.3-2014q1/bin/../lib/gcc/arm-none-eabi/4.8.3/../../../../arm-none-eabi/lib/armv7-m/libg.a(lib_a-mlock.o)
                0x0000000000084bf4                __malloc_unlock
 .text.srand    0x0000000000084bf8       0x10 /home/fabrilov/sloeber/arduinoPlugin/packages/arduino/tools/arm-none-eabi-gcc/4.8.3-2014q1/bin/../lib/gcc/arm-none-eabi/4.8.3/../../../../arm-none-eabi/lib/armv7-m/libg.a(lib_a-rand.o)
                0x0000000000084bf8                srand
 .text.rand     0x0000000000084c08       0x40 /home/fabrilov/sloeber/arduinoPlugin/packages/arduino/tools/arm-none-eabi-gcc/4.8.3-2014q1/bin/../lib/gcc/arm-none-eabi/4.8.3/../../../../arm-none-eabi/lib/armv7-m/libg.a(lib_a-rand.o)
                0x0000000000084c08                rand
 .text.realloc  0x0000000000084c48       0x10 /home/fabrilov/sloeber/arduinoPlugin/packages/arduino/tools/arm-none-eabi-gcc/4.8.3-2014q1/bin/../lib/gcc/arm-none-eabi/4.8.3/../../../../arm-none-eabi/lib/armv7-m/libg.a(lib_a-realloc.o)
                0x0000000000084c48                realloc
 .text._realloc_r
                0x0000000000084c58      0x3c0 /home/fabrilov/sloeber/arduinoPlugin/packages/arduino/tools/arm-none-eabi-gcc/4.8.3-2014q1/bin/../lib/gcc/arm-none-eabi/4.8.3/../../../../arm-none-eabi/lib/armv7-m/libg.a(lib_a-reallocr.o)
                0x0000000000084c58                _realloc_r
 .text._sbrk_r  0x0000000000085018       0x24 /home/fabrilov/sloeber/arduinoPlugin/packages/arduino/tools/arm-none-eabi-gcc/4.8.3-2014q1/bin/../lib/gcc/arm-none-eabi/4.8.3/../../../../arm-none-eabi/lib/armv7-m/libg.a(lib_a-sbrkr.o)
                0x0000000000085018                _sbrk_r
 .text.strchr   0x000000000008503c       0xf4 /home/fabrilov/sloeber/arduinoPlugin/packages/arduino/tools/arm-none-eabi-gcc/4.8.3-2014q1/bin/../lib/gcc/arm-none-eabi/4.8.3/../../../../arm-none-eabi/lib/armv7-m/libg.a(lib_a-strchr.o)
                0x000000000008503c                strchr
 .text          0x0000000000085130      0x23c /home/fabrilov/sloeber/arduinoPlugin/packages/arduino/tools/arm-none-eabi-gcc/4.8.3-2014q1/bin/../lib/gcc/arm-none-eabi/4.8.3/../../../../arm-none-eabi/lib/armv7-m/libg.a(lib_a-strcmp.o)
                0x0000000000085130                strcmp
 .text.strcpy   0x000000000008536c       0xbc /home/fabrilov/sloeber/arduinoPlugin/packages/arduino/tools/arm-none-eabi-gcc/4.8.3-2014q1/bin/../lib/gcc/arm-none-eabi/4.8.3/../../../../arm-none-eabi/lib/armv7-m/libg.a(lib_a-strcpy.o)
                0x000000000008536c                strcpy
 .text.strlen   0x0000000000085428       0x60 /home/fabrilov/sloeber/arduinoPlugin/packages/arduino/tools/arm-none-eabi-gcc/4.8.3-2014q1/bin/../lib/gcc/arm-none-eabi/4.8.3/../../../../arm-none-eabi/lib/armv7-m/libg.a(lib_a-strlen.o)
                0x0000000000085428                strlen
 .text.strncpy  0x0000000000085488       0x64 /home/fabrilov/sloeber/arduinoPlugin/packages/arduino/tools/arm-none-eabi-gcc/4.8.3-2014q1/bin/../lib/gcc/arm-none-eabi/4.8.3/../../../../arm-none-eabi/lib/armv7-m/libg.a(lib_a-strncpy.o)
                0x0000000000085488                strncpy
 .text.critical_factorization
                0x00000000000854ec       0xbc /home/fabrilov/sloeber/arduinoPlugin/packages/arduino/tools/arm-none-eabi-gcc/4.8.3-2014q1/bin/../lib/gcc/arm-none-eabi/4.8.3/../../../../arm-none-eabi/lib/armv7-m/libg.a(lib_a-strstr.o)
 .text.two_way_long_needle
                0x00000000000855a8      0x1ec /home/fabrilov/sloeber/arduinoPlugin/packages/arduino/tools/arm-none-eabi-gcc/4.8.3-2014q1/bin/../lib/gcc/arm-none-eabi/4.8.3/../../../../arm-none-eabi/lib/armv7-m/libg.a(lib_a-strstr.o)
 .text.strstr   0x0000000000085794      0x200 /home/fabrilov/sloeber/arduinoPlugin/packages/arduino/tools/arm-none-eabi-gcc/4.8.3-2014q1/bin/../lib/gcc/arm-none-eabi/4.8.3/../../../../arm-none-eabi/lib/armv7-m/libg.a(lib_a-strstr.o)
                0x0000000000085794                strstr
 .text._strtol_r
                0x0000000000085994      0x114 /home/fabrilov/sloeber/arduinoPlugin/packages/arduino/tools/arm-none-eabi-gcc/4.8.3-2014q1/bin/../lib/gcc/arm-none-eabi/4.8.3/../../../../arm-none-eabi/lib/armv7-m/libg.a(lib_a-strtol.o)
                0x0000000000085994                _strtol_r
 .text.strtol   0x0000000000085aa8       0x18 /home/fabrilov/sloeber/arduinoPlugin/packages/arduino/tools/arm-none-eabi-gcc/4.8.3-2014q1/bin/../lib/gcc/arm-none-eabi/4.8.3/../../../../arm-none-eabi/lib/armv7-m/libg.a(lib_a-strtol.o)
                0x0000000000085aa8                strtol
 .text.kill     0x0000000000085ac0       0x10 /home/fabrilov/sloeber/arduinoPlugin/packages/arduino/tools/arm-none-eabi-gcc/4.8.3-2014q1/bin/../lib/gcc/arm-none-eabi/4.8.3/../../../../arm-none-eabi/lib/armv7-m/libg.a(lib_a-syskill.o)
                0x0000000000085ac0                kill
 .text.__sprint_r.part.0
                0x0000000000085ad0       0x78 /home/fabrilov/sloeber/arduinoPlugin/packages/arduino/tools/arm-none-eabi-gcc/4.8.3-2014q1/bin/../lib/gcc/arm-none-eabi/4.8.3/../../../../arm-none-eabi/lib/armv7-m/libg.a(lib_a-vfiprintf.o)
 .text._vfiprintf_r
                0x0000000000085b48      0xc54 /home/fabrilov/sloeber/arduinoPlugin/packages/arduino/tools/arm-none-eabi-gcc/4.8.3-2014q1/bin/../lib/gcc/arm-none-eabi/4.8.3/../../../../arm-none-eabi/lib/armv7-m/libg.a(lib_a-vfiprintf.o)
                0x0000000000085b48                _vfiprintf_r
 .text.__sbprintf
                0x000000000008679c       0x7c /home/fabrilov/sloeber/arduinoPlugin/packages/arduino/tools/arm-none-eabi-gcc/4.8.3-2014q1/bin/../lib/gcc/arm-none-eabi/4.8.3/../../../../arm-none-eabi/lib/armv7-m/libg.a(lib_a-vfiprintf.o)
 .text.__swsetup_r
                0x0000000000086818       0xc4 /home/fabrilov/sloeber/arduinoPlugin/packages/arduino/tools/arm-none-eabi-gcc/4.8.3-2014q1/bin/../lib/gcc/arm-none-eabi/4.8.3/../../../../arm-none-eabi/lib/armv7-m/libg.a(lib_a-wsetup.o)
                0x0000000000086818                __swsetup_r
 .text.__register_exitproc
                0x00000000000868dc       0xa8 /home/fabrilov/sloeber/arduinoPlugin/packages/arduino/tools/arm-none-eabi-gcc/4.8.3-2014q1/bin/../lib/gcc/arm-none-eabi/4.8.3/../../../../arm-none-eabi/lib/armv7-m/libg.a(lib_a-__atexit.o)
                0x00000000000868dc                __register_exitproc
 .text.startup.register_fini
                0x0000000000086984       0x14 /home/fabrilov/sloeber/arduinoPlugin/packages/arduino/tools/arm-none-eabi-gcc/4.8.3-2014q1/bin/../lib/gcc/arm-none-eabi/4.8.3/../../../../arm-none-eabi/lib/armv7-m/libg.a(lib_a-__call_atexit.o)
 .text.atexit   0x0000000000086998        0xc /home/fabrilov/sloeber/arduinoPlugin/packages/arduino/tools/arm-none-eabi-gcc/4.8.3-2014q1/bin/../lib/gcc/arm-none-eabi/4.8.3/../../../../arm-none-eabi/lib/armv7-m/libg.a(lib_a-atexit.o)
                0x0000000000086998                atexit
 .text.__sflush_r
                0x00000000000869a4      0x148 /home/fabrilov/sloeber/arduinoPlugin/packages/arduino/tools/arm-none-eabi-gcc/4.8.3-2014q1/bin/../lib/gcc/arm-none-eabi/4.8.3/../../../../arm-none-eabi/lib/armv7-m/libg.a(lib_a-fflush.o)
                0x00000000000869a4                __sflush_r
 .text._fflush_r
                0x0000000000086aec       0x2c /home/fabrilov/sloeber/arduinoPlugin/packages/arduino/tools/arm-none-eabi-gcc/4.8.3-2014q1/bin/../lib/gcc/arm-none-eabi/4.8.3/../../../../arm-none-eabi/lib/armv7-m/libg.a(lib_a-fflush.o)
                0x0000000000086aec                _fflush_r
 .text._cleanup_r
                0x0000000000086b18        0xc /home/fabrilov/sloeber/arduinoPlugin/packages/arduino/tools/arm-none-eabi-gcc/4.8.3-2014q1/bin/../lib/gcc/arm-none-eabi/4.8.3/../../../../arm-none-eabi/lib/armv7-m/libg.a(lib_a-findfp.o)
                0x0000000000086b18                _cleanup_r
 .text.__sinit  0x0000000000086b24       0xf4 /home/fabrilov/sloeber/arduinoPlugin/packages/arduino/tools/arm-none-eabi-gcc/4.8.3-2014q1/bin/../lib/gcc/arm-none-eabi/4.8.3/../../../../arm-none-eabi/lib/armv7-m/libg.a(lib_a-findfp.o)
                0x0000000000086b24                __sinit
 .text.__sfp_lock_acquire
                0x0000000000086c18        0x4 /home/fabrilov/sloeber/arduinoPlugin/packages/arduino/tools/arm-none-eabi-gcc/4.8.3-2014q1/bin/../lib/gcc/arm-none-eabi/4.8.3/../../../../arm-none-eabi/lib/armv7-m/libg.a(lib_a-findfp.o)
                0x0000000000086c18                __sfp_lock_acquire
 .text.__sfp_lock_release
                0x0000000000086c1c        0x4 /home/fabrilov/sloeber/arduinoPlugin/packages/arduino/tools/arm-none-eabi-gcc/4.8.3-2014q1/bin/../lib/gcc/arm-none-eabi/4.8.3/../../../../arm-none-eabi/lib/armv7-m/libg.a(lib_a-findfp.o)
                0x0000000000086c1c                __sfp_lock_release
 .text.__libc_fini_array
                0x0000000000086c20       0x30 /home/fabrilov/sloeber/arduinoPlugin/packages/arduino/tools/arm-none-eabi-gcc/4.8.3-2014q1/bin/../lib/gcc/arm-none-eabi/4.8.3/../../../../arm-none-eabi/lib/armv7-m/libg.a(lib_a-fini.o)
                0x0000000000086c20                __libc_fini_array
 .text._fputwc_r
                0x0000000000086c50       0xc0 /home/fabrilov/sloeber/arduinoPlugin/packages/arduino/tools/arm-none-eabi-gcc/4.8.3-2014q1/bin/../lib/gcc/arm-none-eabi/4.8.3/../../../../arm-none-eabi/lib/armv7-m/libg.a(lib_a-fputwc.o)
                0x0000000000086c50                _fputwc_r
 .text._malloc_trim_r
                0x0000000000086d10       0x9c /home/fabrilov/sloeber/arduinoPlugin/packages/arduino/tools/arm-none-eabi-gcc/4.8.3-2014q1/bin/../lib/gcc/arm-none-eabi/4.8.3/../../../../arm-none-eabi/lib/armv7-m/libg.a(lib_a-freer.o)
                0x0000000000086d10                _malloc_trim_r
 .text._free_r  0x0000000000086dac      0x198 /home/fabrilov/sloeber/arduinoPlugin/packages/arduino/tools/arm-none-eabi-gcc/4.8.3-2014q1/bin/../lib/gcc/arm-none-eabi/4.8.3/../../../../arm-none-eabi/lib/armv7-m/libg.a(lib_a-freer.o)
                0x0000000000086dac                _free_r
 .text.__sfvwrite_r
                0x0000000000086f44      0x314 /home/fabrilov/sloeber/arduinoPlugin/packages/arduino/tools/arm-none-eabi-gcc/4.8.3-2014q1/bin/../lib/gcc/arm-none-eabi/4.8.3/../../../../arm-none-eabi/lib/armv7-m/libg.a(lib_a-fvwrite.o)
                0x0000000000086f44                __sfvwrite_r
 .text._fwalk   0x0000000000087258       0x48 /home/fabrilov/sloeber/arduinoPlugin/packages/arduino/tools/arm-none-eabi-gcc/4.8.3-2014q1/bin/../lib/gcc/arm-none-eabi/4.8.3/../../../../arm-none-eabi/lib/armv7-m/libg.a(lib_a-fwalk.o)
                0x0000000000087258                _fwalk
 .text.__locale_charset
                0x00000000000872a0        0x8 /home/fabrilov/sloeber/arduinoPlugin/packages/arduino/tools/arm-none-eabi-gcc/4.8.3-2014q1/bin/../lib/gcc/arm-none-eabi/4.8.3/../../../../arm-none-eabi/lib/armv7-m/libg.a(lib_a-locale.o)
                0x00000000000872a0                __locale_charset
 .text.__locale_mb_cur_max
                0x00000000000872a8        0xc /home/fabrilov/sloeber/arduinoPlugin/packages/arduino/tools/arm-none-eabi-gcc/4.8.3-2014q1/bin/../lib/gcc/arm-none-eabi/4.8.3/../../../../arm-none-eabi/lib/armv7-m/libg.a(lib_a-locale.o)
                0x00000000000872a8                __locale_mb_cur_max
 .text.__smakebuf_r
                0x00000000000872b4       0xe0 /home/fabrilov/sloeber/arduinoPlugin/packages/arduino/tools/arm-none-eabi-gcc/4.8.3-2014q1/bin/../lib/gcc/arm-none-eabi/4.8.3/../../../../arm-none-eabi/lib/armv7-m/libg.a(lib_a-makebuf.o)
                0x00000000000872b4                __smakebuf_r
 .text.memchr   0x0000000000087394       0x94 /home/fabrilov/sloeber/arduinoPlugin/packages/arduino/tools/arm-none-eabi-gcc/4.8.3-2014q1/bin/../lib/gcc/arm-none-eabi/4.8.3/../../../../arm-none-eabi/lib/armv7-m/libg.a(lib_a-memchr-stub.o)
                0x0000000000087394                memchr
 .text.memcmp   0x0000000000087428       0x68 /home/fabrilov/sloeber/arduinoPlugin/packages/arduino/tools/arm-none-eabi-gcc/4.8.3-2014q1/bin/../lib/gcc/arm-none-eabi/4.8.3/../../../../arm-none-eabi/lib/armv7-m/libg.a(lib_a-memcmp.o)
                0x0000000000087428                memcmp
 .text._kill_r  0x0000000000087490       0x28 /home/fabrilov/sloeber/arduinoPlugin/packages/arduino/tools/arm-none-eabi-gcc/4.8.3-2014q1/bin/../lib/gcc/arm-none-eabi/4.8.3/../../../../arm-none-eabi/lib/armv7-m/libg.a(lib_a-signalr.o)
                0x0000000000087490                _kill_r
 .text.__sread  0x00000000000874b8       0x24 /home/fabrilov/sloeber/arduinoPlugin/packages/arduino/tools/arm-none-eabi-gcc/4.8.3-2014q1/bin/../lib/gcc/arm-none-eabi/4.8.3/../../../../arm-none-eabi/lib/armv7-m/libg.a(lib_a-stdio.o)
                0x00000000000874b8                __sread
 .text.__swrite
                0x00000000000874dc       0x38 /home/fabrilov/sloeber/arduinoPlugin/packages/arduino/tools/arm-none-eabi-gcc/4.8.3-2014q1/bin/../lib/gcc/arm-none-eabi/4.8.3/../../../../arm-none-eabi/lib/armv7-m/libg.a(lib_a-stdio.o)
                0x00000000000874dc                __swrite
 .text.__sseek  0x0000000000087514       0x20 /home/fabrilov/sloeber/arduinoPlugin/packages/arduino/tools/arm-none-eabi-gcc/4.8.3-2014q1/bin/../lib/gcc/arm-none-eabi/4.8.3/../../../../arm-none-eabi/lib/armv7-m/libg.a(lib_a-stdio.o)
                0x0000000000087514                __sseek
 .text.__sclose
                0x0000000000087534        0x8 /home/fabrilov/sloeber/arduinoPlugin/packages/arduino/tools/arm-none-eabi-gcc/4.8.3-2014q1/bin/../lib/gcc/arm-none-eabi/4.8.3/../../../../arm-none-eabi/lib/armv7-m/libg.a(lib_a-stdio.o)
                0x0000000000087534                __sclose
 .text.__swbuf_r
                0x000000000008753c       0xa8 /home/fabrilov/sloeber/arduinoPlugin/packages/arduino/tools/arm-none-eabi-gcc/4.8.3-2014q1/bin/../lib/gcc/arm-none-eabi/4.8.3/../../../../arm-none-eabi/lib/armv7-m/libg.a(lib_a-wbuf.o)
                0x000000000008753c                __swbuf_r
 .text._wcrtomb_r
                0x00000000000875e4       0x50 /home/fabrilov/sloeber/arduinoPlugin/packages/arduino/tools/arm-none-eabi-gcc/4.8.3-2014q1/bin/../lib/gcc/arm-none-eabi/4.8.3/../../../../arm-none-eabi/lib/armv7-m/libg.a(lib_a-wcrtomb.o)
                0x00000000000875e4                _wcrtomb_r
 .text.__ascii_wctomb
                0x0000000000087634       0x1c /home/fabrilov/sloeber/arduinoPlugin/packages/arduino/tools/arm-none-eabi-gcc/4.8.3-2014q1/bin/../lib/gcc/arm-none-eabi/4.8.3/../../../../arm-none-eabi/lib/armv7-m/libg.a(lib_a-wctomb_r.o)
                0x0000000000087634                __ascii_wctomb
 .text._write_r
                0x0000000000087650       0x28 /home/fabrilov/sloeber/arduinoPlugin/packages/arduino/tools/arm-none-eabi-gcc/4.8.3-2014q1/bin/../lib/gcc/arm-none-eabi/4.8.3/../../../../arm-none-eabi/lib/armv7-m/libg.a(lib_a-writer.o)
                0x0000000000087650                _write_r
 .text._close_r
                0x0000000000087678       0x24 /home/fabrilov/sloeber/arduinoPlugin/packages/arduino/tools/arm-none-eabi-gcc/4.8.3-2014q1/bin/../lib/gcc/arm-none-eabi/4.8.3/../../../../arm-none-eabi/lib/armv7-m/libg.a(lib_a-closer.o)
                0x0000000000087678                _close_r
 .text._fclose_r
                0x000000000008769c       0x80 /home/fabrilov/sloeber/arduinoPlugin/packages/arduino/tools/arm-none-eabi-gcc/4.8.3-2014q1/bin/../lib/gcc/arm-none-eabi/4.8.3/../../../../arm-none-eabi/lib/armv7-m/libg.a(lib_a-fclose.o)
                0x000000000008769c                _fclose_r
 .text.fclose   0x000000000008771c       0x10 /home/fabrilov/sloeber/arduinoPlugin/packages/arduino/tools/arm-none-eabi-gcc/4.8.3-2014q1/bin/../lib/gcc/arm-none-eabi/4.8.3/../../../../arm-none-eabi/lib/armv7-m/libg.a(lib_a-fclose.o)
                0x000000000008771c                fclose
 .text._fstat_r
                0x000000000008772c       0x28 /home/fabrilov/sloeber/arduinoPlugin/packages/arduino/tools/arm-none-eabi-gcc/4.8.3-2014q1/bin/../lib/gcc/arm-none-eabi/4.8.3/../../../../arm-none-eabi/lib/armv7-m/libg.a(lib_a-fstatr.o)
                0x000000000008772c                _fstat_r
 .text._isatty_r
                0x0000000000087754       0x24 /home/fabrilov/sloeber/arduinoPlugin/packages/arduino/tools/arm-none-eabi-gcc/4.8.3-2014q1/bin/../lib/gcc/arm-none-eabi/4.8.3/../../../../arm-none-eabi/lib/armv7-m/libg.a(lib_a-isattyr.o)
                0x0000000000087754                _isatty_r
 .text._lseek_r
                0x0000000000087778       0x28 /home/fabrilov/sloeber/arduinoPlugin/packages/arduino/tools/arm-none-eabi-gcc/4.8.3-2014q1/bin/../lib/gcc/arm-none-eabi/4.8.3/../../../../arm-none-eabi/lib/armv7-m/libg.a(lib_a-lseekr.o)
                0x0000000000087778                _lseek_r
 .text._read_r  0x00000000000877a0       0x28 /home/fabrilov/sloeber/arduinoPlugin/packages/arduino/tools/arm-none-eabi-gcc/4.8.3-2014q1/bin/../lib/gcc/arm-none-eabi/4.8.3/../../../../arm-none-eabi/lib/armv7-m/libg.a(lib_a-readr.o)
                0x00000000000877a0                _read_r
 .text          0x00000000000877c8       0x2c /home/fabrilov/sloeber/arduinoPlugin/packages/arduino/tools/arm-none-eabi-gcc/4.8.3-2014q1/bin/../lib/gcc/arm-none-eabi/4.8.3/armv7-m/libgcc.a(_aeabi_uldivmod.o)
                0x00000000000877c8                __aeabi_uldivmod
 .text          0x00000000000877f4       0x60 /home/fabrilov/sloeber/arduinoPlugin/packages/arduino/tools/arm-none-eabi-gcc/4.8.3-2014q1/bin/../lib/gcc/arm-none-eabi/4.8.3/armv7-m/libgcc.a(bpabi.o)
                0x00000000000877f4                __gnu_ldivmod_helper
                0x0000000000087824                __gnu_uldivmod_helper
 .text          0x0000000000087854        0x4 /home/fabrilov/sloeber/arduinoPlugin/packages/arduino/tools/arm-none-eabi-gcc/4.8.3-2014q1/bin/../lib/gcc/arm-none-eabi/4.8.3/armv7-m/libgcc.a(_dvmd_tls.o)
                0x0000000000087854                __aeabi_ldiv0
                0x0000000000087854                __aeabi_idiv0
 .text          0x0000000000087858      0x2a0 /home/fabrilov/sloeber/arduinoPlugin/packages/arduino/tools/arm-none-eabi-gcc/4.8.3-2014q1/bin/../lib/gcc/arm-none-eabi/4.8.3/armv7-m/libgcc.a(_divdi3.o)
                0x0000000000087858                __divdi3
 .text          0x0000000000087af8      0x290 /home/fabrilov/sloeber/arduinoPlugin/packages/arduino/tools/arm-none-eabi-gcc/4.8.3-2014q1/bin/../lib/gcc/arm-none-eabi/4.8.3/armv7-m/libgcc.a(_udivdi3.o)
                0x0000000000087af8                __udivdi3
 *(.glue_7t)
 .glue_7t       0x0000000000000000        0x0 linker stubs
 *(.glue_7)
 .glue_7        0x0000000000000000        0x0 linker stubs
 *(.rodata .rodata* .gnu.linkonce.r.*)
 .rodata._ZTV3Dum
                0x0000000000087d88       0x20 ./Dum.cpp.o
                0x0000000000087d88                vtable for Dum
 .rodata.str1.1
                0x0000000000087da8       0x67 ./Dum.cpp.o
                                         0x6a (size before relaxing)
 .rodata        0x0000000000087e0f        0xa ./NewBridge.cpp.o
 *fill*         0x0000000000087e19        0x7 
 .rodata._ZTV12ConsoleClass
                0x0000000000087e20       0x28 ./NewBridge.cpp.o
                0x0000000000087e20                vtable for ConsoleClass
 .rodata.str1.1
                0x0000000000087e48       0x39 ./NewBridge.cpp.o
                                         0x3a (size before relaxing)
 *fill*         0x0000000000087e81        0x7 
 .rodata._ZTV7Process
                0x0000000000087e88       0x28 ./NewBridge.cpp.o
                0x0000000000087e88                vtable for Process
 .rodata._ZTV4File